------------------------------------------------------------
Timing Analyzer Summary
------------------------------------------------------------

Type  : Slow Model Setup 'PI_CLK'
Slack : -1.397
TNS   : -12.782

Type  : Slow Model Hold 'PI_CLK'
Slack : 1.238
TNS   : 0.000

Type  : Slow Model Minimum Pulse Width 'PI_CLK'
Slack : 1.711
TNS   : 0.000

Type  : Slow Model Minimum Pulse Width 'M68K_CLK'
Slack : 137.711
TNS   : 0.000

Type  : Slow Model Minimum Pulse Width 'M68K_C1'
Slack : 278.711
TNS   : 0.000

Type  : Slow Model Minimum Pulse Width 'M68K_C3'
Slack : 278.711
TNS   : 0.000

Type  : Fast Model Setup 'PI_CLK'
Slack : 0.131
TNS   : 0.000

Type  : Fast Model Hold 'PI_CLK'
Slack : 0.284
TNS   : 0.000

Type  : Fast Model Minimum Pulse Width 'PI_CLK'
Slack : 1.711
TNS   : 0.000

Type  : Fast Model Minimum Pulse Width 'M68K_CLK'
Slack : 137.711
TNS   : 0.000

Type  : Fast Model Minimum Pulse Width 'M68K_C1'
Slack : 278.711
TNS   : 0.000

Type  : Fast Model Minimum Pulse Width 'M68K_C3'
Slack : 278.711
TNS   : 0.000

------------------------------------------------------------
