Timing Analyzer report for pistorm_fc
Tue Feb 24 00:48:42 2026
Quartus Prime Version 25.1std.0 Build 1129 10/21/2025 SC Lite Edition


---------------------
; Table of Contents ;
---------------------
  1. Legal Notice
  2. Timing Analyzer Summary
  3. Parallel Compilation
  4. SDC File List
  5. Clocks
  6. Slow Model Fmax Summary
  7. Slow Model Setup Summary
  8. Slow Model Hold Summary
  9. Slow Model Recovery Summary
 10. Slow Model Removal Summary
 11. Slow Model Minimum Pulse Width Summary
 12. Slow Model Setup: 'PI_CLK'
 13. Slow Model Hold: 'PI_CLK'
 14. Fast Model Setup Summary
 15. Fast Model Hold Summary
 16. Fast Model Recovery Summary
 17. Fast Model Removal Summary
 18. Fast Model Minimum Pulse Width Summary
 19. Fast Model Setup: 'PI_CLK'
 20. Fast Model Hold: 'PI_CLK'
 21. Multicorner Timing Analysis Summary
 22. Setup Transfers
 23. Hold Transfers
 24. Report TCCS
 25. Report RSKM
 26. Unconstrained Paths Summary
 27. Clock Status Summary
 28. Unconstrained Input Ports
 29. Unconstrained Output Ports
 30. Unconstrained Input Ports
 31. Unconstrained Output Ports
 32. Timing Analyzer Messages



----------------
; Legal Notice ;
----------------
Copyright (C) 2025  Altera Corporation. All rights reserved.
Your use of Altera Corporation's design tools, logic functions 
and other software and tools, and any partner logic 
functions, and any output files from any of the foregoing 
(including device programming or simulation files), and any 
associated documentation or information are expressly subject 
to the terms and conditions of the Altera Program License 
Subscription Agreement, the Altera Quartus Prime License Agreement,
the Altera IP License Agreement, or other applicable license
agreement, including, without limitation, that your use is for
the sole purpose of programming logic devices manufactured by
Altera and sold by Altera or its authorized distributors.  Please
refer to the Altera Software License Subscription Agreements 
on the Quartus Prime software download page.



+---------------------------------------------------------------------------------+
; Timing Analyzer Summary                                                         ;
+-----------------------+---------------------------------------------------------+
; Quartus Prime Version ; Version 25.1std.0 Build 1129 10/21/2025 SC Lite Edition ;
; Timing Analyzer       ; Legacy Timing Analyzer                                  ;
; Revision Name         ; pistorm_fc                                              ;
; Device Family         ; MAX II                                                  ;
; Device Name           ; EPM240T100C5                                            ;
; Timing Models         ; Final                                                   ;
; Delay Model           ; Combined                                                ;
; Rise/Fall Delays      ; Unavailable                                             ;
+-----------------------+---------------------------------------------------------+


+------------------------------------------+
; Parallel Compilation                     ;
+----------------------------+-------------+
; Processors                 ; Number      ;
+----------------------------+-------------+
; Number detected on machine ; 32          ;
; Maximum allowed            ; 16          ;
;                            ;             ;
; Average used               ; 1.00        ;
; Maximum used               ; 1           ;
;                            ;             ;
; Usage by Processor         ; % Time Used ;
;     Processor 1            ; 100.0%      ;
+----------------------------+-------------+


+----------------------------------------------------+
; SDC File List                                      ;
+----------------+--------+--------------------------+
; SDC File Path  ; Status ; Read at                  ;
+----------------+--------+--------------------------+
; pistorm_fc.sdc ; OK     ; Tue Feb 24 00:48:42 2026 ;
+----------------+--------+--------------------------+


+----------------------------------------------------------------------------------------------------------------------------------------------------------------------------------------+
; Clocks                                                                                                                                                                                 ;
+------------+------+---------+-----------+-------+---------+------------+-----------+-------------+-------+--------+-----------+------------+----------+--------+--------+--------------+
; Clock Name ; Type ; Period  ; Frequency ; Rise  ; Fall    ; Duty Cycle ; Divide by ; Multiply by ; Phase ; Offset ; Edge List ; Edge Shift ; Inverted ; Master ; Source ; Targets      ;
+------------+------+---------+-----------+-------+---------+------------+-----------+-------------+-------+--------+-----------+------------+----------+--------+--------+--------------+
; M68K_C1    ; Base ; 282.000 ; 3.55 MHz  ; 0.000 ; 141.000 ;            ;           ;             ;       ;        ;           ;            ;          ;        ;        ; { M68K_C1 }  ;
; M68K_C3    ; Base ; 282.000 ; 3.55 MHz  ; 0.000 ; 141.000 ;            ;           ;             ;       ;        ;           ;            ;          ;        ;        ; { M68K_C3 }  ;
; M68K_CLK   ; Base ; 141.000 ; 7.09 MHz  ; 0.000 ; 70.500  ;            ;           ;             ;       ;        ;           ;            ;          ;        ;        ; { M68K_CLK } ;
; PI_CLK     ; Base ; 7.716   ; 129.6 MHz ; 0.000 ; 3.858   ;            ;           ;             ;       ;        ;           ;            ;          ;        ;        ; { PI_CLK }   ;
+------------+------+---------+-----------+-------+---------+------------+-----------+-------------+-------+--------+-----------+------------+----------+--------+--------+--------------+


+--------------------------------------------------+
; Slow Model Fmax Summary                          ;
+------------+-----------------+------------+------+
; Fmax       ; Restricted Fmax ; Clock Name ; Note ;
+------------+-----------------+------------+------+
; 128.25 MHz ; 128.25 MHz      ; PI_CLK     ;      ;
+------------+-----------------+------------+------+
This panel reports FMAX for every clock in the design, regardless of the user-specified clock periods.  FMAX is only computed for paths where the source and destination registers or ports are driven by the same clock.  Paths of different clocks, including generated clocks, are ignored.  For paths between a clock and its inversion, FMAX is computed as if the rising and falling edges are scaled along with FMAX, such that the duty cycle (in terms of a percentage) is maintained. Altera recommends that you always use clock constraints and other slack reports for sign-off analysis.


+---------------------------------+
; Slow Model Setup Summary        ;
+--------+--------+---------------+
; Clock  ; Slack  ; End Point TNS ;
+--------+--------+---------------+
; PI_CLK ; -0.081 ; -0.162        ;
+--------+--------+---------------+


+--------------------------------+
; Slow Model Hold Summary        ;
+--------+-------+---------------+
; Clock  ; Slack ; End Point TNS ;
+--------+-------+---------------+
; PI_CLK ; 1.078 ; 0.000         ;
+--------+-------+---------------+


-------------------------------
; Slow Model Recovery Summary ;
-------------------------------
No paths to report.


------------------------------
; Slow Model Removal Summary ;
------------------------------
No paths to report.


+----------------------------------------+
; Slow Model Minimum Pulse Width Summary ;
+----------+---------+-------------------+
; Clock    ; Slack   ; End Point TNS     ;
+----------+---------+-------------------+
; PI_CLK   ; 3.592   ; 0.000             ;
; M68K_CLK ; 137.711 ; 0.000             ;
; M68K_C1  ; 278.711 ; 0.000             ;
; M68K_C3  ; 278.711 ; 0.000             ;
+----------+---------+-------------------+


+-------------------------------------------------------------------------------------------------------------------------------+
; Slow Model Setup: 'PI_CLK'                                                                                                    ;
+--------+------------------+-----------------------------+--------------+-------------+--------------+------------+------------+
; Slack  ; From Node        ; To Node                     ; Launch Clock ; Latch Clock ; Relationship ; Clock Skew ; Data Delay ;
+--------+------------------+-----------------------------+--------------+-------------+--------------+------------+------------+
; -0.081 ; c7m_sync[2]      ; PI_TXN_IN_PROGRESS_delay[2] ; PI_CLK       ; PI_CLK      ; 7.716        ; 0.000      ; 7.464      ;
; -0.081 ; c7m_sync[2]      ; PI_TXN_IN_PROGRESS_delay[1] ; PI_CLK       ; PI_CLK      ; 7.716        ; 0.000      ; 7.464      ;
; 0.087  ; c7m_sync[2]      ; state.010                   ; PI_CLK       ; PI_CLK      ; 7.716        ; 0.000      ; 7.296      ;
; 0.106  ; c7m_sync[1]      ; PI_TXN_IN_PROGRESS_delay[2] ; PI_CLK       ; PI_CLK      ; 7.716        ; 0.000      ; 7.277      ;
; 0.106  ; c7m_sync[1]      ; PI_TXN_IN_PROGRESS_delay[1] ; PI_CLK       ; PI_CLK      ; 7.716        ; 0.000      ; 7.277      ;
; 0.227  ; M68K_VMA_n~reg0  ; PI_TXN_IN_PROGRESS_delay[2] ; PI_CLK       ; PI_CLK      ; 7.716        ; 0.000      ; 7.156      ;
; 0.227  ; M68K_VMA_n~reg0  ; PI_TXN_IN_PROGRESS_delay[1] ; PI_CLK       ; PI_CLK      ; 7.716        ; 0.000      ; 7.156      ;
; 0.267  ; e_counter[1]     ; PI_TXN_IN_PROGRESS_delay[2] ; PI_CLK       ; PI_CLK      ; 7.716        ; 0.000      ; 7.116      ;
; 0.267  ; e_counter[1]     ; PI_TXN_IN_PROGRESS_delay[1] ; PI_CLK       ; PI_CLK      ; 7.716        ; 0.000      ; 7.116      ;
; 0.408  ; M68K_VMA_n~reg0  ; state.010                   ; PI_CLK       ; PI_CLK      ; 7.716        ; 0.000      ; 6.975      ;
; 0.418  ; e_counter[2]     ; PI_TXN_IN_PROGRESS_delay[2] ; PI_CLK       ; PI_CLK      ; 7.716        ; 0.000      ; 6.965      ;
; 0.418  ; e_counter[2]     ; PI_TXN_IN_PROGRESS_delay[1] ; PI_CLK       ; PI_CLK      ; 7.716        ; 0.000      ; 6.965      ;
; 0.448  ; e_counter[1]     ; state.010                   ; PI_CLK       ; PI_CLK      ; 7.716        ; 0.000      ; 6.935      ;
; 0.460  ; state.011        ; state.010                   ; PI_CLK       ; PI_CLK      ; 7.716        ; 0.000      ; 6.923      ;
; 0.503  ; c7m_sync[2]      ; state.110                   ; PI_CLK       ; PI_CLK      ; 7.716        ; 0.000      ; 6.880      ;
; 0.516  ; c7m_sync[1]      ; state.010                   ; PI_CLK       ; PI_CLK      ; 7.716        ; 0.000      ; 6.867      ;
; 0.599  ; e_counter[2]     ; state.010                   ; PI_CLK       ; PI_CLK      ; 7.716        ; 0.000      ; 6.784      ;
; 0.652  ; br_sync[1]       ; state.001                   ; PI_CLK       ; PI_CLK      ; 7.716        ; 0.000      ; 6.731      ;
; 0.768  ; c7m_sync[1]      ; ipl_2[1]                    ; PI_CLK       ; PI_CLK      ; 7.716        ; 0.000      ; 6.615      ;
; 0.768  ; c7m_sync[1]      ; ipl_1[1]                    ; PI_CLK       ; PI_CLK      ; 7.716        ; 0.000      ; 6.615      ;
; 0.768  ; c7m_sync[1]      ; ipl_1[0]                    ; PI_CLK       ; PI_CLK      ; 7.716        ; 0.000      ; 6.615      ;
; 0.768  ; c7m_sync[1]      ; ipl_2[0]                    ; PI_CLK       ; PI_CLK      ; 7.716        ; 0.000      ; 6.615      ;
; 0.768  ; c7m_sync[1]      ; ipl_1[2]                    ; PI_CLK       ; PI_CLK      ; 7.716        ; 0.000      ; 6.615      ;
; 0.768  ; c7m_sync[1]      ; ipl_2[2]                    ; PI_CLK       ; PI_CLK      ; 7.716        ; 0.000      ; 6.615      ;
; 0.784  ; state.011        ; PI_TXN_IN_PROGRESS_delay[2] ; PI_CLK       ; PI_CLK      ; 7.716        ; 0.000      ; 6.599      ;
; 0.784  ; state.011        ; PI_TXN_IN_PROGRESS_delay[1] ; PI_CLK       ; PI_CLK      ; 7.716        ; 0.000      ; 6.599      ;
; 0.824  ; M68K_VMA_n~reg0  ; state.110                   ; PI_CLK       ; PI_CLK      ; 7.716        ; 0.000      ; 6.559      ;
; 0.825  ; M68K_VMA_n~reg0  ; M68K_VMA_n~reg0             ; PI_CLK       ; PI_CLK      ; 7.716        ; 0.000      ; 6.558      ;
; 0.827  ; c7m_sync[1]      ; M68K_E~reg0                 ; PI_CLK       ; PI_CLK      ; 7.716        ; 0.000      ; 6.556      ;
; 0.840  ; c7m_sync[1]      ; e_counter[0]                ; PI_CLK       ; PI_CLK      ; 7.716        ; 0.000      ; 6.543      ;
; 0.840  ; c7m_sync[1]      ; e_counter[1]                ; PI_CLK       ; PI_CLK      ; 7.716        ; 0.000      ; 6.543      ;
; 0.840  ; c7m_sync[1]      ; e_counter[3]                ; PI_CLK       ; PI_CLK      ; 7.716        ; 0.000      ; 6.543      ;
; 0.863  ; br_sync[1]       ; state.010                   ; PI_CLK       ; PI_CLK      ; 7.716        ; 0.000      ; 6.520      ;
; 0.864  ; e_counter[1]     ; state.110                   ; PI_CLK       ; PI_CLK      ; 7.716        ; 0.000      ; 6.519      ;
; 0.865  ; e_counter[1]     ; M68K_VMA_n~reg0             ; PI_CLK       ; PI_CLK      ; 7.716        ; 0.000      ; 6.518      ;
; 0.876  ; state.011        ; state.110                   ; PI_CLK       ; PI_CLK      ; 7.716        ; 0.000      ; 6.507      ;
; 0.876  ; op_req           ; state.010                   ; PI_CLK       ; PI_CLK      ; 7.716        ; 0.000      ; 6.507      ;
; 0.913  ; e_counter[0]     ; PI_TXN_IN_PROGRESS_delay[2] ; PI_CLK       ; PI_CLK      ; 7.716        ; 0.000      ; 6.470      ;
; 0.913  ; e_counter[0]     ; PI_TXN_IN_PROGRESS_delay[1] ; PI_CLK       ; PI_CLK      ; 7.716        ; 0.000      ; 6.470      ;
; 0.932  ; c7m_sync[1]      ; state.110                   ; PI_CLK       ; PI_CLK      ; 7.716        ; 0.000      ; 6.451      ;
; 0.936  ; wr_sync[0]       ; op_req                      ; PI_CLK       ; PI_CLK      ; 7.716        ; 0.000      ; 6.447      ;
; 0.964  ; bus_relinquished ; state.010                   ; PI_CLK       ; PI_CLK      ; 7.716        ; 0.000      ; 6.419      ;
; 0.966  ; c7m_sync[1]      ; M68K_VMA_n~reg0             ; PI_CLK       ; PI_CLK      ; 7.716        ; 0.000      ; 6.417      ;
; 0.987  ; e_counter[3]     ; PI_TXN_IN_PROGRESS_delay[2] ; PI_CLK       ; PI_CLK      ; 7.716        ; 0.000      ; 6.396      ;
; 0.987  ; e_counter[3]     ; PI_TXN_IN_PROGRESS_delay[1] ; PI_CLK       ; PI_CLK      ; 7.716        ; 0.000      ; 6.396      ;
; 1.015  ; e_counter[2]     ; state.110                   ; PI_CLK       ; PI_CLK      ; 7.716        ; 0.000      ; 6.368      ;
; 1.016  ; e_counter[2]     ; M68K_VMA_n~reg0             ; PI_CLK       ; PI_CLK      ; 7.716        ; 0.000      ; 6.367      ;
; 1.077  ; c7m_sync[2]      ; state.001                   ; PI_CLK       ; PI_CLK      ; 7.716        ; 0.000      ; 6.306      ;
; 1.094  ; e_counter[0]     ; state.010                   ; PI_CLK       ; PI_CLK      ; 7.716        ; 0.000      ; 6.289      ;
; 1.098  ; state.011        ; state.001                   ; PI_CLK       ; PI_CLK      ; 7.716        ; 0.000      ; 6.285      ;
; 1.103  ; state.100        ; state.001                   ; PI_CLK       ; PI_CLK      ; 7.716        ; 0.000      ; 6.280      ;
; 1.168  ; e_counter[3]     ; state.010                   ; PI_CLK       ; PI_CLK      ; 7.716        ; 0.000      ; 6.215      ;
; 1.186  ; c7m_sync[1]      ; state.001                   ; PI_CLK       ; PI_CLK      ; 7.716        ; 0.000      ; 6.197      ;
; 1.187  ; c7m_sync[1]      ; e_counter[2]                ; PI_CLK       ; PI_CLK      ; 7.716        ; 0.000      ; 6.196      ;
; 1.189  ; status[2]        ; state.001                   ; PI_CLK       ; PI_CLK      ; 7.716        ; 0.000      ; 6.194      ;
; 1.275  ; M68K_VMA_n~reg0  ; state.001                   ; PI_CLK       ; PI_CLK      ; 7.716        ; 0.000      ; 6.108      ;
; 1.279  ; br_sync[1]       ; state.110                   ; PI_CLK       ; PI_CLK      ; 7.716        ; 0.000      ; 6.104      ;
; 1.292  ; op_req           ; state.110                   ; PI_CLK       ; PI_CLK      ; 7.716        ; 0.000      ; 6.091      ;
; 1.315  ; e_counter[1]     ; state.001                   ; PI_CLK       ; PI_CLK      ; 7.716        ; 0.000      ; 6.068      ;
; 1.337  ; state.101        ; state.010                   ; PI_CLK       ; PI_CLK      ; 7.716        ; 0.000      ; 6.046      ;
; 1.380  ; bus_relinquished ; state.110                   ; PI_CLK       ; PI_CLK      ; 7.716        ; 0.000      ; 6.003      ;
; 1.400  ; status[2]        ; state.010                   ; PI_CLK       ; PI_CLK      ; 7.716        ; 0.000      ; 5.983      ;
; 1.465  ; bus_relinquished ; state.001                   ; PI_CLK       ; PI_CLK      ; 7.716        ; 0.000      ; 5.918      ;
; 1.465  ; wr_sync[1]       ; op_req                      ; PI_CLK       ; PI_CLK      ; 7.716        ; 0.000      ; 5.918      ;
; 1.466  ; e_counter[2]     ; state.001                   ; PI_CLK       ; PI_CLK      ; 7.716        ; 0.000      ; 5.917      ;
; 1.482  ; c7m_sync[1]      ; PI_TXN_IN_PROGRESS~reg0     ; PI_CLK       ; PI_CLK      ; 7.716        ; 0.000      ; 5.901      ;
; 1.510  ; e_counter[0]     ; state.110                   ; PI_CLK       ; PI_CLK      ; 7.716        ; 0.000      ; 5.873      ;
; 1.511  ; e_counter[0]     ; M68K_VMA_n~reg0             ; PI_CLK       ; PI_CLK      ; 7.716        ; 0.000      ; 5.872      ;
; 1.514  ; br_sync[1]       ; M68K_RW~reg0                ; PI_CLK       ; PI_CLK      ; 7.716        ; 0.000      ; 5.869      ;
; 1.555  ; state.110        ; state.001                   ; PI_CLK       ; PI_CLK      ; 7.716        ; 0.000      ; 5.828      ;
; 1.584  ; e_counter[3]     ; state.110                   ; PI_CLK       ; PI_CLK      ; 7.716        ; 0.000      ; 5.799      ;
; 1.585  ; e_counter[3]     ; M68K_VMA_n~reg0             ; PI_CLK       ; PI_CLK      ; 7.716        ; 0.000      ; 5.798      ;
; 1.655  ; wr_sync[0]       ; op_uds_n                    ; PI_CLK       ; PI_CLK      ; 7.716        ; 0.000      ; 5.728      ;
; 1.655  ; wr_sync[0]       ; op_lds_n                    ; PI_CLK       ; PI_CLK      ; 7.716        ; 0.000      ; 5.728      ;
; 1.662  ; state.000        ; state.001                   ; PI_CLK       ; PI_CLK      ; 7.716        ; 0.000      ; 5.721      ;
; 1.665  ; br_sync[1]       ; op_req                      ; PI_CLK       ; PI_CLK      ; 7.716        ; 0.000      ; 5.718      ;
; 1.683  ; state.111        ; state.010                   ; PI_CLK       ; PI_CLK      ; 7.716        ; 0.000      ; 5.700      ;
; 1.717  ; c7m_sync[2]      ; M68K_VMA_n~reg0             ; PI_CLK       ; PI_CLK      ; 7.716        ; 0.000      ; 5.666      ;
; 1.738  ; bgack_sync[1]    ; state.001                   ; PI_CLK       ; PI_CLK      ; 7.716        ; 0.000      ; 5.645      ;
; 1.753  ; state.101        ; state.110                   ; PI_CLK       ; PI_CLK      ; 7.716        ; 0.000      ; 5.630      ;
; 1.755  ; op_req           ; state.001                   ; PI_CLK       ; PI_CLK      ; 7.716        ; 0.000      ; 5.628      ;
; 1.782  ; c7m_sync[2]      ; ipl_2[1]                    ; PI_CLK       ; PI_CLK      ; 7.716        ; 0.000      ; 5.601      ;
; 1.782  ; c7m_sync[2]      ; ipl_1[1]                    ; PI_CLK       ; PI_CLK      ; 7.716        ; 0.000      ; 5.601      ;
; 1.782  ; c7m_sync[2]      ; ipl_1[0]                    ; PI_CLK       ; PI_CLK      ; 7.716        ; 0.000      ; 5.601      ;
; 1.782  ; c7m_sync[2]      ; ipl_2[0]                    ; PI_CLK       ; PI_CLK      ; 7.716        ; 0.000      ; 5.601      ;
; 1.782  ; c7m_sync[2]      ; ipl_1[2]                    ; PI_CLK       ; PI_CLK      ; 7.716        ; 0.000      ; 5.601      ;
; 1.782  ; c7m_sync[2]      ; ipl_2[2]                    ; PI_CLK       ; PI_CLK      ; 7.716        ; 0.000      ; 5.601      ;
; 1.791  ; wr_sync[1]       ; bus_relinquished            ; PI_CLK       ; PI_CLK      ; 7.716        ; 0.000      ; 5.592      ;
; 1.816  ; status[2]        ; state.110                   ; PI_CLK       ; PI_CLK      ; 7.716        ; 0.000      ; 5.567      ;
; 1.841  ; c7m_sync[2]      ; M68K_E~reg0                 ; PI_CLK       ; PI_CLK      ; 7.716        ; 0.000      ; 5.542      ;
; 1.852  ; M68K_VMA_n~reg0  ; state.100                   ; PI_CLK       ; PI_CLK      ; 7.716        ; 0.000      ; 5.531      ;
; 1.854  ; c7m_sync[2]      ; e_counter[0]                ; PI_CLK       ; PI_CLK      ; 7.716        ; 0.000      ; 5.529      ;
; 1.854  ; c7m_sync[2]      ; e_counter[1]                ; PI_CLK       ; PI_CLK      ; 7.716        ; 0.000      ; 5.529      ;
; 1.854  ; c7m_sync[2]      ; e_counter[3]                ; PI_CLK       ; PI_CLK      ; 7.716        ; 0.000      ; 5.529      ;
; 1.892  ; e_counter[1]     ; state.100                   ; PI_CLK       ; PI_CLK      ; 7.716        ; 0.000      ; 5.491      ;
; 1.939  ; M68K_VMA_n~reg0  ; state.011                   ; PI_CLK       ; PI_CLK      ; 7.716        ; 0.000      ; 5.444      ;
; 1.949  ; bgack_sync[1]    ; state.010                   ; PI_CLK       ; PI_CLK      ; 7.716        ; 0.000      ; 5.434      ;
; 1.961  ; e_counter[0]     ; state.001                   ; PI_CLK       ; PI_CLK      ; 7.716        ; 0.000      ; 5.422      ;
; 1.966  ; state.001        ; state.010                   ; PI_CLK       ; PI_CLK      ; 7.716        ; 0.000      ; 5.417      ;
; 1.979  ; e_counter[1]     ; state.011                   ; PI_CLK       ; PI_CLK      ; 7.716        ; 0.000      ; 5.404      ;
+--------+------------------+-----------------------------+--------------+-------------+--------------+------------+------------+


+-----------------------------------------------------------------------------------------------------------------------------------------+
; Slow Model Hold: 'PI_CLK'                                                                                                               ;
+-------+-----------------------------+-----------------------------+--------------+-------------+--------------+------------+------------+
; Slack ; From Node                   ; To Node                     ; Launch Clock ; Latch Clock ; Relationship ; Clock Skew ; Data Delay ;
+-------+-----------------------------+-----------------------------+--------------+-------------+--------------+------------+------------+
; 1.078 ; LTCH_D_WR_OE_n~reg0         ; LTCH_D_WR_OE_n~reg0         ; PI_CLK       ; PI_CLK      ; 0.000        ; 0.000      ; 1.299      ;
; 1.398 ; ipl_1[0]                    ; ipl_2[0]                    ; PI_CLK       ; PI_CLK      ; 0.000        ; 0.000      ; 1.619      ;
; 1.402 ; c7m_sync[0]                 ; c7m_sync[1]                 ; PI_CLK       ; PI_CLK      ; 0.000        ; 0.000      ; 1.623      ;
; 1.404 ; ipl_1[1]                    ; ipl_2[1]                    ; PI_CLK       ; PI_CLK      ; 0.000        ; 0.000      ; 1.625      ;
; 1.417 ; br_sync[0]                  ; br_sync[1]                  ; PI_CLK       ; PI_CLK      ; 0.000        ; 0.000      ; 1.638      ;
; 1.659 ; M68K_E~reg0                 ; M68K_E~reg0                 ; PI_CLK       ; PI_CLK      ; 0.000        ; 0.000      ; 1.880      ;
; 1.667 ; LTCH_D_RD_L~reg0            ; LTCH_D_RD_L~reg0            ; PI_CLK       ; PI_CLK      ; 0.000        ; 0.000      ; 1.888      ;
; 1.675 ; ipl_2[1]                    ; ipl[1]                      ; PI_CLK       ; PI_CLK      ; 0.000        ; 0.000      ; 1.896      ;
; 1.680 ; a0                          ; op_lds_n                    ; PI_CLK       ; PI_CLK      ; 0.000        ; 0.000      ; 1.901      ;
; 1.686 ; a0                          ; op_uds_n                    ; PI_CLK       ; PI_CLK      ; 0.000        ; 0.000      ; 1.907      ;
; 1.694 ; status[2]                   ; bg_n                        ; PI_CLK       ; PI_CLK      ; 0.000        ; 0.000      ; 1.915      ;
; 1.715 ; PI_TXN_IN_PROGRESS_delay[0] ; PI_TXN_IN_PROGRESS_delay[0] ; PI_CLK       ; PI_CLK      ; 0.000        ; 0.000      ; 1.936      ;
; 1.716 ; e_counter[3]                ; e_counter[3]                ; PI_CLK       ; PI_CLK      ; 0.000        ; 0.000      ; 1.937      ;
; 1.718 ; e_counter[3]                ; e_counter[1]                ; PI_CLK       ; PI_CLK      ; 0.000        ; 0.000      ; 1.939      ;
; 1.744 ; state.111                   ; LTCH_A_OE_n~reg0            ; PI_CLK       ; PI_CLK      ; 0.000        ; 0.000      ; 1.965      ;
; 1.750 ; state.111                   ; LTCH_D_WR_OE_n~reg0         ; PI_CLK       ; PI_CLK      ; 0.000        ; 0.000      ; 1.971      ;
; 1.756 ; e_counter[0]                ; e_counter[0]                ; PI_CLK       ; PI_CLK      ; 0.000        ; 0.000      ; 1.977      ;
; 1.759 ; e_counter[0]                ; e_counter[2]                ; PI_CLK       ; PI_CLK      ; 0.000        ; 0.000      ; 1.980      ;
; 1.771 ; ipl_2[0]                    ; ipl[0]                      ; PI_CLK       ; PI_CLK      ; 0.000        ; 0.000      ; 1.992      ;
; 1.812 ; rd_sync[0]                  ; rd_sync[1]                  ; PI_CLK       ; PI_CLK      ; 0.000        ; 0.000      ; 2.033      ;
; 1.913 ; PI_TXN_IN_PROGRESS_delay[2] ; PI_TXN_IN_PROGRESS~reg0     ; PI_CLK       ; PI_CLK      ; 0.000        ; 0.000      ; 2.134      ;
; 1.914 ; wr_sync[0]                  ; wr_sync[1]                  ; PI_CLK       ; PI_CLK      ; 0.000        ; 0.000      ; 2.135      ;
; 1.951 ; br_sync[1]                  ; bg_n                        ; PI_CLK       ; PI_CLK      ; 0.000        ; 0.000      ; 2.172      ;
; 1.956 ; state.000                   ; state.000                   ; PI_CLK       ; PI_CLK      ; 0.000        ; 0.000      ; 2.177      ;
; 1.992 ; e_counter[1]                ; e_counter[1]                ; PI_CLK       ; PI_CLK      ; 0.000        ; 0.000      ; 2.213      ;
; 1.994 ; e_counter[1]                ; e_counter[3]                ; PI_CLK       ; PI_CLK      ; 0.000        ; 0.000      ; 2.215      ;
; 2.031 ; state.100                   ; PI_TXN_IN_PROGRESS_delay[1] ; PI_CLK       ; PI_CLK      ; 0.000        ; 0.000      ; 2.252      ;
; 2.043 ; state.100                   ; state.101                   ; PI_CLK       ; PI_CLK      ; 0.000        ; 0.000      ; 2.264      ;
; 2.044 ; state.100                   ; LTCH_D_RD_L~reg0            ; PI_CLK       ; PI_CLK      ; 0.000        ; 0.000      ; 2.265      ;
; 2.044 ; state.100                   ; PI_TXN_IN_PROGRESS_delay[2] ; PI_CLK       ; PI_CLK      ; 0.000        ; 0.000      ; 2.265      ;
; 2.065 ; ipl_2[2]                    ; ipl[2]                      ; PI_CLK       ; PI_CLK      ; 0.000        ; 0.000      ; 2.286      ;
; 2.120 ; c7m_sync[2]                 ; state.111                   ; PI_CLK       ; PI_CLK      ; 0.000        ; 0.000      ; 2.341      ;
; 2.135 ; LTCH_A_OE_n~reg0            ; LTCH_A_OE_n~reg0            ; PI_CLK       ; PI_CLK      ; 0.000        ; 0.000      ; 2.356      ;
; 2.146 ; a0                          ; a0                          ; PI_CLK       ; PI_CLK      ; 0.000        ; 0.000      ; 2.367      ;
; 2.154 ; state.101                   ; state.101                   ; PI_CLK       ; PI_CLK      ; 0.000        ; 0.000      ; 2.375      ;
; 2.155 ; state.101                   ; LTCH_D_RD_L~reg0            ; PI_CLK       ; PI_CLK      ; 0.000        ; 0.000      ; 2.376      ;
; 2.165 ; state.001                   ; state.000                   ; PI_CLK       ; PI_CLK      ; 0.000        ; 0.000      ; 2.386      ;
; 2.209 ; e_counter[2]                ; e_counter[2]                ; PI_CLK       ; PI_CLK      ; 0.000        ; 0.000      ; 2.430      ;
; 2.217 ; PI_TXN_IN_PROGRESS_delay[1] ; PI_TXN_IN_PROGRESS_delay[2] ; PI_CLK       ; PI_CLK      ; 0.000        ; 0.000      ; 2.438      ;
; 2.225 ; e_counter[0]                ; e_counter[3]                ; PI_CLK       ; PI_CLK      ; 0.000        ; 0.000      ; 2.446      ;
; 2.227 ; e_counter[0]                ; e_counter[1]                ; PI_CLK       ; PI_CLK      ; 0.000        ; 0.000      ; 2.448      ;
; 2.232 ; pi_berr                     ; pi_berr                     ; PI_CLK       ; PI_CLK      ; 0.000        ; 0.000      ; 2.453      ;
; 2.250 ; state.010                   ; state.010                   ; PI_CLK       ; PI_CLK      ; 0.000        ; 0.000      ; 2.471      ;
; 2.319 ; e_counter[1]                ; e_counter[2]                ; PI_CLK       ; PI_CLK      ; 0.000        ; 0.000      ; 2.540      ;
; 2.324 ; e_counter[0]                ; M68K_E~reg0                 ; PI_CLK       ; PI_CLK      ; 0.000        ; 0.000      ; 2.545      ;
; 2.338 ; br_sync[1]                  ; data_out[11]                ; PI_CLK       ; PI_CLK      ; 0.000        ; 0.000      ; 2.559      ;
; 2.340 ; bus_relinquished            ; state.111                   ; PI_CLK       ; PI_CLK      ; 0.000        ; 0.000      ; 2.561      ;
; 2.364 ; bg_n                        ; data_out[10]                ; PI_CLK       ; PI_CLK      ; 0.000        ; 0.000      ; 2.585      ;
; 2.373 ; state.100                   ; PI_TXN_IN_PROGRESS~reg0     ; PI_CLK       ; PI_CLK      ; 0.000        ; 0.000      ; 2.594      ;
; 2.456 ; bgack_sync[1]               ; data_out[9]                 ; PI_CLK       ; PI_CLK      ; 0.000        ; 0.000      ; 2.677      ;
; 2.474 ; ipl_1[2]                    ; ipl_2[2]                    ; PI_CLK       ; PI_CLK      ; 0.000        ; 0.000      ; 2.695      ;
; 2.483 ; status[2]                   ; data_out[8]                 ; PI_CLK       ; PI_CLK      ; 0.000        ; 0.000      ; 2.704      ;
; 2.572 ; PI_TXN_IN_PROGRESS~reg0     ; PI_TXN_IN_PROGRESS~reg0     ; PI_CLK       ; PI_CLK      ; 0.000        ; 0.000      ; 2.793      ;
; 2.648 ; PI_TXN_IN_PROGRESS_delay[0] ; PI_TXN_IN_PROGRESS_delay[1] ; PI_CLK       ; PI_CLK      ; 0.000        ; 0.000      ; 2.869      ;
; 2.677 ; ipl_2[2]                    ; ipl[0]                      ; PI_CLK       ; PI_CLK      ; 0.000        ; 0.000      ; 2.898      ;
; 2.677 ; ipl_2[2]                    ; ipl[1]                      ; PI_CLK       ; PI_CLK      ; 0.000        ; 0.000      ; 2.898      ;
; 2.682 ; state.011                   ; op_req                      ; PI_CLK       ; PI_CLK      ; 0.000        ; 0.000      ; 2.903      ;
; 2.683 ; M68K_RW~reg0                ; M68K_RW~reg0                ; PI_CLK       ; PI_CLK      ; 0.000        ; 0.000      ; 2.904      ;
; 2.684 ; state.110                   ; state.110                   ; PI_CLK       ; PI_CLK      ; 0.000        ; 0.000      ; 2.905      ;
; 2.694 ; state.111                   ; M68K_UDS_n~reg0             ; PI_CLK       ; PI_CLK      ; 0.000        ; 0.000      ; 2.915      ;
; 2.700 ; state.111                   ; M68K_LDS_n~reg0             ; PI_CLK       ; PI_CLK      ; 0.000        ; 0.000      ; 2.921      ;
; 2.710 ; state.011                   ; state.011                   ; PI_CLK       ; PI_CLK      ; 0.000        ; 0.000      ; 2.931      ;
; 2.717 ; e_counter[2]                ; e_counter[3]                ; PI_CLK       ; PI_CLK      ; 0.000        ; 0.000      ; 2.938      ;
; 2.719 ; e_counter[2]                ; e_counter[1]                ; PI_CLK       ; PI_CLK      ; 0.000        ; 0.000      ; 2.940      ;
; 2.833 ; bus_relinquished            ; data_out[12]                ; PI_CLK       ; PI_CLK      ; 0.000        ; 0.000      ; 3.054      ;
; 2.838 ; c7m_sync[1]                 ; state.010                   ; PI_CLK       ; PI_CLK      ; 0.000        ; 0.000      ; 3.059      ;
; 2.846 ; op_rw                       ; M68K_RW~reg0                ; PI_CLK       ; PI_CLK      ; 0.000        ; 0.000      ; 3.067      ;
; 2.909 ; state.001                   ; state.001                   ; PI_CLK       ; PI_CLK      ; 0.000        ; 0.000      ; 3.130      ;
; 2.930 ; state.110                   ; state.111                   ; PI_CLK       ; PI_CLK      ; 0.000        ; 0.000      ; 3.151      ;
; 2.953 ; br_sync[1]                  ; state.010                   ; PI_CLK       ; PI_CLK      ; 0.000        ; 0.000      ; 3.174      ;
; 2.959 ; bus_relinquished            ; bus_relinquished            ; PI_CLK       ; PI_CLK      ; 0.000        ; 0.000      ; 3.180      ;
; 2.963 ; status[2]                   ; state.001                   ; PI_CLK       ; PI_CLK      ; 0.000        ; 0.000      ; 3.184      ;
; 2.988 ; state.000                   ; bus_relinquished            ; PI_CLK       ; PI_CLK      ; 0.000        ; 0.000      ; 3.209      ;
; 2.993 ; bus_relinquished            ; M68K_RW~reg0                ; PI_CLK       ; PI_CLK      ; 0.000        ; 0.000      ; 3.214      ;
; 3.026 ; bus_relinquished            ; LTCH_A_OE_n~reg0            ; PI_CLK       ; PI_CLK      ; 0.000        ; 0.000      ; 3.247      ;
; 3.026 ; bus_relinquished            ; LTCH_D_WR_OE_n~reg0         ; PI_CLK       ; PI_CLK      ; 0.000        ; 0.000      ; 3.247      ;
; 3.027 ; c7m_sync[1]                 ; state.111                   ; PI_CLK       ; PI_CLK      ; 0.000        ; 0.000      ; 3.248      ;
; 3.115 ; bgack_sync[0]               ; bgack_sync[1]               ; PI_CLK       ; PI_CLK      ; 0.000        ; 0.000      ; 3.336      ;
; 3.142 ; state.110                   ; M68K_VMA_n~reg0             ; PI_CLK       ; PI_CLK      ; 0.000        ; 0.000      ; 3.363      ;
; 3.150 ; M68K_VMA_n~reg0             ; M68K_VMA_n~reg0             ; PI_CLK       ; PI_CLK      ; 0.000        ; 0.000      ; 3.371      ;
; 3.162 ; op_rw                       ; M68K_UDS_n~reg0             ; PI_CLK       ; PI_CLK      ; 0.000        ; 0.000      ; 3.383      ;
; 3.169 ; op_rw                       ; LTCH_D_WR_OE_n~reg0         ; PI_CLK       ; PI_CLK      ; 0.000        ; 0.000      ; 3.390      ;
; 3.170 ; op_rw                       ; M68K_LDS_n~reg0             ; PI_CLK       ; PI_CLK      ; 0.000        ; 0.000      ; 3.391      ;
; 3.171 ; e_counter[2]                ; M68K_E~reg0                 ; PI_CLK       ; PI_CLK      ; 0.000        ; 0.000      ; 3.392      ;
; 3.199 ; bgack_sync[1]               ; bus_relinquished            ; PI_CLK       ; PI_CLK      ; 0.000        ; 0.000      ; 3.420      ;
; 3.242 ; ipl[2]                      ; data_out[15]                ; PI_CLK       ; PI_CLK      ; 0.000        ; 0.000      ; 3.463      ;
; 3.271 ; state.100                   ; PI_TXN_IN_PROGRESS_delay[0] ; PI_CLK       ; PI_CLK      ; 0.000        ; 0.000      ; 3.492      ;
; 3.306 ; c7m_sync[2]                 ; M68K_UDS_n~reg0             ; PI_CLK       ; PI_CLK      ; 0.000        ; 0.000      ; 3.527      ;
; 3.311 ; state.001                   ; state.110                   ; PI_CLK       ; PI_CLK      ; 0.000        ; 0.000      ; 3.532      ;
; 3.312 ; c7m_sync[2]                 ; M68K_LDS_n~reg0             ; PI_CLK       ; PI_CLK      ; 0.000        ; 0.000      ; 3.533      ;
; 3.318 ; state.011                   ; PI_TXN_IN_PROGRESS_delay[0] ; PI_CLK       ; PI_CLK      ; 0.000        ; 0.000      ; 3.539      ;
; 3.325 ; bus_relinquished            ; M68K_VMA_n~reg0             ; PI_CLK       ; PI_CLK      ; 0.000        ; 0.000      ; 3.546      ;
; 3.327 ; state.000                   ; op_req                      ; PI_CLK       ; PI_CLK      ; 0.000        ; 0.000      ; 3.548      ;
; 3.327 ; ipl[1]                      ; data_out[14]                ; PI_CLK       ; PI_CLK      ; 0.000        ; 0.000      ; 3.548      ;
; 3.331 ; ipl[0]                      ; PI_IPL_ZERO~reg0            ; PI_CLK       ; PI_CLK      ; 0.000        ; 0.000      ; 3.552      ;
; 3.332 ; bus_relinquished            ; state.110                   ; PI_CLK       ; PI_CLK      ; 0.000        ; 0.000      ; 3.553      ;
; 3.333 ; ipl[0]                      ; data_out[13]                ; PI_CLK       ; PI_CLK      ; 0.000        ; 0.000      ; 3.554      ;
; 3.340 ; op_req                      ; op_req                      ; PI_CLK       ; PI_CLK      ; 0.000        ; 0.000      ; 3.561      ;
; 3.379 ; state.011                   ; state.100                   ; PI_CLK       ; PI_CLK      ; 0.000        ; 0.000      ; 3.600      ;
; 3.413 ; bus_relinquished            ; M68K_UDS_n~reg0             ; PI_CLK       ; PI_CLK      ; 0.000        ; 0.000      ; 3.634      ;
+-------+-----------------------------+-----------------------------+--------------+-------------+--------------+------------+------------+


+--------------------------------+
; Fast Model Setup Summary       ;
+--------+-------+---------------+
; Clock  ; Slack ; End Point TNS ;
+--------+-------+---------------+
; PI_CLK ; 5.006 ; 0.000         ;
+--------+-------+---------------+


+--------------------------------+
; Fast Model Hold Summary        ;
+--------+-------+---------------+
; Clock  ; Slack ; End Point TNS ;
+--------+-------+---------------+
; PI_CLK ; 0.280 ; 0.000         ;
+--------+-------+---------------+


-------------------------------
; Fast Model Recovery Summary ;
-------------------------------
No paths to report.


------------------------------
; Fast Model Removal Summary ;
------------------------------
No paths to report.


+----------------------------------------+
; Fast Model Minimum Pulse Width Summary ;
+----------+---------+-------------------+
; Clock    ; Slack   ; End Point TNS     ;
+----------+---------+-------------------+
; PI_CLK   ; 3.765   ; 0.000             ;
; M68K_CLK ; 137.711 ; 0.000             ;
; M68K_C1  ; 278.711 ; 0.000             ;
; M68K_C3  ; 278.711 ; 0.000             ;
+----------+---------+-------------------+


+------------------------------------------------------------------------------------------------------------------------------+
; Fast Model Setup: 'PI_CLK'                                                                                                   ;
+-------+------------------+-----------------------------+--------------+-------------+--------------+------------+------------+
; Slack ; From Node        ; To Node                     ; Launch Clock ; Latch Clock ; Relationship ; Clock Skew ; Data Delay ;
+-------+------------------+-----------------------------+--------------+-------------+--------------+------------+------------+
; 5.006 ; c7m_sync[2]      ; PI_TXN_IN_PROGRESS_delay[2] ; PI_CLK       ; PI_CLK      ; 7.716        ; 0.000      ; 2.551      ;
; 5.006 ; c7m_sync[2]      ; PI_TXN_IN_PROGRESS_delay[1] ; PI_CLK       ; PI_CLK      ; 7.716        ; 0.000      ; 2.551      ;
; 5.012 ; c7m_sync[1]      ; PI_TXN_IN_PROGRESS_delay[2] ; PI_CLK       ; PI_CLK      ; 7.716        ; 0.000      ; 2.545      ;
; 5.012 ; c7m_sync[1]      ; PI_TXN_IN_PROGRESS_delay[1] ; PI_CLK       ; PI_CLK      ; 7.716        ; 0.000      ; 2.545      ;
; 5.048 ; c7m_sync[2]      ; state.010                   ; PI_CLK       ; PI_CLK      ; 7.716        ; 0.000      ; 2.509      ;
; 5.221 ; state.011        ; state.010                   ; PI_CLK       ; PI_CLK      ; 7.716        ; 0.000      ; 2.336      ;
; 5.245 ; c7m_sync[1]      ; state.010                   ; PI_CLK       ; PI_CLK      ; 7.716        ; 0.000      ; 2.312      ;
; 5.276 ; wr_sync[0]       ; op_req                      ; PI_CLK       ; PI_CLK      ; 7.716        ; 0.000      ; 2.281      ;
; 5.290 ; c7m_sync[1]      ; ipl_2[1]                    ; PI_CLK       ; PI_CLK      ; 7.716        ; 0.000      ; 2.267      ;
; 5.290 ; c7m_sync[1]      ; ipl_1[1]                    ; PI_CLK       ; PI_CLK      ; 7.716        ; 0.000      ; 2.267      ;
; 5.290 ; c7m_sync[1]      ; ipl_1[0]                    ; PI_CLK       ; PI_CLK      ; 7.716        ; 0.000      ; 2.267      ;
; 5.290 ; c7m_sync[1]      ; ipl_2[0]                    ; PI_CLK       ; PI_CLK      ; 7.716        ; 0.000      ; 2.267      ;
; 5.290 ; c7m_sync[1]      ; ipl_1[2]                    ; PI_CLK       ; PI_CLK      ; 7.716        ; 0.000      ; 2.267      ;
; 5.290 ; c7m_sync[1]      ; ipl_2[2]                    ; PI_CLK       ; PI_CLK      ; 7.716        ; 0.000      ; 2.267      ;
; 5.295 ; c7m_sync[2]      ; state.110                   ; PI_CLK       ; PI_CLK      ; 7.716        ; 0.000      ; 2.262      ;
; 5.320 ; c7m_sync[1]      ; M68K_E~reg0                 ; PI_CLK       ; PI_CLK      ; 7.716        ; 0.000      ; 2.237      ;
; 5.324 ; c7m_sync[1]      ; e_counter[0]                ; PI_CLK       ; PI_CLK      ; 7.716        ; 0.000      ; 2.233      ;
; 5.324 ; c7m_sync[1]      ; e_counter[1]                ; PI_CLK       ; PI_CLK      ; 7.716        ; 0.000      ; 2.233      ;
; 5.324 ; c7m_sync[1]      ; e_counter[3]                ; PI_CLK       ; PI_CLK      ; 7.716        ; 0.000      ; 2.233      ;
; 5.327 ; M68K_VMA_n~reg0  ; PI_TXN_IN_PROGRESS_delay[2] ; PI_CLK       ; PI_CLK      ; 7.716        ; 0.000      ; 2.230      ;
; 5.327 ; M68K_VMA_n~reg0  ; PI_TXN_IN_PROGRESS_delay[1] ; PI_CLK       ; PI_CLK      ; 7.716        ; 0.000      ; 2.230      ;
; 5.366 ; state.011        ; PI_TXN_IN_PROGRESS_delay[2] ; PI_CLK       ; PI_CLK      ; 7.716        ; 0.000      ; 2.191      ;
; 5.366 ; state.011        ; PI_TXN_IN_PROGRESS_delay[1] ; PI_CLK       ; PI_CLK      ; 7.716        ; 0.000      ; 2.191      ;
; 5.369 ; e_counter[1]     ; PI_TXN_IN_PROGRESS_delay[2] ; PI_CLK       ; PI_CLK      ; 7.716        ; 0.000      ; 2.188      ;
; 5.369 ; e_counter[1]     ; PI_TXN_IN_PROGRESS_delay[1] ; PI_CLK       ; PI_CLK      ; 7.716        ; 0.000      ; 2.188      ;
; 5.377 ; c7m_sync[1]      ; e_counter[2]                ; PI_CLK       ; PI_CLK      ; 7.716        ; 0.000      ; 2.180      ;
; 5.416 ; e_counter[2]     ; PI_TXN_IN_PROGRESS_delay[2] ; PI_CLK       ; PI_CLK      ; 7.716        ; 0.000      ; 2.141      ;
; 5.416 ; e_counter[2]     ; PI_TXN_IN_PROGRESS_delay[1] ; PI_CLK       ; PI_CLK      ; 7.716        ; 0.000      ; 2.141      ;
; 5.417 ; wr_sync[1]       ; op_req                      ; PI_CLK       ; PI_CLK      ; 7.716        ; 0.000      ; 2.140      ;
; 5.456 ; c7m_sync[1]      ; M68K_VMA_n~reg0             ; PI_CLK       ; PI_CLK      ; 7.716        ; 0.000      ; 2.101      ;
; 5.464 ; e_counter[0]     ; PI_TXN_IN_PROGRESS_delay[2] ; PI_CLK       ; PI_CLK      ; 7.716        ; 0.000      ; 2.093      ;
; 5.464 ; e_counter[0]     ; PI_TXN_IN_PROGRESS_delay[1] ; PI_CLK       ; PI_CLK      ; 7.716        ; 0.000      ; 2.093      ;
; 5.468 ; state.011        ; state.110                   ; PI_CLK       ; PI_CLK      ; 7.716        ; 0.000      ; 2.089      ;
; 5.488 ; M68K_VMA_n~reg0  ; state.010                   ; PI_CLK       ; PI_CLK      ; 7.716        ; 0.000      ; 2.069      ;
; 5.489 ; c7m_sync[1]      ; state.110                   ; PI_CLK       ; PI_CLK      ; 7.716        ; 0.000      ; 2.068      ;
; 5.493 ; br_sync[1]       ; state.001                   ; PI_CLK       ; PI_CLK      ; 7.716        ; 0.000      ; 2.064      ;
; 5.497 ; op_req           ; state.010                   ; PI_CLK       ; PI_CLK      ; 7.716        ; 0.000      ; 2.060      ;
; 5.530 ; e_counter[1]     ; state.010                   ; PI_CLK       ; PI_CLK      ; 7.716        ; 0.000      ; 2.027      ;
; 5.534 ; bus_relinquished ; state.010                   ; PI_CLK       ; PI_CLK      ; 7.716        ; 0.000      ; 2.023      ;
; 5.545 ; state.101        ; state.010                   ; PI_CLK       ; PI_CLK      ; 7.716        ; 0.000      ; 2.012      ;
; 5.559 ; wr_sync[0]       ; op_uds_n                    ; PI_CLK       ; PI_CLK      ; 7.716        ; 0.000      ; 1.998      ;
; 5.559 ; wr_sync[0]       ; op_lds_n                    ; PI_CLK       ; PI_CLK      ; 7.716        ; 0.000      ; 1.998      ;
; 5.568 ; c7m_sync[2]      ; state.001                   ; PI_CLK       ; PI_CLK      ; 7.716        ; 0.000      ; 1.989      ;
; 5.572 ; br_sync[1]       ; op_req                      ; PI_CLK       ; PI_CLK      ; 7.716        ; 0.000      ; 1.985      ;
; 5.577 ; e_counter[2]     ; state.010                   ; PI_CLK       ; PI_CLK      ; 7.716        ; 0.000      ; 1.980      ;
; 5.579 ; e_counter[3]     ; PI_TXN_IN_PROGRESS_delay[2] ; PI_CLK       ; PI_CLK      ; 7.716        ; 0.000      ; 1.978      ;
; 5.579 ; e_counter[3]     ; PI_TXN_IN_PROGRESS_delay[1] ; PI_CLK       ; PI_CLK      ; 7.716        ; 0.000      ; 1.978      ;
; 5.597 ; state.100        ; state.001                   ; PI_CLK       ; PI_CLK      ; 7.716        ; 0.000      ; 1.960      ;
; 5.625 ; e_counter[0]     ; state.010                   ; PI_CLK       ; PI_CLK      ; 7.716        ; 0.000      ; 1.932      ;
; 5.626 ; br_sync[1]       ; state.010                   ; PI_CLK       ; PI_CLK      ; 7.716        ; 0.000      ; 1.931      ;
; 5.632 ; c7m_sync[2]      ; ipl_2[1]                    ; PI_CLK       ; PI_CLK      ; 7.716        ; 0.000      ; 1.925      ;
; 5.632 ; c7m_sync[2]      ; ipl_1[1]                    ; PI_CLK       ; PI_CLK      ; 7.716        ; 0.000      ; 1.925      ;
; 5.632 ; c7m_sync[2]      ; ipl_1[0]                    ; PI_CLK       ; PI_CLK      ; 7.716        ; 0.000      ; 1.925      ;
; 5.632 ; c7m_sync[2]      ; ipl_2[0]                    ; PI_CLK       ; PI_CLK      ; 7.716        ; 0.000      ; 1.925      ;
; 5.632 ; c7m_sync[2]      ; ipl_1[2]                    ; PI_CLK       ; PI_CLK      ; 7.716        ; 0.000      ; 1.925      ;
; 5.632 ; c7m_sync[2]      ; ipl_2[2]                    ; PI_CLK       ; PI_CLK      ; 7.716        ; 0.000      ; 1.925      ;
; 5.635 ; bus_relinquished ; state.001                   ; PI_CLK       ; PI_CLK      ; 7.716        ; 0.000      ; 1.922      ;
; 5.637 ; status[2]        ; state.001                   ; PI_CLK       ; PI_CLK      ; 7.716        ; 0.000      ; 1.920      ;
; 5.654 ; state.011        ; state.001                   ; PI_CLK       ; PI_CLK      ; 7.716        ; 0.000      ; 1.903      ;
; 5.659 ; c7m_sync[1]      ; PI_TXN_IN_PROGRESS~reg0     ; PI_CLK       ; PI_CLK      ; 7.716        ; 0.000      ; 1.898      ;
; 5.662 ; c7m_sync[2]      ; M68K_E~reg0                 ; PI_CLK       ; PI_CLK      ; 7.716        ; 0.000      ; 1.895      ;
; 5.666 ; c7m_sync[2]      ; e_counter[0]                ; PI_CLK       ; PI_CLK      ; 7.716        ; 0.000      ; 1.891      ;
; 5.666 ; c7m_sync[2]      ; e_counter[1]                ; PI_CLK       ; PI_CLK      ; 7.716        ; 0.000      ; 1.891      ;
; 5.666 ; c7m_sync[2]      ; e_counter[3]                ; PI_CLK       ; PI_CLK      ; 7.716        ; 0.000      ; 1.891      ;
; 5.680 ; br_sync[1]       ; M68K_RW~reg0                ; PI_CLK       ; PI_CLK      ; 7.716        ; 0.000      ; 1.877      ;
; 5.684 ; M68K_VMA_n~reg0  ; M68K_VMA_n~reg0             ; PI_CLK       ; PI_CLK      ; 7.716        ; 0.000      ; 1.873      ;
; 5.700 ; wr_sync[1]       ; op_uds_n                    ; PI_CLK       ; PI_CLK      ; 7.716        ; 0.000      ; 1.857      ;
; 5.700 ; wr_sync[1]       ; op_lds_n                    ; PI_CLK       ; PI_CLK      ; 7.716        ; 0.000      ; 1.857      ;
; 5.716 ; status[2]        ; op_req                      ; PI_CLK       ; PI_CLK      ; 7.716        ; 0.000      ; 1.841      ;
; 5.719 ; c7m_sync[2]      ; e_counter[2]                ; PI_CLK       ; PI_CLK      ; 7.716        ; 0.000      ; 1.838      ;
; 5.720 ; state.000        ; state.001                   ; PI_CLK       ; PI_CLK      ; 7.716        ; 0.000      ; 1.837      ;
; 5.726 ; e_counter[1]     ; M68K_VMA_n~reg0             ; PI_CLK       ; PI_CLK      ; 7.716        ; 0.000      ; 1.831      ;
; 5.735 ; M68K_VMA_n~reg0  ; state.110                   ; PI_CLK       ; PI_CLK      ; 7.716        ; 0.000      ; 1.822      ;
; 5.740 ; e_counter[3]     ; state.010                   ; PI_CLK       ; PI_CLK      ; 7.716        ; 0.000      ; 1.817      ;
; 5.743 ; c7m_sync[2]      ; pi_berr                     ; PI_CLK       ; PI_CLK      ; 7.716        ; 0.000      ; 1.814      ;
; 5.743 ; state.111        ; state.010                   ; PI_CLK       ; PI_CLK      ; 7.716        ; 0.000      ; 1.814      ;
; 5.744 ; op_req           ; state.110                   ; PI_CLK       ; PI_CLK      ; 7.716        ; 0.000      ; 1.813      ;
; 5.749 ; c7m_sync[1]      ; pi_berr                     ; PI_CLK       ; PI_CLK      ; 7.716        ; 0.000      ; 1.808      ;
; 5.749 ; c7m_sync[2]      ; PI_TXN_IN_PROGRESS_delay[0] ; PI_CLK       ; PI_CLK      ; 7.716        ; 0.000      ; 1.808      ;
; 5.766 ; M68K_VMA_n~reg0  ; state.100                   ; PI_CLK       ; PI_CLK      ; 7.716        ; 0.000      ; 1.791      ;
; 5.766 ; M68K_VMA_n~reg0  ; state.001                   ; PI_CLK       ; PI_CLK      ; 7.716        ; 0.000      ; 1.791      ;
; 5.770 ; status[2]        ; state.010                   ; PI_CLK       ; PI_CLK      ; 7.716        ; 0.000      ; 1.787      ;
; 5.770 ; c7m_sync[1]      ; state.001                   ; PI_CLK       ; PI_CLK      ; 7.716        ; 0.000      ; 1.787      ;
; 5.773 ; e_counter[2]     ; M68K_VMA_n~reg0             ; PI_CLK       ; PI_CLK      ; 7.716        ; 0.000      ; 1.784      ;
; 5.775 ; state.110        ; state.001                   ; PI_CLK       ; PI_CLK      ; 7.716        ; 0.000      ; 1.782      ;
; 5.777 ; e_counter[1]     ; state.110                   ; PI_CLK       ; PI_CLK      ; 7.716        ; 0.000      ; 1.780      ;
; 5.781 ; bus_relinquished ; state.110                   ; PI_CLK       ; PI_CLK      ; 7.716        ; 0.000      ; 1.776      ;
; 5.785 ; op_req           ; state.001                   ; PI_CLK       ; PI_CLK      ; 7.716        ; 0.000      ; 1.772      ;
; 5.786 ; bgack_sync[1]    ; state.001                   ; PI_CLK       ; PI_CLK      ; 7.716        ; 0.000      ; 1.771      ;
; 5.792 ; state.101        ; state.110                   ; PI_CLK       ; PI_CLK      ; 7.716        ; 0.000      ; 1.765      ;
; 5.795 ; wr_sync[0]       ; op_rw                       ; PI_CLK       ; PI_CLK      ; 7.716        ; 0.000      ; 1.762      ;
; 5.795 ; wr_sync[0]       ; op_fc[0]                    ; PI_CLK       ; PI_CLK      ; 7.716        ; 0.000      ; 1.762      ;
; 5.795 ; wr_sync[0]       ; op_fc[1]                    ; PI_CLK       ; PI_CLK      ; 7.716        ; 0.000      ; 1.762      ;
; 5.798 ; c7m_sync[2]      ; M68K_VMA_n~reg0             ; PI_CLK       ; PI_CLK      ; 7.716        ; 0.000      ; 1.759      ;
; 5.808 ; e_counter[1]     ; state.100                   ; PI_CLK       ; PI_CLK      ; 7.716        ; 0.000      ; 1.749      ;
; 5.808 ; e_counter[1]     ; state.001                   ; PI_CLK       ; PI_CLK      ; 7.716        ; 0.000      ; 1.749      ;
; 5.814 ; wr_sync[1]       ; bus_relinquished            ; PI_CLK       ; PI_CLK      ; 7.716        ; 0.000      ; 1.743      ;
; 5.821 ; e_counter[0]     ; M68K_VMA_n~reg0             ; PI_CLK       ; PI_CLK      ; 7.716        ; 0.000      ; 1.736      ;
; 5.824 ; status[2]        ; M68K_RW~reg0                ; PI_CLK       ; PI_CLK      ; 7.716        ; 0.000      ; 1.733      ;
; 5.824 ; e_counter[2]     ; state.110                   ; PI_CLK       ; PI_CLK      ; 7.716        ; 0.000      ; 1.733      ;
+-------+------------------+-----------------------------+--------------+-------------+--------------+------------+------------+


+-----------------------------------------------------------------------------------------------------------------------------------------+
; Fast Model Hold: 'PI_CLK'                                                                                                               ;
+-------+-----------------------------+-----------------------------+--------------+-------------+--------------+------------+------------+
; Slack ; From Node                   ; To Node                     ; Launch Clock ; Latch Clock ; Relationship ; Clock Skew ; Data Delay ;
+-------+-----------------------------+-----------------------------+--------------+-------------+--------------+------------+------------+
; 0.280 ; LTCH_D_WR_OE_n~reg0         ; LTCH_D_WR_OE_n~reg0         ; PI_CLK       ; PI_CLK      ; 0.000        ; 0.000      ; 0.467      ;
; 0.309 ; ipl_1[0]                    ; ipl_2[0]                    ; PI_CLK       ; PI_CLK      ; 0.000        ; 0.000      ; 0.496      ;
; 0.311 ; c7m_sync[0]                 ; c7m_sync[1]                 ; PI_CLK       ; PI_CLK      ; 0.000        ; 0.000      ; 0.498      ;
; 0.312 ; ipl_1[1]                    ; ipl_2[1]                    ; PI_CLK       ; PI_CLK      ; 0.000        ; 0.000      ; 0.499      ;
; 0.319 ; br_sync[0]                  ; br_sync[1]                  ; PI_CLK       ; PI_CLK      ; 0.000        ; 0.000      ; 0.506      ;
; 0.367 ; M68K_E~reg0                 ; M68K_E~reg0                 ; PI_CLK       ; PI_CLK      ; 0.000        ; 0.000      ; 0.554      ;
; 0.371 ; LTCH_D_RD_L~reg0            ; LTCH_D_RD_L~reg0            ; PI_CLK       ; PI_CLK      ; 0.000        ; 0.000      ; 0.558      ;
; 0.375 ; ipl_2[1]                    ; ipl[1]                      ; PI_CLK       ; PI_CLK      ; 0.000        ; 0.000      ; 0.562      ;
; 0.378 ; a0                          ; op_lds_n                    ; PI_CLK       ; PI_CLK      ; 0.000        ; 0.000      ; 0.565      ;
; 0.381 ; a0                          ; op_uds_n                    ; PI_CLK       ; PI_CLK      ; 0.000        ; 0.000      ; 0.568      ;
; 0.383 ; status[2]                   ; bg_n                        ; PI_CLK       ; PI_CLK      ; 0.000        ; 0.000      ; 0.570      ;
; 0.393 ; e_counter[3]                ; e_counter[3]                ; PI_CLK       ; PI_CLK      ; 0.000        ; 0.000      ; 0.580      ;
; 0.394 ; e_counter[3]                ; e_counter[1]                ; PI_CLK       ; PI_CLK      ; 0.000        ; 0.000      ; 0.581      ;
; 0.396 ; PI_TXN_IN_PROGRESS_delay[0] ; PI_TXN_IN_PROGRESS_delay[0] ; PI_CLK       ; PI_CLK      ; 0.000        ; 0.000      ; 0.583      ;
; 0.407 ; state.111                   ; LTCH_A_OE_n~reg0            ; PI_CLK       ; PI_CLK      ; 0.000        ; 0.000      ; 0.594      ;
; 0.411 ; state.111                   ; LTCH_D_WR_OE_n~reg0         ; PI_CLK       ; PI_CLK      ; 0.000        ; 0.000      ; 0.598      ;
; 0.411 ; e_counter[0]                ; e_counter[0]                ; PI_CLK       ; PI_CLK      ; 0.000        ; 0.000      ; 0.598      ;
; 0.413 ; e_counter[0]                ; e_counter[2]                ; PI_CLK       ; PI_CLK      ; 0.000        ; 0.000      ; 0.600      ;
; 0.415 ; LTCH_A_OE_n~reg0            ; LTCH_A_OE_n~reg0            ; PI_CLK       ; PI_CLK      ; 0.000        ; 0.000      ; 0.602      ;
; 0.421 ; a0                          ; a0                          ; PI_CLK       ; PI_CLK      ; 0.000        ; 0.000      ; 0.608      ;
; 0.425 ; state.101                   ; state.101                   ; PI_CLK       ; PI_CLK      ; 0.000        ; 0.000      ; 0.612      ;
; 0.426 ; state.101                   ; LTCH_D_RD_L~reg0            ; PI_CLK       ; PI_CLK      ; 0.000        ; 0.000      ; 0.613      ;
; 0.431 ; state.001                   ; state.000                   ; PI_CLK       ; PI_CLK      ; 0.000        ; 0.000      ; 0.618      ;
; 0.454 ; e_counter[2]                ; e_counter[2]                ; PI_CLK       ; PI_CLK      ; 0.000        ; 0.000      ; 0.641      ;
; 0.462 ; e_counter[0]                ; e_counter[3]                ; PI_CLK       ; PI_CLK      ; 0.000        ; 0.000      ; 0.649      ;
; 0.463 ; e_counter[0]                ; e_counter[1]                ; PI_CLK       ; PI_CLK      ; 0.000        ; 0.000      ; 0.650      ;
; 0.465 ; ipl_2[0]                    ; ipl[0]                      ; PI_CLK       ; PI_CLK      ; 0.000        ; 0.000      ; 0.652      ;
; 0.484 ; PI_TXN_IN_PROGRESS_delay[1] ; PI_TXN_IN_PROGRESS_delay[2] ; PI_CLK       ; PI_CLK      ; 0.000        ; 0.000      ; 0.671      ;
; 0.488 ; pi_berr                     ; pi_berr                     ; PI_CLK       ; PI_CLK      ; 0.000        ; 0.000      ; 0.675      ;
; 0.488 ; rd_sync[0]                  ; rd_sync[1]                  ; PI_CLK       ; PI_CLK      ; 0.000        ; 0.000      ; 0.675      ;
; 0.494 ; PI_TXN_IN_PROGRESS_delay[2] ; PI_TXN_IN_PROGRESS~reg0     ; PI_CLK       ; PI_CLK      ; 0.000        ; 0.000      ; 0.681      ;
; 0.497 ; state.010                   ; state.010                   ; PI_CLK       ; PI_CLK      ; 0.000        ; 0.000      ; 0.684      ;
; 0.513 ; state.000                   ; state.000                   ; PI_CLK       ; PI_CLK      ; 0.000        ; 0.000      ; 0.700      ;
; 0.513 ; br_sync[1]                  ; bg_n                        ; PI_CLK       ; PI_CLK      ; 0.000        ; 0.000      ; 0.700      ;
; 0.526 ; e_counter[1]                ; e_counter[2]                ; PI_CLK       ; PI_CLK      ; 0.000        ; 0.000      ; 0.713      ;
; 0.531 ; e_counter[1]                ; e_counter[1]                ; PI_CLK       ; PI_CLK      ; 0.000        ; 0.000      ; 0.718      ;
; 0.531 ; PI_TXN_IN_PROGRESS~reg0     ; PI_TXN_IN_PROGRESS~reg0     ; PI_CLK       ; PI_CLK      ; 0.000        ; 0.000      ; 0.718      ;
; 0.533 ; e_counter[1]                ; e_counter[3]                ; PI_CLK       ; PI_CLK      ; 0.000        ; 0.000      ; 0.720      ;
; 0.535 ; bus_relinquished            ; state.111                   ; PI_CLK       ; PI_CLK      ; 0.000        ; 0.000      ; 0.722      ;
; 0.535 ; wr_sync[0]                  ; wr_sync[1]                  ; PI_CLK       ; PI_CLK      ; 0.000        ; 0.000      ; 0.722      ;
; 0.538 ; ipl_2[2]                    ; ipl[2]                      ; PI_CLK       ; PI_CLK      ; 0.000        ; 0.000      ; 0.725      ;
; 0.545 ; state.100                   ; PI_TXN_IN_PROGRESS~reg0     ; PI_CLK       ; PI_CLK      ; 0.000        ; 0.000      ; 0.732      ;
; 0.547 ; state.100                   ; PI_TXN_IN_PROGRESS_delay[1] ; PI_CLK       ; PI_CLK      ; 0.000        ; 0.000      ; 0.734      ;
; 0.555 ; state.100                   ; state.101                   ; PI_CLK       ; PI_CLK      ; 0.000        ; 0.000      ; 0.742      ;
; 0.556 ; state.100                   ; LTCH_D_RD_L~reg0            ; PI_CLK       ; PI_CLK      ; 0.000        ; 0.000      ; 0.743      ;
; 0.556 ; M68K_RW~reg0                ; M68K_RW~reg0                ; PI_CLK       ; PI_CLK      ; 0.000        ; 0.000      ; 0.743      ;
; 0.556 ; state.100                   ; PI_TXN_IN_PROGRESS_delay[2] ; PI_CLK       ; PI_CLK      ; 0.000        ; 0.000      ; 0.743      ;
; 0.562 ; c7m_sync[2]                 ; state.111                   ; PI_CLK       ; PI_CLK      ; 0.000        ; 0.000      ; 0.749      ;
; 0.566 ; state.011                   ; state.011                   ; PI_CLK       ; PI_CLK      ; 0.000        ; 0.000      ; 0.753      ;
; 0.617 ; op_rw                       ; M68K_RW~reg0                ; PI_CLK       ; PI_CLK      ; 0.000        ; 0.000      ; 0.804      ;
; 0.661 ; bus_relinquished            ; bus_relinquished            ; PI_CLK       ; PI_CLK      ; 0.000        ; 0.000      ; 0.848      ;
; 0.665 ; e_counter[0]                ; M68K_E~reg0                 ; PI_CLK       ; PI_CLK      ; 0.000        ; 0.000      ; 0.852      ;
; 0.678 ; state.011                   ; op_req                      ; PI_CLK       ; PI_CLK      ; 0.000        ; 0.000      ; 0.865      ;
; 0.679 ; state.110                   ; state.110                   ; PI_CLK       ; PI_CLK      ; 0.000        ; 0.000      ; 0.866      ;
; 0.684 ; c7m_sync[1]                 ; state.110                   ; PI_CLK       ; PI_CLK      ; 0.000        ; 0.000      ; 0.871      ;
; 0.691 ; e_counter[2]                ; e_counter[3]                ; PI_CLK       ; PI_CLK      ; 0.000        ; 0.000      ; 0.878      ;
; 0.692 ; e_counter[2]                ; e_counter[1]                ; PI_CLK       ; PI_CLK      ; 0.000        ; 0.000      ; 0.879      ;
; 0.694 ; br_sync[1]                  ; data_out[11]                ; PI_CLK       ; PI_CLK      ; 0.000        ; 0.000      ; 0.881      ;
; 0.705 ; bg_n                        ; data_out[10]                ; PI_CLK       ; PI_CLK      ; 0.000        ; 0.000      ; 0.892      ;
; 0.716 ; c7m_sync[1]                 ; state.010                   ; PI_CLK       ; PI_CLK      ; 0.000        ; 0.000      ; 0.903      ;
; 0.716 ; ipl_2[2]                    ; ipl[0]                      ; PI_CLK       ; PI_CLK      ; 0.000        ; 0.000      ; 0.903      ;
; 0.716 ; ipl_2[2]                    ; ipl[1]                      ; PI_CLK       ; PI_CLK      ; 0.000        ; 0.000      ; 0.903      ;
; 0.719 ; state.111                   ; M68K_UDS_n~reg0             ; PI_CLK       ; PI_CLK      ; 0.000        ; 0.000      ; 0.906      ;
; 0.724 ; state.111                   ; M68K_LDS_n~reg0             ; PI_CLK       ; PI_CLK      ; 0.000        ; 0.000      ; 0.911      ;
; 0.736 ; state.110                   ; state.111                   ; PI_CLK       ; PI_CLK      ; 0.000        ; 0.000      ; 0.923      ;
; 0.739 ; ipl_1[2]                    ; ipl_2[2]                    ; PI_CLK       ; PI_CLK      ; 0.000        ; 0.000      ; 0.926      ;
; 0.746 ; status[2]                   ; data_out[8]                 ; PI_CLK       ; PI_CLK      ; 0.000        ; 0.000      ; 0.933      ;
; 0.749 ; bgack_sync[1]               ; data_out[9]                 ; PI_CLK       ; PI_CLK      ; 0.000        ; 0.000      ; 0.936      ;
; 0.751 ; bus_relinquished            ; LTCH_A_OE_n~reg0            ; PI_CLK       ; PI_CLK      ; 0.000        ; 0.000      ; 0.938      ;
; 0.751 ; br_sync[1]                  ; state.010                   ; PI_CLK       ; PI_CLK      ; 0.000        ; 0.000      ; 0.938      ;
; 0.751 ; bus_relinquished            ; LTCH_D_WR_OE_n~reg0         ; PI_CLK       ; PI_CLK      ; 0.000        ; 0.000      ; 0.938      ;
; 0.751 ; M68K_VMA_n~reg0             ; M68K_VMA_n~reg0             ; PI_CLK       ; PI_CLK      ; 0.000        ; 0.000      ; 0.938      ;
; 0.755 ; status[2]                   ; state.001                   ; PI_CLK       ; PI_CLK      ; 0.000        ; 0.000      ; 0.942      ;
; 0.780 ; PI_TXN_IN_PROGRESS_delay[0] ; PI_TXN_IN_PROGRESS_delay[1] ; PI_CLK       ; PI_CLK      ; 0.000        ; 0.000      ; 0.967      ;
; 0.809 ; state.001                   ; state.110                   ; PI_CLK       ; PI_CLK      ; 0.000        ; 0.000      ; 0.996      ;
; 0.826 ; op_rw                       ; M68K_UDS_n~reg0             ; PI_CLK       ; PI_CLK      ; 0.000        ; 0.000      ; 1.013      ;
; 0.830 ; e_counter[2]                ; M68K_E~reg0                 ; PI_CLK       ; PI_CLK      ; 0.000        ; 0.000      ; 1.017      ;
; 0.831 ; state.001                   ; state.001                   ; PI_CLK       ; PI_CLK      ; 0.000        ; 0.000      ; 1.018      ;
; 0.832 ; op_rw                       ; M68K_LDS_n~reg0             ; PI_CLK       ; PI_CLK      ; 0.000        ; 0.000      ; 1.019      ;
; 0.832 ; op_rw                       ; LTCH_D_WR_OE_n~reg0         ; PI_CLK       ; PI_CLK      ; 0.000        ; 0.000      ; 1.019      ;
; 0.844 ; bgack_sync[1]               ; bus_relinquished            ; PI_CLK       ; PI_CLK      ; 0.000        ; 0.000      ; 1.031      ;
; 0.848 ; bus_relinquished            ; data_out[12]                ; PI_CLK       ; PI_CLK      ; 0.000        ; 0.000      ; 1.035      ;
; 0.879 ; state.100                   ; PI_TXN_IN_PROGRESS_delay[0] ; PI_CLK       ; PI_CLK      ; 0.000        ; 0.000      ; 1.066      ;
; 0.903 ; bus_relinquished            ; state.110                   ; PI_CLK       ; PI_CLK      ; 0.000        ; 0.000      ; 1.090      ;
; 0.904 ; bgack_sync[1]               ; state.001                   ; PI_CLK       ; PI_CLK      ; 0.000        ; 0.000      ; 1.091      ;
; 0.906 ; state.000                   ; op_req                      ; PI_CLK       ; PI_CLK      ; 0.000        ; 0.000      ; 1.093      ;
; 0.921 ; op_req                      ; op_req                      ; PI_CLK       ; PI_CLK      ; 0.000        ; 0.000      ; 1.108      ;
; 0.926 ; state.000                   ; bus_relinquished            ; PI_CLK       ; PI_CLK      ; 0.000        ; 0.000      ; 1.113      ;
; 0.928 ; bus_relinquished            ; M68K_UDS_n~reg0             ; PI_CLK       ; PI_CLK      ; 0.000        ; 0.000      ; 1.115      ;
; 0.929 ; e_counter[3]                ; PI_TXN_IN_PROGRESS_delay[0] ; PI_CLK       ; PI_CLK      ; 0.000        ; 0.000      ; 1.116      ;
; 0.933 ; bus_relinquished            ; M68K_LDS_n~reg0             ; PI_CLK       ; PI_CLK      ; 0.000        ; 0.000      ; 1.120      ;
; 0.939 ; c7m_sync[1]                 ; state.111                   ; PI_CLK       ; PI_CLK      ; 0.000        ; 0.000      ; 1.126      ;
; 0.939 ; state.011                   ; PI_TXN_IN_PROGRESS_delay[0] ; PI_CLK       ; PI_CLK      ; 0.000        ; 0.000      ; 1.126      ;
; 0.949 ; bus_relinquished            ; M68K_RW~reg0                ; PI_CLK       ; PI_CLK      ; 0.000        ; 0.000      ; 1.136      ;
; 0.949 ; bus_relinquished            ; M68K_VMA_n~reg0             ; PI_CLK       ; PI_CLK      ; 0.000        ; 0.000      ; 1.136      ;
; 0.980 ; c7m_sync[2]                 ; state.011                   ; PI_CLK       ; PI_CLK      ; 0.000        ; 0.000      ; 1.167      ;
; 0.987 ; ipl_1[2]                    ; ipl[0]                      ; PI_CLK       ; PI_CLK      ; 0.000        ; 0.000      ; 1.174      ;
; 0.987 ; ipl_1[2]                    ; ipl[1]                      ; PI_CLK       ; PI_CLK      ; 0.000        ; 0.000      ; 1.174      ;
; 0.987 ; ipl_1[2]                    ; ipl[2]                      ; PI_CLK       ; PI_CLK      ; 0.000        ; 0.000      ; 1.174      ;
; 0.990 ; c7m_sync[2]                 ; M68K_UDS_n~reg0             ; PI_CLK       ; PI_CLK      ; 0.000        ; 0.000      ; 1.177      ;
+-------+-----------------------------+-----------------------------+--------------+-------------+--------------+------------+------------+


+------------------------------------------------------------------------------+
; Multicorner Timing Analysis Summary                                          ;
+------------------+--------+-------+----------+---------+---------------------+
; Clock            ; Setup  ; Hold  ; Recovery ; Removal ; Minimum Pulse Width ;
+------------------+--------+-------+----------+---------+---------------------+
; Worst-case Slack ; -0.081 ; 0.280 ; N/A      ; N/A     ; 3.592               ;
;  M68K_C1         ; N/A    ; N/A   ; N/A      ; N/A     ; 278.711             ;
;  M68K_C3         ; N/A    ; N/A   ; N/A      ; N/A     ; 278.711             ;
;  M68K_CLK        ; N/A    ; N/A   ; N/A      ; N/A     ; 137.711             ;
;  PI_CLK          ; -0.081 ; 0.280 ; N/A      ; N/A     ; 3.592               ;
; Design-wide TNS  ; -0.162 ; 0.0   ; 0.0      ; 0.0     ; 0.0                 ;
;  M68K_C1         ; N/A    ; N/A   ; N/A      ; N/A     ; 0.000               ;
;  M68K_C3         ; N/A    ; N/A   ; N/A      ; N/A     ; 0.000               ;
;  M68K_CLK        ; N/A    ; N/A   ; N/A      ; N/A     ; 0.000               ;
;  PI_CLK          ; -0.162 ; 0.000 ; N/A      ; N/A     ; 0.000               ;
+------------------+--------+-------+----------+---------+---------------------+


+-----------------------------------------------------------------------+
; Setup Transfers                                                       ;
+------------+----------+------------+------------+----------+----------+
; From Clock ; To Clock ; RR Paths   ; FR Paths   ; RF Paths ; FF Paths ;
+------------+----------+------------+------------+----------+----------+
; M68K_C1    ; PI_CLK   ; false path ; false path ; 0        ; 0        ;
; M68K_C3    ; PI_CLK   ; false path ; false path ; 0        ; 0        ;
; M68K_CLK   ; PI_CLK   ; false path ; false path ; 0        ; 0        ;
; PI_CLK     ; PI_CLK   ; 386        ; 0          ; 0        ; 0        ;
+------------+----------+------------+------------+----------+----------+
Entries labeled "false path" only account for clock-to-clock false paths and not path-based false paths. As a result, actual path counts may be lower than reported.


+-----------------------------------------------------------------------+
; Hold Transfers                                                        ;
+------------+----------+------------+------------+----------+----------+
; From Clock ; To Clock ; RR Paths   ; FR Paths   ; RF Paths ; FF Paths ;
+------------+----------+------------+------------+----------+----------+
; M68K_C1    ; PI_CLK   ; false path ; false path ; 0        ; 0        ;
; M68K_C3    ; PI_CLK   ; false path ; false path ; 0        ; 0        ;
; M68K_CLK   ; PI_CLK   ; false path ; false path ; 0        ; 0        ;
; PI_CLK     ; PI_CLK   ; 386        ; 0          ; 0        ; 0        ;
+------------+----------+------------+------------+----------+----------+
Entries labeled "false path" only account for clock-to-clock false paths and not path-based false paths. As a result, actual path counts may be lower than reported.


---------------
; Report TCCS ;
---------------
No dedicated SERDES Transmitter circuitry present in device or used in design


---------------
; Report RSKM ;
---------------
No non-DPA dedicated SERDES Receiver circuitry present in device or used in design


+------------------------------------------------+
; Unconstrained Paths Summary                    ;
+---------------------------------+-------+------+
; Property                        ; Setup ; Hold ;
+---------------------------------+-------+------+
; Illegal Clocks                  ; 0     ; 0    ;
; Unconstrained Clocks            ; 0     ; 0    ;
; Unconstrained Input Ports       ; 5     ; 5    ;
; Unconstrained Input Port Paths  ; 14    ; 14   ;
; Unconstrained Output Ports      ; 1     ; 1    ;
; Unconstrained Output Port Paths ; 3     ; 3    ;
+---------------------------------+-------+------+


+------------------------------------------+
; Clock Status Summary                     ;
+----------+----------+------+-------------+
; Target   ; Clock    ; Type ; Status      ;
+----------+----------+------+-------------+
; M68K_C1  ; M68K_C1  ; Base ; Constrained ;
; M68K_C3  ; M68K_C3  ; Base ; Constrained ;
; M68K_CLK ; M68K_CLK ; Base ; Constrained ;
; PI_CLK   ; PI_CLK   ; Base ; Constrained ;
+----------+----------+------+-------------+


+-----------------------------------------------------------------------------------------------------+
; Unconstrained Input Ports                                                                           ;
+--------------+--------------------------------------------------------------------------------------+
; Input Port   ; Comment                                                                              ;
+--------------+--------------------------------------------------------------------------------------+
; CLK_SEL      ; No input delay, min/max delays, false-path exceptions, or max skew assignments found ;
; M68K_BERR_n  ; No input delay, min/max delays, false-path exceptions, or max skew assignments found ;
; M68K_BGACK_n ; Partially constrained                                                                ;
; M68K_BR_n    ; No input delay, min/max delays, false-path exceptions, or max skew assignments found ;
; M68K_RESET_n ; No input delay, min/max delays, false-path exceptions, or max skew assignments found ;
+--------------+--------------------------------------------------------------------------------------+


+-----------------------------------------------------------------------------------------------------+
; Unconstrained Output Ports                                                                          ;
+-------------+---------------------------------------------------------------------------------------+
; Output Port ; Comment                                                                               ;
+-------------+---------------------------------------------------------------------------------------+
; PI_RESET    ; No output delay, min/max delays, false-path exceptions, or max skew assignments found ;
+-------------+---------------------------------------------------------------------------------------+


+-----------------------------------------------------------------------------------------------------+
; Unconstrained Input Ports                                                                           ;
+--------------+--------------------------------------------------------------------------------------+
; Input Port   ; Comment                                                                              ;
+--------------+--------------------------------------------------------------------------------------+
; CLK_SEL      ; No input delay, min/max delays, false-path exceptions, or max skew assignments found ;
; M68K_BERR_n  ; No input delay, min/max delays, false-path exceptions, or max skew assignments found ;
; M68K_BGACK_n ; Partially constrained                                                                ;
; M68K_BR_n    ; No input delay, min/max delays, false-path exceptions, or max skew assignments found ;
; M68K_RESET_n ; No input delay, min/max delays, false-path exceptions, or max skew assignments found ;
+--------------+--------------------------------------------------------------------------------------+


+-----------------------------------------------------------------------------------------------------+
; Unconstrained Output Ports                                                                          ;
+-------------+---------------------------------------------------------------------------------------+
; Output Port ; Comment                                                                               ;
+-------------+---------------------------------------------------------------------------------------+
; PI_RESET    ; No output delay, min/max delays, false-path exceptions, or max skew assignments found ;
+-------------+---------------------------------------------------------------------------------------+


+--------------------------+
; Timing Analyzer Messages ;
+--------------------------+
Info: *******************************************************************
Info: Running Quartus Prime Timing Analyzer
    Info: Version 25.1std.0 Build 1129 10/21/2025 SC Lite Edition
    Info: Processing started: Tue Feb 24 00:48:42 2026
Info: Command: quartus_sta pistorm_fc -c pistorm_fc
Info: qsta_default_script.tcl version: #1
Info (20030): Parallel compilation is enabled and will use 16 of the 24 processors detected
Info (21077): Low junction temperature is 0 degrees C
Info (21077): High junction temperature is 85 degrees C
Info (334003): Started post-fitting delay annotation
Info (334004): Delay annotation completed successfully
Info (332104): Reading SDC File: 'pistorm_fc.sdc'
Info: Found TIMING_ANALYZER_REPORT_SCRIPT_INCLUDE_DEFAULT_ANALYSIS = ON
Info: Analyzing Slow Model
Info: Can't run Report Timing Closure Recommendations. The current device family is not supported.
Critical Warning (332148): Timing requirements not met
Info (332146): Worst-case setup slack is -0.081
    Info (332119):     Slack       End Point TNS Clock 
    Info (332119): ========= =================== =====================
    Info (332119):    -0.081              -0.162 PI_CLK 
Info (332146): Worst-case hold slack is 1.078
    Info (332119):     Slack       End Point TNS Clock 
    Info (332119): ========= =================== =====================
    Info (332119):     1.078               0.000 PI_CLK 
Info (332140): No Recovery paths to report
Info (332140): No Removal paths to report
Info (332146): Worst-case minimum pulse width slack is 3.592
    Info (332119):     Slack       End Point TNS Clock 
    Info (332119): ========= =================== =====================
    Info (332119):     3.592               0.000 PI_CLK 
    Info (332119):   137.711               0.000 M68K_CLK 
    Info (332119):   278.711               0.000 M68K_C1 
    Info (332119):   278.711               0.000 M68K_C3 
Info (332001): The selected device family is not supported by the report_metastability command.
Info: Analyzing Fast Model
Info (334003): Started post-fitting delay annotation
Info (334004): Delay annotation completed successfully
Info (332146): Worst-case setup slack is 5.006
    Info (332119):     Slack       End Point TNS Clock 
    Info (332119): ========= =================== =====================
    Info (332119):     5.006               0.000 PI_CLK 
Info (332146): Worst-case hold slack is 0.280
    Info (332119):     Slack       End Point TNS Clock 
    Info (332119): ========= =================== =====================
    Info (332119):     0.280               0.000 PI_CLK 
Info (332140): No Recovery paths to report
Info (332140): No Removal paths to report
Info (332146): Worst-case minimum pulse width slack is 3.765
    Info (332119):     Slack       End Point TNS Clock 
    Info (332119): ========= =================== =====================
    Info (332119):     3.765               0.000 PI_CLK 
    Info (332119):   137.711               0.000 M68K_CLK 
    Info (332119):   278.711               0.000 M68K_C1 
    Info (332119):   278.711               0.000 M68K_C3 
Info (332001): The selected device family is not supported by the report_metastability command.
Info (332102): Design is not fully constrained for setup requirements
Info (332102): Design is not fully constrained for hold requirements
Info: Quartus Prime Timing Analyzer was successful. 0 errors, 1 warning
    Info: Peak virtual memory: 336 megabytes
    Info: Processing ended: Tue Feb 24 00:48:42 2026
    Info: Elapsed time: 00:00:00
    Info: Total CPU time (on all processors): 00:00:00


