Timing Analyzer report for pistorm_fc
Tue Feb 24 00:09:00 2026
Quartus Prime Version 25.1std.0 Build 1129 10/21/2025 SC Lite Edition


---------------------
; Table of Contents ;
---------------------
  1. Legal Notice
  2. Timing Analyzer Summary
  3. Parallel Compilation
  4. SDC File List
  5. Clocks
  6. Slow Model Fmax Summary
  7. Slow Model Setup Summary
  8. Slow Model Hold Summary
  9. Slow Model Recovery Summary
 10. Slow Model Removal Summary
 11. Slow Model Minimum Pulse Width Summary
 12. Slow Model Setup: 'PI_CLK'
 13. Slow Model Hold: 'PI_CLK'
 14. Fast Model Setup Summary
 15. Fast Model Hold Summary
 16. Fast Model Recovery Summary
 17. Fast Model Removal Summary
 18. Fast Model Minimum Pulse Width Summary
 19. Fast Model Setup: 'PI_CLK'
 20. Fast Model Hold: 'PI_CLK'
 21. Multicorner Timing Analysis Summary
 22. Setup Transfers
 23. Hold Transfers
 24. Report TCCS
 25. Report RSKM
 26. Unconstrained Paths Summary
 27. Clock Status Summary
 28. Unconstrained Input Ports
 29. Unconstrained Output Ports
 30. Unconstrained Input Ports
 31. Unconstrained Output Ports
 32. Timing Analyzer Messages



----------------
; Legal Notice ;
----------------
Copyright (C) 2025  Altera Corporation. All rights reserved.
Your use of Altera Corporation's design tools, logic functions 
and other software and tools, and any partner logic 
functions, and any output files from any of the foregoing 
(including device programming or simulation files), and any 
associated documentation or information are expressly subject 
to the terms and conditions of the Altera Program License 
Subscription Agreement, the Altera Quartus Prime License Agreement,
the Altera IP License Agreement, or other applicable license
agreement, including, without limitation, that your use is for
the sole purpose of programming logic devices manufactured by
Altera and sold by Altera or its authorized distributors.  Please
refer to the Altera Software License Subscription Agreements 
on the Quartus Prime software download page.



+---------------------------------------------------------------------------------+
; Timing Analyzer Summary                                                         ;
+-----------------------+---------------------------------------------------------+
; Quartus Prime Version ; Version 25.1std.0 Build 1129 10/21/2025 SC Lite Edition ;
; Timing Analyzer       ; Legacy Timing Analyzer                                  ;
; Revision Name         ; pistorm_fc                                              ;
; Device Family         ; MAX II                                                  ;
; Device Name           ; EPM240T100C5                                            ;
; Timing Models         ; Final                                                   ;
; Delay Model           ; Combined                                                ;
; Rise/Fall Delays      ; Unavailable                                             ;
+-----------------------+---------------------------------------------------------+


+------------------------------------------+
; Parallel Compilation                     ;
+----------------------------+-------------+
; Processors                 ; Number      ;
+----------------------------+-------------+
; Number detected on machine ; 32          ;
; Maximum allowed            ; 16          ;
;                            ;             ;
; Average used               ; 1.00        ;
; Maximum used               ; 1           ;
;                            ;             ;
; Usage by Processor         ; % Time Used ;
;     Processor 1            ; 100.0%      ;
+----------------------------+-------------+


+----------------------------------------------------+
; SDC File List                                      ;
+----------------+--------+--------------------------+
; SDC File Path  ; Status ; Read at                  ;
+----------------+--------+--------------------------+
; pistorm_fc.sdc ; OK     ; Tue Feb 24 00:08:59 2026 ;
+----------------+--------+--------------------------+


+----------------------------------------------------------------------------------------------------------------------------------------------------------------------------------------+
; Clocks                                                                                                                                                                                 ;
+------------+------+---------+-----------+-------+---------+------------+-----------+-------------+-------+--------+-----------+------------+----------+--------+--------+--------------+
; Clock Name ; Type ; Period  ; Frequency ; Rise  ; Fall    ; Duty Cycle ; Divide by ; Multiply by ; Phase ; Offset ; Edge List ; Edge Shift ; Inverted ; Master ; Source ; Targets      ;
+------------+------+---------+-----------+-------+---------+------------+-----------+-------------+-------+--------+-----------+------------+----------+--------+--------+--------------+
; M68K_C1    ; Base ; 282.000 ; 3.55 MHz  ; 0.000 ; 141.000 ;            ;           ;             ;       ;        ;           ;            ;          ;        ;        ; { M68K_C1 }  ;
; M68K_C3    ; Base ; 282.000 ; 3.55 MHz  ; 0.000 ; 141.000 ;            ;           ;             ;       ;        ;           ;            ;          ;        ;        ; { M68K_C3 }  ;
; M68K_CLK   ; Base ; 141.000 ; 7.09 MHz  ; 0.000 ; 70.500  ;            ;           ;             ;       ;        ;           ;            ;          ;        ;        ; { M68K_CLK } ;
; PI_CLK     ; Base ; 5.000   ; 200.0 MHz ; 0.000 ; 2.500   ;            ;           ;             ;       ;        ;           ;            ;          ;        ;        ; { PI_CLK }   ;
+------------+------+---------+-----------+-------+---------+------------+-----------+-------------+-------+--------+-----------+------------+----------+--------+--------+--------------+


+--------------------------------------------------+
; Slow Model Fmax Summary                          ;
+------------+-----------------+------------+------+
; Fmax       ; Restricted Fmax ; Clock Name ; Note ;
+------------+-----------------+------------+------+
; 137.82 MHz ; 137.82 MHz      ; PI_CLK     ;      ;
+------------+-----------------+------------+------+
This panel reports FMAX for every clock in the design, regardless of the user-specified clock periods.  FMAX is only computed for paths where the source and destination registers or ports are driven by the same clock.  Paths of different clocks, including generated clocks, are ignored.  For paths between a clock and its inversion, FMAX is computed as if the rising and falling edges are scaled along with FMAX, such that the duty cycle (in terms of a percentage) is maintained. Altera recommends that you always use clock constraints and other slack reports for sign-off analysis.


+---------------------------------+
; Slow Model Setup Summary        ;
+--------+--------+---------------+
; Clock  ; Slack  ; End Point TNS ;
+--------+--------+---------------+
; PI_CLK ; -2.256 ; -37.904       ;
+--------+--------+---------------+


+--------------------------------+
; Slow Model Hold Summary        ;
+--------+-------+---------------+
; Clock  ; Slack ; End Point TNS ;
+--------+-------+---------------+
; PI_CLK ; 1.078 ; 0.000         ;
+--------+-------+---------------+


-------------------------------
; Slow Model Recovery Summary ;
-------------------------------
No paths to report.


------------------------------
; Slow Model Removal Summary ;
------------------------------
No paths to report.


+----------------------------------------+
; Slow Model Minimum Pulse Width Summary ;
+----------+---------+-------------------+
; Clock    ; Slack   ; End Point TNS     ;
+----------+---------+-------------------+
; PI_CLK   ; 1.711   ; 0.000             ;
; M68K_CLK ; 137.711 ; 0.000             ;
; M68K_C1  ; 278.711 ; 0.000             ;
; M68K_C3  ; 278.711 ; 0.000             ;
+----------+---------+-------------------+


+-------------------------------------------------------------------------------------------------------------------------------+
; Slow Model Setup: 'PI_CLK'                                                                                                    ;
+--------+------------------+-----------------------------+--------------+-------------+--------------+------------+------------+
; Slack  ; From Node        ; To Node                     ; Launch Clock ; Latch Clock ; Relationship ; Clock Skew ; Data Delay ;
+--------+------------------+-----------------------------+--------------+-------------+--------------+------------+------------+
; -2.256 ; e_counter[1]     ; state.010                   ; PI_CLK       ; PI_CLK      ; 5.000        ; 0.000      ; 6.923      ;
; -2.049 ; e_counter[3]     ; state.010                   ; PI_CLK       ; PI_CLK      ; 5.000        ; 0.000      ; 6.716      ;
; -1.938 ; br_sync[1]       ; state.010                   ; PI_CLK       ; PI_CLK      ; 5.000        ; 0.000      ; 6.605      ;
; -1.924 ; e_counter[0]     ; state.010                   ; PI_CLK       ; PI_CLK      ; 5.000        ; 0.000      ; 6.591      ;
; -1.859 ; status[2]        ; state.001                   ; PI_CLK       ; PI_CLK      ; 5.000        ; 0.000      ; 6.526      ;
; -1.837 ; e_counter[1]     ; state.110                   ; PI_CLK       ; PI_CLK      ; 5.000        ; 0.000      ; 6.504      ;
; -1.798 ; state.011        ; state.001                   ; PI_CLK       ; PI_CLK      ; 5.000        ; 0.000      ; 6.465      ;
; -1.773 ; state.101        ; state.010                   ; PI_CLK       ; PI_CLK      ; 5.000        ; 0.000      ; 6.440      ;
; -1.667 ; e_counter[2]     ; state.010                   ; PI_CLK       ; PI_CLK      ; 5.000        ; 0.000      ; 6.334      ;
; -1.634 ; op_req           ; state.010                   ; PI_CLK       ; PI_CLK      ; 5.000        ; 0.000      ; 6.301      ;
; -1.630 ; e_counter[3]     ; state.110                   ; PI_CLK       ; PI_CLK      ; 5.000        ; 0.000      ; 6.297      ;
; -1.603 ; state.011        ; state.010                   ; PI_CLK       ; PI_CLK      ; 5.000        ; 0.000      ; 6.270      ;
; -1.592 ; c7m_sync[2]      ; state.010                   ; PI_CLK       ; PI_CLK      ; 5.000        ; 0.000      ; 6.259      ;
; -1.573 ; M68K_VMA_n~reg0  ; state.010                   ; PI_CLK       ; PI_CLK      ; 5.000        ; 0.000      ; 6.240      ;
; -1.551 ; e_counter[1]     ; PI_TXN_IN_PROGRESS_delay[2] ; PI_CLK       ; PI_CLK      ; 5.000        ; 0.000      ; 6.218      ;
; -1.551 ; e_counter[1]     ; PI_TXN_IN_PROGRESS_delay[1] ; PI_CLK       ; PI_CLK      ; 5.000        ; 0.000      ; 6.218      ;
; -1.519 ; br_sync[1]       ; state.110                   ; PI_CLK       ; PI_CLK      ; 5.000        ; 0.000      ; 6.186      ;
; -1.506 ; c7m_sync[1]      ; M68K_LDS_n~reg0             ; PI_CLK       ; PI_CLK      ; 5.000        ; 0.000      ; 6.173      ;
; -1.505 ; e_counter[0]     ; state.110                   ; PI_CLK       ; PI_CLK      ; 5.000        ; 0.000      ; 6.172      ;
; -1.447 ; c7m_sync[1]      ; M68K_E~reg0                 ; PI_CLK       ; PI_CLK      ; 5.000        ; 0.000      ; 6.114      ;
; -1.427 ; e_counter[1]     ; PI_TXN_IN_PROGRESS_delay[0] ; PI_CLK       ; PI_CLK      ; 5.000        ; 0.000      ; 6.094      ;
; -1.410 ; wr_sync[0]       ; bus_relinquished            ; PI_CLK       ; PI_CLK      ; 5.000        ; 0.000      ; 6.077      ;
; -1.354 ; state.101        ; state.110                   ; PI_CLK       ; PI_CLK      ; 5.000        ; 0.000      ; 6.021      ;
; -1.346 ; br_sync[1]       ; op_req                      ; PI_CLK       ; PI_CLK      ; 5.000        ; 0.000      ; 6.013      ;
; -1.344 ; e_counter[3]     ; PI_TXN_IN_PROGRESS_delay[2] ; PI_CLK       ; PI_CLK      ; 5.000        ; 0.000      ; 6.011      ;
; -1.344 ; e_counter[3]     ; PI_TXN_IN_PROGRESS_delay[1] ; PI_CLK       ; PI_CLK      ; 5.000        ; 0.000      ; 6.011      ;
; -1.336 ; c7m_sync[1]      ; state.001                   ; PI_CLK       ; PI_CLK      ; 5.000        ; 0.000      ; 6.003      ;
; -1.332 ; state.001        ; state.010                   ; PI_CLK       ; PI_CLK      ; 5.000        ; 0.000      ; 5.999      ;
; -1.283 ; state.100        ; state.001                   ; PI_CLK       ; PI_CLK      ; 5.000        ; 0.000      ; 5.950      ;
; -1.252 ; c7m_sync[2]      ; state.100                   ; PI_CLK       ; PI_CLK      ; 5.000        ; 0.000      ; 5.919      ;
; -1.248 ; e_counter[2]     ; state.110                   ; PI_CLK       ; PI_CLK      ; 5.000        ; 0.000      ; 5.915      ;
; -1.220 ; e_counter[3]     ; PI_TXN_IN_PROGRESS_delay[0] ; PI_CLK       ; PI_CLK      ; 5.000        ; 0.000      ; 5.887      ;
; -1.219 ; e_counter[0]     ; PI_TXN_IN_PROGRESS_delay[2] ; PI_CLK       ; PI_CLK      ; 5.000        ; 0.000      ; 5.886      ;
; -1.219 ; e_counter[0]     ; PI_TXN_IN_PROGRESS_delay[1] ; PI_CLK       ; PI_CLK      ; 5.000        ; 0.000      ; 5.886      ;
; -1.215 ; op_req           ; state.110                   ; PI_CLK       ; PI_CLK      ; 5.000        ; 0.000      ; 5.882      ;
; -1.184 ; state.011        ; state.110                   ; PI_CLK       ; PI_CLK      ; 5.000        ; 0.000      ; 5.851      ;
; -1.181 ; c7m_sync[1]      ; M68K_UDS_n~reg0             ; PI_CLK       ; PI_CLK      ; 5.000        ; 0.000      ; 5.848      ;
; -1.173 ; c7m_sync[2]      ; state.110                   ; PI_CLK       ; PI_CLK      ; 5.000        ; 0.000      ; 5.840      ;
; -1.158 ; c7m_sync[1]      ; M68K_VMA_n~reg0             ; PI_CLK       ; PI_CLK      ; 5.000        ; 0.000      ; 5.825      ;
; -1.154 ; M68K_VMA_n~reg0  ; state.110                   ; PI_CLK       ; PI_CLK      ; 5.000        ; 0.000      ; 5.821      ;
; -1.141 ; c7m_sync[1]      ; state.010                   ; PI_CLK       ; PI_CLK      ; 5.000        ; 0.000      ; 5.808      ;
; -1.116 ; state.000        ; state.010                   ; PI_CLK       ; PI_CLK      ; 5.000        ; 0.000      ; 5.783      ;
; -1.114 ; state.001        ; state.001                   ; PI_CLK       ; PI_CLK      ; 5.000        ; 0.000      ; 5.781      ;
; -1.106 ; c7m_sync[2]      ; M68K_LDS_n~reg0             ; PI_CLK       ; PI_CLK      ; 5.000        ; 0.000      ; 5.773      ;
; -1.095 ; e_counter[0]     ; PI_TXN_IN_PROGRESS_delay[0] ; PI_CLK       ; PI_CLK      ; 5.000        ; 0.000      ; 5.762      ;
; -1.090 ; rd_sync[0]       ; rd_sync[1]                  ; PI_CLK       ; PI_CLK      ; 5.000        ; 0.000      ; 5.757      ;
; -1.085 ; state.010        ; state.001                   ; PI_CLK       ; PI_CLK      ; 5.000        ; 0.000      ; 5.752      ;
; -1.053 ; status[2]        ; M68K_RW~reg0                ; PI_CLK       ; PI_CLK      ; 5.000        ; 0.000      ; 5.720      ;
; -1.047 ; c7m_sync[2]      ; M68K_E~reg0                 ; PI_CLK       ; PI_CLK      ; 5.000        ; 0.000      ; 5.714      ;
; -1.038 ; wr_sync[1]       ; bus_relinquished            ; PI_CLK       ; PI_CLK      ; 5.000        ; 0.000      ; 5.705      ;
; -1.036 ; op_rw            ; M68K_RW~reg0                ; PI_CLK       ; PI_CLK      ; 5.000        ; 0.000      ; 5.703      ;
; -1.033 ; bus_relinquished ; M68K_UDS_n~reg0             ; PI_CLK       ; PI_CLK      ; 5.000        ; 0.000      ; 5.700      ;
; -1.033 ; bus_relinquished ; M68K_LDS_n~reg0             ; PI_CLK       ; PI_CLK      ; 5.000        ; 0.000      ; 5.700      ;
; -0.988 ; e_counter[1]     ; M68K_VMA_n~reg0             ; PI_CLK       ; PI_CLK      ; 5.000        ; 0.000      ; 5.655      ;
; -0.962 ; e_counter[2]     ; PI_TXN_IN_PROGRESS_delay[2] ; PI_CLK       ; PI_CLK      ; 5.000        ; 0.000      ; 5.629      ;
; -0.962 ; e_counter[2]     ; PI_TXN_IN_PROGRESS_delay[1] ; PI_CLK       ; PI_CLK      ; 5.000        ; 0.000      ; 5.629      ;
; -0.957 ; e_counter[3]     ; M68K_VMA_n~reg0             ; PI_CLK       ; PI_CLK      ; 5.000        ; 0.000      ; 5.624      ;
; -0.942 ; state.010        ; M68K_UDS_n~reg0             ; PI_CLK       ; PI_CLK      ; 5.000        ; 0.000      ; 5.609      ;
; -0.942 ; state.010        ; M68K_LDS_n~reg0             ; PI_CLK       ; PI_CLK      ; 5.000        ; 0.000      ; 5.609      ;
; -0.913 ; state.001        ; state.110                   ; PI_CLK       ; PI_CLK      ; 5.000        ; 0.000      ; 5.580      ;
; -0.912 ; c7m_sync[2]      ; state.001                   ; PI_CLK       ; PI_CLK      ; 5.000        ; 0.000      ; 5.579      ;
; -0.891 ; c7m_sync[1]      ; state.100                   ; PI_CLK       ; PI_CLK      ; 5.000        ; 0.000      ; 5.558      ;
; -0.886 ; c7m_sync[1]      ; e_counter[0]                ; PI_CLK       ; PI_CLK      ; 5.000        ; 0.000      ; 5.553      ;
; -0.886 ; c7m_sync[1]      ; e_counter[1]                ; PI_CLK       ; PI_CLK      ; 5.000        ; 0.000      ; 5.553      ;
; -0.886 ; c7m_sync[1]      ; e_counter[3]                ; PI_CLK       ; PI_CLK      ; 5.000        ; 0.000      ; 5.553      ;
; -0.868 ; M68K_VMA_n~reg0  ; PI_TXN_IN_PROGRESS_delay[2] ; PI_CLK       ; PI_CLK      ; 5.000        ; 0.000      ; 5.535      ;
; -0.868 ; M68K_VMA_n~reg0  ; PI_TXN_IN_PROGRESS_delay[1] ; PI_CLK       ; PI_CLK      ; 5.000        ; 0.000      ; 5.535      ;
; -0.867 ; op_req           ; state.001                   ; PI_CLK       ; PI_CLK      ; 5.000        ; 0.000      ; 5.534      ;
; -0.862 ; status[2]        ; state.010                   ; PI_CLK       ; PI_CLK      ; 5.000        ; 0.000      ; 5.529      ;
; -0.858 ; c7m_sync[1]      ; ipl_2[1]                    ; PI_CLK       ; PI_CLK      ; 5.000        ; 0.000      ; 5.525      ;
; -0.858 ; c7m_sync[1]      ; ipl_1[1]                    ; PI_CLK       ; PI_CLK      ; 5.000        ; 0.000      ; 5.525      ;
; -0.858 ; c7m_sync[1]      ; ipl_1[0]                    ; PI_CLK       ; PI_CLK      ; 5.000        ; 0.000      ; 5.525      ;
; -0.858 ; c7m_sync[1]      ; ipl_2[0]                    ; PI_CLK       ; PI_CLK      ; 5.000        ; 0.000      ; 5.525      ;
; -0.858 ; c7m_sync[1]      ; ipl_1[2]                    ; PI_CLK       ; PI_CLK      ; 5.000        ; 0.000      ; 5.525      ;
; -0.858 ; c7m_sync[1]      ; ipl_2[2]                    ; PI_CLK       ; PI_CLK      ; 5.000        ; 0.000      ; 5.525      ;
; -0.848 ; c7m_sync[1]      ; e_counter[2]                ; PI_CLK       ; PI_CLK      ; 5.000        ; 0.000      ; 5.515      ;
; -0.841 ; br_sync[1]       ; bg_n                        ; PI_CLK       ; PI_CLK      ; 5.000        ; 0.000      ; 5.508      ;
; -0.841 ; c7m_sync[2]      ; M68K_VMA_n~reg0             ; PI_CLK       ; PI_CLK      ; 5.000        ; 0.000      ; 5.508      ;
; -0.840 ; e_counter[1]     ; state.001                   ; PI_CLK       ; PI_CLK      ; 5.000        ; 0.000      ; 5.507      ;
; -0.838 ; e_counter[2]     ; PI_TXN_IN_PROGRESS_delay[0] ; PI_CLK       ; PI_CLK      ; 5.000        ; 0.000      ; 5.505      ;
; -0.814 ; e_counter[1]     ; e_counter[3]                ; PI_CLK       ; PI_CLK      ; 5.000        ; 0.000      ; 5.481      ;
; -0.806 ; e_counter[1]     ; e_counter[1]                ; PI_CLK       ; PI_CLK      ; 5.000        ; 0.000      ; 5.473      ;
; -0.781 ; c7m_sync[2]      ; M68K_UDS_n~reg0             ; PI_CLK       ; PI_CLK      ; 5.000        ; 0.000      ; 5.448      ;
; -0.766 ; e_counter[1]     ; state.011                   ; PI_CLK       ; PI_CLK      ; 5.000        ; 0.000      ; 5.433      ;
; -0.759 ; state.011        ; PI_TXN_IN_PROGRESS_delay[0] ; PI_CLK       ; PI_CLK      ; 5.000        ; 0.000      ; 5.426      ;
; -0.745 ; state.111        ; state.010                   ; PI_CLK       ; PI_CLK      ; 5.000        ; 0.000      ; 5.412      ;
; -0.744 ; M68K_VMA_n~reg0  ; PI_TXN_IN_PROGRESS_delay[0] ; PI_CLK       ; PI_CLK      ; 5.000        ; 0.000      ; 5.411      ;
; -0.724 ; br_sync[1]       ; bus_relinquished            ; PI_CLK       ; PI_CLK      ; 5.000        ; 0.000      ; 5.391      ;
; -0.724 ; br_sync[1]       ; state.000                   ; PI_CLK       ; PI_CLK      ; 5.000        ; 0.000      ; 5.391      ;
; -0.722 ; e_counter[1]     ; state.100                   ; PI_CLK       ; PI_CLK      ; 5.000        ; 0.000      ; 5.389      ;
; -0.722 ; c7m_sync[1]      ; state.110                   ; PI_CLK       ; PI_CLK      ; 5.000        ; 0.000      ; 5.389      ;
; -0.715 ; bus_relinquished ; state.100                   ; PI_CLK       ; PI_CLK      ; 5.000        ; 0.000      ; 5.382      ;
; -0.697 ; state.000        ; state.110                   ; PI_CLK       ; PI_CLK      ; 5.000        ; 0.000      ; 5.364      ;
; -0.696 ; wr_sync[0]       ; status[2]                   ; PI_CLK       ; PI_CLK      ; 5.000        ; 0.000      ; 5.363      ;
; -0.665 ; e_counter[0]     ; M68K_E~reg0                 ; PI_CLK       ; PI_CLK      ; 5.000        ; 0.000      ; 5.332      ;
; -0.656 ; e_counter[0]     ; M68K_VMA_n~reg0             ; PI_CLK       ; PI_CLK      ; 5.000        ; 0.000      ; 5.323      ;
; -0.644 ; e_counter[3]     ; M68K_E~reg0                 ; PI_CLK       ; PI_CLK      ; 5.000        ; 0.000      ; 5.311      ;
; -0.633 ; e_counter[3]     ; state.001                   ; PI_CLK       ; PI_CLK      ; 5.000        ; 0.000      ; 5.300      ;
; -0.620 ; c7m_sync[1]      ; PI_TXN_IN_PROGRESS_delay[2] ; PI_CLK       ; PI_CLK      ; 5.000        ; 0.000      ; 5.287      ;
; -0.620 ; c7m_sync[1]      ; PI_TXN_IN_PROGRESS_delay[1] ; PI_CLK       ; PI_CLK      ; 5.000        ; 0.000      ; 5.287      ;
+--------+------------------+-----------------------------+--------------+-------------+--------------+------------+------------+


+-----------------------------------------------------------------------------------------------------------------------------------------+
; Slow Model Hold: 'PI_CLK'                                                                                                               ;
+-------+-----------------------------+-----------------------------+--------------+-------------+--------------+------------+------------+
; Slack ; From Node                   ; To Node                     ; Launch Clock ; Latch Clock ; Relationship ; Clock Skew ; Data Delay ;
+-------+-----------------------------+-----------------------------+--------------+-------------+--------------+------------+------------+
; 1.078 ; LTCH_D_WR_OE_n~reg0         ; LTCH_D_WR_OE_n~reg0         ; PI_CLK       ; PI_CLK      ; 0.000        ; 0.000      ; 1.299      ;
; 1.403 ; ipl_1[1]                    ; ipl_2[1]                    ; PI_CLK       ; PI_CLK      ; 0.000        ; 0.000      ; 1.624      ;
; 1.408 ; ipl_2[1]                    ; ipl[1]                      ; PI_CLK       ; PI_CLK      ; 0.000        ; 0.000      ; 1.629      ;
; 1.644 ; ipl_2[0]                    ; ipl[0]                      ; PI_CLK       ; PI_CLK      ; 0.000        ; 0.000      ; 1.865      ;
; 1.646 ; wr_sync[0]                  ; a0                          ; PI_CLK       ; PI_CLK      ; 0.000        ; 0.000      ; 1.867      ;
; 1.693 ; bus_relinquished            ; state.111                   ; PI_CLK       ; PI_CLK      ; 0.000        ; 0.000      ; 1.914      ;
; 1.770 ; ipl_1[0]                    ; ipl_2[0]                    ; PI_CLK       ; PI_CLK      ; 0.000        ; 0.000      ; 1.991      ;
; 1.770 ; ipl_1[2]                    ; ipl_2[2]                    ; PI_CLK       ; PI_CLK      ; 0.000        ; 0.000      ; 1.991      ;
; 1.818 ; ipl[1]                      ; data_out[14]                ; PI_CLK       ; PI_CLK      ; 0.000        ; 0.000      ; 2.039      ;
; 1.904 ; op_lds_n                    ; M68K_LDS_n~reg0             ; PI_CLK       ; PI_CLK      ; 0.000        ; 0.000      ; 2.125      ;
; 1.905 ; PI_TXN_IN_PROGRESS_delay[2] ; PI_TXN_IN_PROGRESS~reg0     ; PI_CLK       ; PI_CLK      ; 0.000        ; 0.000      ; 2.126      ;
; 1.909 ; M68K_E~reg0                 ; M68K_E~reg0                 ; PI_CLK       ; PI_CLK      ; 0.000        ; 0.000      ; 2.130      ;
; 1.937 ; state.101                   ; LTCH_D_RD_L~reg0            ; PI_CLK       ; PI_CLK      ; 0.000        ; 0.000      ; 2.158      ;
; 1.945 ; e_counter[1]                ; e_counter[2]                ; PI_CLK       ; PI_CLK      ; 0.000        ; 0.000      ; 2.166      ;
; 1.952 ; e_counter[0]                ; e_counter[0]                ; PI_CLK       ; PI_CLK      ; 0.000        ; 0.000      ; 2.173      ;
; 2.013 ; ipl_2[2]                    ; ipl[2]                      ; PI_CLK       ; PI_CLK      ; 0.000        ; 0.000      ; 2.234      ;
; 2.066 ; ipl[0]                      ; PI_IPL_ZERO~reg0            ; PI_CLK       ; PI_CLK      ; 0.000        ; 0.000      ; 2.287      ;
; 2.066 ; ipl[2]                      ; data_out[15]                ; PI_CLK       ; PI_CLK      ; 0.000        ; 0.000      ; 2.287      ;
; 2.072 ; ipl[0]                      ; data_out[13]                ; PI_CLK       ; PI_CLK      ; 0.000        ; 0.000      ; 2.293      ;
; 2.095 ; state.010                   ; LTCH_D_WR_OE_n~reg0         ; PI_CLK       ; PI_CLK      ; 0.000        ; 0.000      ; 2.316      ;
; 2.099 ; state.010                   ; LTCH_A_OE_n~reg0            ; PI_CLK       ; PI_CLK      ; 0.000        ; 0.000      ; 2.320      ;
; 2.127 ; state.010                   ; state.010                   ; PI_CLK       ; PI_CLK      ; 0.000        ; 0.000      ; 2.348      ;
; 2.130 ; op_rw                       ; M68K_LDS_n~reg0             ; PI_CLK       ; PI_CLK      ; 0.000        ; 0.000      ; 2.351      ;
; 2.131 ; op_rw                       ; M68K_UDS_n~reg0             ; PI_CLK       ; PI_CLK      ; 0.000        ; 0.000      ; 2.352      ;
; 2.142 ; PI_TXN_IN_PROGRESS_delay[1] ; PI_TXN_IN_PROGRESS_delay[2] ; PI_CLK       ; PI_CLK      ; 0.000        ; 0.000      ; 2.363      ;
; 2.143 ; pi_berr                     ; pi_berr                     ; PI_CLK       ; PI_CLK      ; 0.000        ; 0.000      ; 2.364      ;
; 2.151 ; state.000                   ; state.000                   ; PI_CLK       ; PI_CLK      ; 0.000        ; 0.000      ; 2.372      ;
; 2.154 ; state.000                   ; bus_relinquished            ; PI_CLK       ; PI_CLK      ; 0.000        ; 0.000      ; 2.375      ;
; 2.155 ; PI_TXN_IN_PROGRESS~reg0     ; PI_TXN_IN_PROGRESS~reg0     ; PI_CLK       ; PI_CLK      ; 0.000        ; 0.000      ; 2.376      ;
; 2.162 ; state.111                   ; LTCH_D_WR_OE_n~reg0         ; PI_CLK       ; PI_CLK      ; 0.000        ; 0.000      ; 2.383      ;
; 2.169 ; state.111                   ; LTCH_A_OE_n~reg0            ; PI_CLK       ; PI_CLK      ; 0.000        ; 0.000      ; 2.390      ;
; 2.174 ; wr_sync[1]                  ; a0                          ; PI_CLK       ; PI_CLK      ; 0.000        ; 0.000      ; 2.395      ;
; 2.203 ; e_counter[2]                ; e_counter[2]                ; PI_CLK       ; PI_CLK      ; 0.000        ; 0.000      ; 2.424      ;
; 2.204 ; e_counter[2]                ; e_counter[1]                ; PI_CLK       ; PI_CLK      ; 0.000        ; 0.000      ; 2.425      ;
; 2.212 ; e_counter[2]                ; e_counter[3]                ; PI_CLK       ; PI_CLK      ; 0.000        ; 0.000      ; 2.433      ;
; 2.213 ; LTCH_A_OE_n~reg0            ; LTCH_A_OE_n~reg0            ; PI_CLK       ; PI_CLK      ; 0.000        ; 0.000      ; 2.434      ;
; 2.219 ; op_uds_n                    ; M68K_UDS_n~reg0             ; PI_CLK       ; PI_CLK      ; 0.000        ; 0.000      ; 2.440      ;
; 2.232 ; LTCH_D_RD_L~reg0            ; LTCH_D_RD_L~reg0            ; PI_CLK       ; PI_CLK      ; 0.000        ; 0.000      ; 2.453      ;
; 2.239 ; state.101                   ; state.101                   ; PI_CLK       ; PI_CLK      ; 0.000        ; 0.000      ; 2.460      ;
; 2.239 ; a0                          ; a0                          ; PI_CLK       ; PI_CLK      ; 0.000        ; 0.000      ; 2.460      ;
; 2.341 ; ipl[1]                      ; PI_IPL_ZERO~reg0            ; PI_CLK       ; PI_CLK      ; 0.000        ; 0.000      ; 2.562      ;
; 2.357 ; br_sync[0]                  ; br_sync[1]                  ; PI_CLK       ; PI_CLK      ; 0.000        ; 0.000      ; 2.578      ;
; 2.402 ; wr_sync[0]                  ; wr_sync[1]                  ; PI_CLK       ; PI_CLK      ; 0.000        ; 0.000      ; 2.623      ;
; 2.449 ; c7m_sync[0]                 ; c7m_sync[1]                 ; PI_CLK       ; PI_CLK      ; 0.000        ; 0.000      ; 2.670      ;
; 2.511 ; op_req                      ; op_req                      ; PI_CLK       ; PI_CLK      ; 0.000        ; 0.000      ; 2.732      ;
; 2.535 ; ipl[2]                      ; PI_IPL_ZERO~reg0            ; PI_CLK       ; PI_CLK      ; 0.000        ; 0.000      ; 2.756      ;
; 2.634 ; bus_relinquished            ; state.000                   ; PI_CLK       ; PI_CLK      ; 0.000        ; 0.000      ; 2.855      ;
; 2.672 ; ipl_2[2]                    ; ipl[0]                      ; PI_CLK       ; PI_CLK      ; 0.000        ; 0.000      ; 2.893      ;
; 2.672 ; ipl_2[2]                    ; ipl[1]                      ; PI_CLK       ; PI_CLK      ; 0.000        ; 0.000      ; 2.893      ;
; 2.682 ; rd_sync[1]                  ; data_out[13]                ; PI_CLK       ; PI_CLK      ; 0.000        ; 0.000      ; 2.903      ;
; 2.682 ; rd_sync[1]                  ; data_out[14]                ; PI_CLK       ; PI_CLK      ; 0.000        ; 0.000      ; 2.903      ;
; 2.682 ; rd_sync[1]                  ; data_out[15]                ; PI_CLK       ; PI_CLK      ; 0.000        ; 0.000      ; 2.903      ;
; 2.683 ; state.100                   ; PI_TXN_IN_PROGRESS_delay[2] ; PI_CLK       ; PI_CLK      ; 0.000        ; 0.000      ; 2.904      ;
; 2.698 ; bus_relinquished            ; state.110                   ; PI_CLK       ; PI_CLK      ; 0.000        ; 0.000      ; 2.919      ;
; 2.706 ; a0                          ; op_lds_n                    ; PI_CLK       ; PI_CLK      ; 0.000        ; 0.000      ; 2.927      ;
; 2.708 ; a0                          ; op_uds_n                    ; PI_CLK       ; PI_CLK      ; 0.000        ; 0.000      ; 2.929      ;
; 2.717 ; PI_TXN_IN_PROGRESS_delay[0] ; PI_TXN_IN_PROGRESS_delay[1] ; PI_CLK       ; PI_CLK      ; 0.000        ; 0.000      ; 2.938      ;
; 2.728 ; state.011                   ; PI_TXN_IN_PROGRESS_delay[0] ; PI_CLK       ; PI_CLK      ; 0.000        ; 0.000      ; 2.949      ;
; 2.963 ; bus_relinquished            ; LTCH_A_OE_n~reg0            ; PI_CLK       ; PI_CLK      ; 0.000        ; 0.000      ; 3.184      ;
; 2.963 ; bus_relinquished            ; LTCH_D_WR_OE_n~reg0         ; PI_CLK       ; PI_CLK      ; 0.000        ; 0.000      ; 3.184      ;
; 2.982 ; status[2]                   ; state.001                   ; PI_CLK       ; PI_CLK      ; 0.000        ; 0.000      ; 3.203      ;
; 2.995 ; state.111                   ; state.000                   ; PI_CLK       ; PI_CLK      ; 0.000        ; 0.000      ; 3.216      ;
; 2.999 ; state.110                   ; state.111                   ; PI_CLK       ; PI_CLK      ; 0.000        ; 0.000      ; 3.220      ;
; 3.079 ; state.100                   ; LTCH_D_RD_L~reg0            ; PI_CLK       ; PI_CLK      ; 0.000        ; 0.000      ; 3.300      ;
; 3.079 ; state.100                   ; state.101                   ; PI_CLK       ; PI_CLK      ; 0.000        ; 0.000      ; 3.300      ;
; 3.092 ; state.110                   ; M68K_VMA_n~reg0             ; PI_CLK       ; PI_CLK      ; 0.000        ; 0.000      ; 3.313      ;
; 3.104 ; e_counter[3]                ; e_counter[3]                ; PI_CLK       ; PI_CLK      ; 0.000        ; 0.000      ; 3.325      ;
; 3.114 ; e_counter[3]                ; e_counter[1]                ; PI_CLK       ; PI_CLK      ; 0.000        ; 0.000      ; 3.335      ;
; 3.120 ; state.011                   ; state.011                   ; PI_CLK       ; PI_CLK      ; 0.000        ; 0.000      ; 3.341      ;
; 3.126 ; M68K_VMA_n~reg0             ; M68K_VMA_n~reg0             ; PI_CLK       ; PI_CLK      ; 0.000        ; 0.000      ; 3.347      ;
; 3.146 ; state.100                   ; PI_TXN_IN_PROGRESS_delay[1] ; PI_CLK       ; PI_CLK      ; 0.000        ; 0.000      ; 3.367      ;
; 3.154 ; M68K_RW~reg0                ; M68K_RW~reg0                ; PI_CLK       ; PI_CLK      ; 0.000        ; 0.000      ; 3.375      ;
; 3.164 ; c7m_sync[1]                 ; state.011                   ; PI_CLK       ; PI_CLK      ; 0.000        ; 0.000      ; 3.385      ;
; 3.177 ; state.110                   ; state.110                   ; PI_CLK       ; PI_CLK      ; 0.000        ; 0.000      ; 3.398      ;
; 3.177 ; ipl_2[0]                    ; ipl[1]                      ; PI_CLK       ; PI_CLK      ; 0.000        ; 0.000      ; 3.398      ;
; 3.177 ; ipl_2[0]                    ; ipl[2]                      ; PI_CLK       ; PI_CLK      ; 0.000        ; 0.000      ; 3.398      ;
; 3.214 ; state.001                   ; state.110                   ; PI_CLK       ; PI_CLK      ; 0.000        ; 0.000      ; 3.435      ;
; 3.221 ; bus_relinquished            ; M68K_VMA_n~reg0             ; PI_CLK       ; PI_CLK      ; 0.000        ; 0.000      ; 3.442      ;
; 3.240 ; bus_relinquished            ; bus_relinquished            ; PI_CLK       ; PI_CLK      ; 0.000        ; 0.000      ; 3.461      ;
; 3.253 ; c7m_sync[1]                 ; state.111                   ; PI_CLK       ; PI_CLK      ; 0.000        ; 0.000      ; 3.474      ;
; 3.260 ; state.001                   ; state.000                   ; PI_CLK       ; PI_CLK      ; 0.000        ; 0.000      ; 3.481      ;
; 3.300 ; PI_TXN_IN_PROGRESS_delay[0] ; PI_TXN_IN_PROGRESS_delay[0] ; PI_CLK       ; PI_CLK      ; 0.000        ; 0.000      ; 3.521      ;
; 3.325 ; state.011                   ; pi_berr                     ; PI_CLK       ; PI_CLK      ; 0.000        ; 0.000      ; 3.546      ;
; 3.382 ; e_counter[0]                ; e_counter[1]                ; PI_CLK       ; PI_CLK      ; 0.000        ; 0.000      ; 3.603      ;
; 3.384 ; e_counter[0]                ; e_counter[2]                ; PI_CLK       ; PI_CLK      ; 0.000        ; 0.000      ; 3.605      ;
; 3.392 ; e_counter[0]                ; e_counter[3]                ; PI_CLK       ; PI_CLK      ; 0.000        ; 0.000      ; 3.613      ;
; 3.395 ; br_sync[1]                  ; state.010                   ; PI_CLK       ; PI_CLK      ; 0.000        ; 0.000      ; 3.616      ;
; 3.461 ; c7m_sync[2]                 ; state.011                   ; PI_CLK       ; PI_CLK      ; 0.000        ; 0.000      ; 3.682      ;
; 3.510 ; state.000                   ; M68K_RW~reg0                ; PI_CLK       ; PI_CLK      ; 0.000        ; 0.000      ; 3.731      ;
; 3.565 ; wr_sync[1]                  ; op_req                      ; PI_CLK       ; PI_CLK      ; 0.000        ; 0.000      ; 3.786      ;
; 3.582 ; state.001                   ; state.001                   ; PI_CLK       ; PI_CLK      ; 0.000        ; 0.000      ; 3.803      ;
; 3.633 ; state.001                   ; state.010                   ; PI_CLK       ; PI_CLK      ; 0.000        ; 0.000      ; 3.854      ;
; 3.644 ; e_counter[0]                ; M68K_VMA_n~reg0             ; PI_CLK       ; PI_CLK      ; 0.000        ; 0.000      ; 3.865      ;
; 3.646 ; wr_sync[1]                  ; op_rw                       ; PI_CLK       ; PI_CLK      ; 0.000        ; 0.000      ; 3.867      ;
; 3.646 ; wr_sync[1]                  ; op_fc[0]                    ; PI_CLK       ; PI_CLK      ; 0.000        ; 0.000      ; 3.867      ;
; 3.646 ; wr_sync[1]                  ; op_fc[1]                    ; PI_CLK       ; PI_CLK      ; 0.000        ; 0.000      ; 3.867      ;
; 3.646 ; wr_sync[1]                  ; op_fc[2]                    ; PI_CLK       ; PI_CLK      ; 0.000        ; 0.000      ; 3.867      ;
; 3.646 ; wr_sync[1]                  ; op_uds_n                    ; PI_CLK       ; PI_CLK      ; 0.000        ; 0.000      ; 3.867      ;
; 3.646 ; wr_sync[1]                  ; op_lds_n                    ; PI_CLK       ; PI_CLK      ; 0.000        ; 0.000      ; 3.867      ;
; 3.660 ; c7m_sync[2]                 ; pi_berr                     ; PI_CLK       ; PI_CLK      ; 0.000        ; 0.000      ; 3.881      ;
+-------+-----------------------------+-----------------------------+--------------+-------------+--------------+------------+------------+


+--------------------------------+
; Fast Model Setup Summary       ;
+--------+-------+---------------+
; Clock  ; Slack ; End Point TNS ;
+--------+-------+---------------+
; PI_CLK ; 2.646 ; 0.000         ;
+--------+-------+---------------+


+--------------------------------+
; Fast Model Hold Summary        ;
+--------+-------+---------------+
; Clock  ; Slack ; End Point TNS ;
+--------+-------+---------------+
; PI_CLK ; 0.280 ; 0.000         ;
+--------+-------+---------------+


-------------------------------
; Fast Model Recovery Summary ;
-------------------------------
No paths to report.


------------------------------
; Fast Model Removal Summary ;
------------------------------
No paths to report.


+----------------------------------------+
; Fast Model Minimum Pulse Width Summary ;
+----------+---------+-------------------+
; Clock    ; Slack   ; End Point TNS     ;
+----------+---------+-------------------+
; PI_CLK   ; 1.711   ; 0.000             ;
; M68K_CLK ; 137.711 ; 0.000             ;
; M68K_C1  ; 278.711 ; 0.000             ;
; M68K_C3  ; 278.711 ; 0.000             ;
+----------+---------+-------------------+


+------------------------------------------------------------------------------------------------------------------------------+
; Fast Model Setup: 'PI_CLK'                                                                                                   ;
+-------+------------------+-----------------------------+--------------+-------------+--------------+------------+------------+
; Slack ; From Node        ; To Node                     ; Launch Clock ; Latch Clock ; Relationship ; Clock Skew ; Data Delay ;
+-------+------------------+-----------------------------+--------------+-------------+--------------+------------+------------+
; 2.646 ; rd_sync[0]       ; rd_sync[1]                  ; PI_CLK       ; PI_CLK      ; 5.000        ; 0.000      ; 2.195      ;
; 2.694 ; status[2]        ; state.001                   ; PI_CLK       ; PI_CLK      ; 5.000        ; 0.000      ; 2.147      ;
; 2.721 ; state.011        ; state.001                   ; PI_CLK       ; PI_CLK      ; 5.000        ; 0.000      ; 2.120      ;
; 2.735 ; br_sync[1]       ; op_req                      ; PI_CLK       ; PI_CLK      ; 5.000        ; 0.000      ; 2.106      ;
; 2.735 ; e_counter[0]     ; state.010                   ; PI_CLK       ; PI_CLK      ; 5.000        ; 0.000      ; 2.106      ;
; 2.746 ; e_counter[1]     ; state.010                   ; PI_CLK       ; PI_CLK      ; 5.000        ; 0.000      ; 2.095      ;
; 2.752 ; c7m_sync[1]      ; M68K_E~reg0                 ; PI_CLK       ; PI_CLK      ; 5.000        ; 0.000      ; 2.089      ;
; 2.760 ; state.101        ; state.010                   ; PI_CLK       ; PI_CLK      ; 5.000        ; 0.000      ; 2.081      ;
; 2.766 ; c7m_sync[1]      ; M68K_UDS_n~reg0             ; PI_CLK       ; PI_CLK      ; 5.000        ; 0.000      ; 2.075      ;
; 2.773 ; c7m_sync[1]      ; M68K_LDS_n~reg0             ; PI_CLK       ; PI_CLK      ; 5.000        ; 0.000      ; 2.068      ;
; 2.777 ; wr_sync[0]       ; bus_relinquished            ; PI_CLK       ; PI_CLK      ; 5.000        ; 0.000      ; 2.064      ;
; 2.779 ; c7m_sync[2]      ; state.100                   ; PI_CLK       ; PI_CLK      ; 5.000        ; 0.000      ; 2.062      ;
; 2.787 ; state.011        ; state.010                   ; PI_CLK       ; PI_CLK      ; 5.000        ; 0.000      ; 2.054      ;
; 2.815 ; e_counter[3]     ; state.010                   ; PI_CLK       ; PI_CLK      ; 5.000        ; 0.000      ; 2.026      ;
; 2.852 ; M68K_VMA_n~reg0  ; state.010                   ; PI_CLK       ; PI_CLK      ; 5.000        ; 0.000      ; 1.989      ;
; 2.859 ; bus_relinquished ; M68K_UDS_n~reg0             ; PI_CLK       ; PI_CLK      ; 5.000        ; 0.000      ; 1.982      ;
; 2.859 ; bus_relinquished ; M68K_LDS_n~reg0             ; PI_CLK       ; PI_CLK      ; 5.000        ; 0.000      ; 1.982      ;
; 2.863 ; c7m_sync[2]      ; M68K_E~reg0                 ; PI_CLK       ; PI_CLK      ; 5.000        ; 0.000      ; 1.978      ;
; 2.866 ; c7m_sync[1]      ; state.100                   ; PI_CLK       ; PI_CLK      ; 5.000        ; 0.000      ; 1.975      ;
; 2.871 ; wr_sync[1]       ; bus_relinquished            ; PI_CLK       ; PI_CLK      ; 5.000        ; 0.000      ; 1.970      ;
; 2.872 ; op_rw            ; M68K_RW~reg0                ; PI_CLK       ; PI_CLK      ; 5.000        ; 0.000      ; 1.969      ;
; 2.873 ; c7m_sync[2]      ; state.010                   ; PI_CLK       ; PI_CLK      ; 5.000        ; 0.000      ; 1.968      ;
; 2.877 ; c7m_sync[2]      ; M68K_UDS_n~reg0             ; PI_CLK       ; PI_CLK      ; 5.000        ; 0.000      ; 1.964      ;
; 2.884 ; c7m_sync[2]      ; M68K_LDS_n~reg0             ; PI_CLK       ; PI_CLK      ; 5.000        ; 0.000      ; 1.957      ;
; 2.906 ; br_sync[1]       ; bg_n                        ; PI_CLK       ; PI_CLK      ; 5.000        ; 0.000      ; 1.935      ;
; 2.911 ; e_counter[1]     ; e_counter[3]                ; PI_CLK       ; PI_CLK      ; 5.000        ; 0.000      ; 1.930      ;
; 2.912 ; e_counter[2]     ; state.010                   ; PI_CLK       ; PI_CLK      ; 5.000        ; 0.000      ; 1.929      ;
; 2.916 ; e_counter[1]     ; e_counter[1]                ; PI_CLK       ; PI_CLK      ; 5.000        ; 0.000      ; 1.925      ;
; 2.927 ; state.100        ; state.001                   ; PI_CLK       ; PI_CLK      ; 5.000        ; 0.000      ; 1.914      ;
; 2.933 ; op_req           ; state.010                   ; PI_CLK       ; PI_CLK      ; 5.000        ; 0.000      ; 1.908      ;
; 2.950 ; br_sync[1]       ; state.010                   ; PI_CLK       ; PI_CLK      ; 5.000        ; 0.000      ; 1.891      ;
; 2.952 ; e_counter[3]     ; M68K_E~reg0                 ; PI_CLK       ; PI_CLK      ; 5.000        ; 0.000      ; 1.889      ;
; 2.977 ; state.010        ; M68K_UDS_n~reg0             ; PI_CLK       ; PI_CLK      ; 5.000        ; 0.000      ; 1.864      ;
; 2.977 ; state.010        ; M68K_LDS_n~reg0             ; PI_CLK       ; PI_CLK      ; 5.000        ; 0.000      ; 1.864      ;
; 2.979 ; c7m_sync[1]      ; e_counter[0]                ; PI_CLK       ; PI_CLK      ; 5.000        ; 0.000      ; 1.862      ;
; 2.979 ; c7m_sync[1]      ; e_counter[1]                ; PI_CLK       ; PI_CLK      ; 5.000        ; 0.000      ; 1.862      ;
; 2.979 ; c7m_sync[1]      ; e_counter[3]                ; PI_CLK       ; PI_CLK      ; 5.000        ; 0.000      ; 1.862      ;
; 2.979 ; state.001        ; state.001                   ; PI_CLK       ; PI_CLK      ; 5.000        ; 0.000      ; 1.862      ;
; 2.981 ; state.000        ; state.010                   ; PI_CLK       ; PI_CLK      ; 5.000        ; 0.000      ; 1.860      ;
; 2.984 ; e_counter[0]     ; state.110                   ; PI_CLK       ; PI_CLK      ; 5.000        ; 0.000      ; 1.857      ;
; 2.989 ; status[2]        ; M68K_RW~reg0                ; PI_CLK       ; PI_CLK      ; 5.000        ; 0.000      ; 1.852      ;
; 2.990 ; br_sync[1]       ; bus_relinquished            ; PI_CLK       ; PI_CLK      ; 5.000        ; 0.000      ; 1.851      ;
; 2.990 ; br_sync[1]       ; state.000                   ; PI_CLK       ; PI_CLK      ; 5.000        ; 0.000      ; 1.851      ;
; 2.990 ; c7m_sync[1]      ; ipl_2[1]                    ; PI_CLK       ; PI_CLK      ; 5.000        ; 0.000      ; 1.851      ;
; 2.990 ; c7m_sync[1]      ; ipl_1[1]                    ; PI_CLK       ; PI_CLK      ; 5.000        ; 0.000      ; 1.851      ;
; 2.990 ; c7m_sync[1]      ; ipl_1[0]                    ; PI_CLK       ; PI_CLK      ; 5.000        ; 0.000      ; 1.851      ;
; 2.990 ; c7m_sync[1]      ; ipl_2[0]                    ; PI_CLK       ; PI_CLK      ; 5.000        ; 0.000      ; 1.851      ;
; 2.990 ; c7m_sync[1]      ; ipl_1[2]                    ; PI_CLK       ; PI_CLK      ; 5.000        ; 0.000      ; 1.851      ;
; 2.990 ; c7m_sync[1]      ; ipl_2[2]                    ; PI_CLK       ; PI_CLK      ; 5.000        ; 0.000      ; 1.851      ;
; 2.990 ; c7m_sync[1]      ; state.001                   ; PI_CLK       ; PI_CLK      ; 5.000        ; 0.000      ; 1.851      ;
; 2.992 ; op_req           ; state.001                   ; PI_CLK       ; PI_CLK      ; 5.000        ; 0.000      ; 1.849      ;
; 2.995 ; e_counter[1]     ; state.110                   ; PI_CLK       ; PI_CLK      ; 5.000        ; 0.000      ; 1.846      ;
; 3.009 ; state.101        ; state.110                   ; PI_CLK       ; PI_CLK      ; 5.000        ; 0.000      ; 1.832      ;
; 3.011 ; e_counter[0]     ; PI_TXN_IN_PROGRESS_delay[2] ; PI_CLK       ; PI_CLK      ; 5.000        ; 0.000      ; 1.830      ;
; 3.011 ; e_counter[0]     ; PI_TXN_IN_PROGRESS_delay[1] ; PI_CLK       ; PI_CLK      ; 5.000        ; 0.000      ; 1.830      ;
; 3.017 ; state.010        ; state.001                   ; PI_CLK       ; PI_CLK      ; 5.000        ; 0.000      ; 1.824      ;
; 3.022 ; e_counter[1]     ; PI_TXN_IN_PROGRESS_delay[2] ; PI_CLK       ; PI_CLK      ; 5.000        ; 0.000      ; 1.819      ;
; 3.022 ; e_counter[1]     ; PI_TXN_IN_PROGRESS_delay[1] ; PI_CLK       ; PI_CLK      ; 5.000        ; 0.000      ; 1.819      ;
; 3.025 ; status[2]        ; op_req                      ; PI_CLK       ; PI_CLK      ; 5.000        ; 0.000      ; 1.816      ;
; 3.026 ; c7m_sync[1]      ; state.010                   ; PI_CLK       ; PI_CLK      ; 5.000        ; 0.000      ; 1.815      ;
; 3.034 ; e_counter[0]     ; M68K_E~reg0                 ; PI_CLK       ; PI_CLK      ; 5.000        ; 0.000      ; 1.807      ;
; 3.036 ; state.011        ; state.110                   ; PI_CLK       ; PI_CLK      ; 5.000        ; 0.000      ; 1.805      ;
; 3.037 ; c7m_sync[1]      ; M68K_VMA_n~reg0             ; PI_CLK       ; PI_CLK      ; 5.000        ; 0.000      ; 1.804      ;
; 3.038 ; c7m_sync[1]      ; e_counter[2]                ; PI_CLK       ; PI_CLK      ; 5.000        ; 0.000      ; 1.803      ;
; 3.052 ; state.100        ; state.100                   ; PI_CLK       ; PI_CLK      ; 5.000        ; 0.000      ; 1.789      ;
; 3.059 ; wr_sync[0]       ; status[2]                   ; PI_CLK       ; PI_CLK      ; 5.000        ; 0.000      ; 1.782      ;
; 3.060 ; c7m_sync[2]      ; state.110                   ; PI_CLK       ; PI_CLK      ; 5.000        ; 0.000      ; 1.781      ;
; 3.064 ; state.001        ; state.010                   ; PI_CLK       ; PI_CLK      ; 5.000        ; 0.000      ; 1.777      ;
; 3.064 ; e_counter[3]     ; state.110                   ; PI_CLK       ; PI_CLK      ; 5.000        ; 0.000      ; 1.777      ;
; 3.069 ; state.010        ; state.011                   ; PI_CLK       ; PI_CLK      ; 5.000        ; 0.000      ; 1.772      ;
; 3.073 ; state.111        ; M68K_UDS_n~reg0             ; PI_CLK       ; PI_CLK      ; 5.000        ; 0.000      ; 1.768      ;
; 3.074 ; state.111        ; M68K_LDS_n~reg0             ; PI_CLK       ; PI_CLK      ; 5.000        ; 0.000      ; 1.767      ;
; 3.082 ; c7m_sync[1]      ; state.110                   ; PI_CLK       ; PI_CLK      ; 5.000        ; 0.000      ; 1.759      ;
; 3.084 ; e_counter[0]     ; PI_TXN_IN_PROGRESS_delay[0] ; PI_CLK       ; PI_CLK      ; 5.000        ; 0.000      ; 1.757      ;
; 3.087 ; c7m_sync[2]      ; state.001                   ; PI_CLK       ; PI_CLK      ; 5.000        ; 0.000      ; 1.754      ;
; 3.090 ; c7m_sync[2]      ; e_counter[0]                ; PI_CLK       ; PI_CLK      ; 5.000        ; 0.000      ; 1.751      ;
; 3.090 ; c7m_sync[2]      ; e_counter[1]                ; PI_CLK       ; PI_CLK      ; 5.000        ; 0.000      ; 1.751      ;
; 3.090 ; c7m_sync[2]      ; e_counter[3]                ; PI_CLK       ; PI_CLK      ; 5.000        ; 0.000      ; 1.751      ;
; 3.091 ; e_counter[3]     ; PI_TXN_IN_PROGRESS_delay[2] ; PI_CLK       ; PI_CLK      ; 5.000        ; 0.000      ; 1.750      ;
; 3.091 ; e_counter[3]     ; PI_TXN_IN_PROGRESS_delay[1] ; PI_CLK       ; PI_CLK      ; 5.000        ; 0.000      ; 1.750      ;
; 3.095 ; e_counter[1]     ; PI_TXN_IN_PROGRESS_delay[0] ; PI_CLK       ; PI_CLK      ; 5.000        ; 0.000      ; 1.746      ;
; 3.098 ; state.000        ; M68K_RW~reg0                ; PI_CLK       ; PI_CLK      ; 5.000        ; 0.000      ; 1.743      ;
; 3.101 ; c7m_sync[2]      ; ipl_2[1]                    ; PI_CLK       ; PI_CLK      ; 5.000        ; 0.000      ; 1.740      ;
; 3.101 ; c7m_sync[2]      ; ipl_1[1]                    ; PI_CLK       ; PI_CLK      ; 5.000        ; 0.000      ; 1.740      ;
; 3.101 ; c7m_sync[2]      ; ipl_1[0]                    ; PI_CLK       ; PI_CLK      ; 5.000        ; 0.000      ; 1.740      ;
; 3.101 ; c7m_sync[2]      ; ipl_2[0]                    ; PI_CLK       ; PI_CLK      ; 5.000        ; 0.000      ; 1.740      ;
; 3.101 ; c7m_sync[2]      ; ipl_1[2]                    ; PI_CLK       ; PI_CLK      ; 5.000        ; 0.000      ; 1.740      ;
; 3.101 ; c7m_sync[2]      ; ipl_2[2]                    ; PI_CLK       ; PI_CLK      ; 5.000        ; 0.000      ; 1.740      ;
; 3.101 ; M68K_VMA_n~reg0  ; state.110                   ; PI_CLK       ; PI_CLK      ; 5.000        ; 0.000      ; 1.740      ;
; 3.108 ; state.100        ; PI_TXN_IN_PROGRESS_delay[0] ; PI_CLK       ; PI_CLK      ; 5.000        ; 0.000      ; 1.733      ;
; 3.128 ; e_counter[0]     ; state.100                   ; PI_CLK       ; PI_CLK      ; 5.000        ; 0.000      ; 1.713      ;
; 3.128 ; M68K_VMA_n~reg0  ; PI_TXN_IN_PROGRESS_delay[2] ; PI_CLK       ; PI_CLK      ; 5.000        ; 0.000      ; 1.713      ;
; 3.128 ; M68K_VMA_n~reg0  ; PI_TXN_IN_PROGRESS_delay[1] ; PI_CLK       ; PI_CLK      ; 5.000        ; 0.000      ; 1.713      ;
; 3.136 ; state.011        ; PI_TXN_IN_PROGRESS_delay[0] ; PI_CLK       ; PI_CLK      ; 5.000        ; 0.000      ; 1.705      ;
; 3.138 ; e_counter[3]     ; M68K_VMA_n~reg0             ; PI_CLK       ; PI_CLK      ; 5.000        ; 0.000      ; 1.703      ;
; 3.139 ; e_counter[1]     ; state.100                   ; PI_CLK       ; PI_CLK      ; 5.000        ; 0.000      ; 1.702      ;
; 3.140 ; state.000        ; op_req                      ; PI_CLK       ; PI_CLK      ; 5.000        ; 0.000      ; 1.701      ;
; 3.148 ; c7m_sync[2]      ; M68K_VMA_n~reg0             ; PI_CLK       ; PI_CLK      ; 5.000        ; 0.000      ; 1.693      ;
; 3.149 ; c7m_sync[2]      ; e_counter[2]                ; PI_CLK       ; PI_CLK      ; 5.000        ; 0.000      ; 1.692      ;
; 3.151 ; bus_relinquished ; state.100                   ; PI_CLK       ; PI_CLK      ; 5.000        ; 0.000      ; 1.690      ;
+-------+------------------+-----------------------------+--------------+-------------+--------------+------------+------------+


+-----------------------------------------------------------------------------------------------------------------------------------------+
; Fast Model Hold: 'PI_CLK'                                                                                                               ;
+-------+-----------------------------+-----------------------------+--------------+-------------+--------------+------------+------------+
; Slack ; From Node                   ; To Node                     ; Launch Clock ; Latch Clock ; Relationship ; Clock Skew ; Data Delay ;
+-------+-----------------------------+-----------------------------+--------------+-------------+--------------+------------+------------+
; 0.280 ; LTCH_D_WR_OE_n~reg0         ; LTCH_D_WR_OE_n~reg0         ; PI_CLK       ; PI_CLK      ; 0.000        ; 0.000      ; 0.467      ;
; 0.284 ; wr_sync[0]                  ; a0                          ; PI_CLK       ; PI_CLK      ; 0.000        ; 0.000      ; 0.471      ;
; 0.313 ; ipl_1[1]                    ; ipl_2[1]                    ; PI_CLK       ; PI_CLK      ; 0.000        ; 0.000      ; 0.500      ;
; 0.314 ; ipl_2[1]                    ; ipl[1]                      ; PI_CLK       ; PI_CLK      ; 0.000        ; 0.000      ; 0.501      ;
; 0.362 ; ipl_2[0]                    ; ipl[0]                      ; PI_CLK       ; PI_CLK      ; 0.000        ; 0.000      ; 0.549      ;
; 0.385 ; bus_relinquished            ; state.111                   ; PI_CLK       ; PI_CLK      ; 0.000        ; 0.000      ; 0.572      ;
; 0.413 ; state.010                   ; state.010                   ; PI_CLK       ; PI_CLK      ; 0.000        ; 0.000      ; 0.600      ;
; 0.414 ; op_rw                       ; M68K_LDS_n~reg0             ; PI_CLK       ; PI_CLK      ; 0.000        ; 0.000      ; 0.601      ;
; 0.415 ; op_rw                       ; M68K_UDS_n~reg0             ; PI_CLK       ; PI_CLK      ; 0.000        ; 0.000      ; 0.602      ;
; 0.415 ; PI_TXN_IN_PROGRESS~reg0     ; PI_TXN_IN_PROGRESS~reg0     ; PI_CLK       ; PI_CLK      ; 0.000        ; 0.000      ; 0.602      ;
; 0.420 ; pi_berr                     ; pi_berr                     ; PI_CLK       ; PI_CLK      ; 0.000        ; 0.000      ; 0.607      ;
; 0.420 ; PI_TXN_IN_PROGRESS_delay[1] ; PI_TXN_IN_PROGRESS_delay[2] ; PI_CLK       ; PI_CLK      ; 0.000        ; 0.000      ; 0.607      ;
; 0.423 ; state.000                   ; state.000                   ; PI_CLK       ; PI_CLK      ; 0.000        ; 0.000      ; 0.610      ;
; 0.424 ; wr_sync[1]                  ; a0                          ; PI_CLK       ; PI_CLK      ; 0.000        ; 0.000      ; 0.611      ;
; 0.425 ; state.000                   ; bus_relinquished            ; PI_CLK       ; PI_CLK      ; 0.000        ; 0.000      ; 0.612      ;
; 0.429 ; state.111                   ; LTCH_D_WR_OE_n~reg0         ; PI_CLK       ; PI_CLK      ; 0.000        ; 0.000      ; 0.616      ;
; 0.433 ; state.111                   ; LTCH_A_OE_n~reg0            ; PI_CLK       ; PI_CLK      ; 0.000        ; 0.000      ; 0.620      ;
; 0.465 ; ipl_1[0]                    ; ipl_2[0]                    ; PI_CLK       ; PI_CLK      ; 0.000        ; 0.000      ; 0.652      ;
; 0.465 ; ipl_1[2]                    ; ipl_2[2]                    ; PI_CLK       ; PI_CLK      ; 0.000        ; 0.000      ; 0.652      ;
; 0.481 ; LTCH_A_OE_n~reg0            ; LTCH_A_OE_n~reg0            ; PI_CLK       ; PI_CLK      ; 0.000        ; 0.000      ; 0.668      ;
; 0.486 ; op_uds_n                    ; M68K_UDS_n~reg0             ; PI_CLK       ; PI_CLK      ; 0.000        ; 0.000      ; 0.673      ;
; 0.489 ; LTCH_D_RD_L~reg0            ; LTCH_D_RD_L~reg0            ; PI_CLK       ; PI_CLK      ; 0.000        ; 0.000      ; 0.676      ;
; 0.489 ; ipl[1]                      ; data_out[14]                ; PI_CLK       ; PI_CLK      ; 0.000        ; 0.000      ; 0.676      ;
; 0.491 ; M68K_E~reg0                 ; M68K_E~reg0                 ; PI_CLK       ; PI_CLK      ; 0.000        ; 0.000      ; 0.678      ;
; 0.491 ; state.101                   ; state.101                   ; PI_CLK       ; PI_CLK      ; 0.000        ; 0.000      ; 0.678      ;
; 0.491 ; a0                          ; a0                          ; PI_CLK       ; PI_CLK      ; 0.000        ; 0.000      ; 0.678      ;
; 0.492 ; op_lds_n                    ; M68K_LDS_n~reg0             ; PI_CLK       ; PI_CLK      ; 0.000        ; 0.000      ; 0.679      ;
; 0.493 ; PI_TXN_IN_PROGRESS_delay[2] ; PI_TXN_IN_PROGRESS~reg0     ; PI_CLK       ; PI_CLK      ; 0.000        ; 0.000      ; 0.680      ;
; 0.502 ; op_req                      ; op_req                      ; PI_CLK       ; PI_CLK      ; 0.000        ; 0.000      ; 0.689      ;
; 0.506 ; state.101                   ; LTCH_D_RD_L~reg0            ; PI_CLK       ; PI_CLK      ; 0.000        ; 0.000      ; 0.693      ;
; 0.509 ; e_counter[1]                ; e_counter[2]                ; PI_CLK       ; PI_CLK      ; 0.000        ; 0.000      ; 0.696      ;
; 0.510 ; e_counter[0]                ; e_counter[0]                ; PI_CLK       ; PI_CLK      ; 0.000        ; 0.000      ; 0.697      ;
; 0.517 ; ipl_2[2]                    ; ipl[2]                      ; PI_CLK       ; PI_CLK      ; 0.000        ; 0.000      ; 0.704      ;
; 0.538 ; ipl[0]                      ; PI_IPL_ZERO~reg0            ; PI_CLK       ; PI_CLK      ; 0.000        ; 0.000      ; 0.725      ;
; 0.539 ; ipl[2]                      ; data_out[15]                ; PI_CLK       ; PI_CLK      ; 0.000        ; 0.000      ; 0.726      ;
; 0.541 ; ipl[0]                      ; data_out[13]                ; PI_CLK       ; PI_CLK      ; 0.000        ; 0.000      ; 0.728      ;
; 0.551 ; state.010                   ; LTCH_D_WR_OE_n~reg0         ; PI_CLK       ; PI_CLK      ; 0.000        ; 0.000      ; 0.738      ;
; 0.554 ; state.010                   ; LTCH_A_OE_n~reg0            ; PI_CLK       ; PI_CLK      ; 0.000        ; 0.000      ; 0.741      ;
; 0.585 ; ipl[2]                      ; PI_IPL_ZERO~reg0            ; PI_CLK       ; PI_CLK      ; 0.000        ; 0.000      ; 0.772      ;
; 0.603 ; e_counter[2]                ; e_counter[2]                ; PI_CLK       ; PI_CLK      ; 0.000        ; 0.000      ; 0.790      ;
; 0.603 ; e_counter[2]                ; e_counter[1]                ; PI_CLK       ; PI_CLK      ; 0.000        ; 0.000      ; 0.790      ;
; 0.607 ; e_counter[2]                ; e_counter[3]                ; PI_CLK       ; PI_CLK      ; 0.000        ; 0.000      ; 0.794      ;
; 0.674 ; ipl[1]                      ; PI_IPL_ZERO~reg0            ; PI_CLK       ; PI_CLK      ; 0.000        ; 0.000      ; 0.861      ;
; 0.682 ; bus_relinquished            ; state.110                   ; PI_CLK       ; PI_CLK      ; 0.000        ; 0.000      ; 0.869      ;
; 0.692 ; bus_relinquished            ; state.000                   ; PI_CLK       ; PI_CLK      ; 0.000        ; 0.000      ; 0.879      ;
; 0.702 ; state.001                   ; state.110                   ; PI_CLK       ; PI_CLK      ; 0.000        ; 0.000      ; 0.889      ;
; 0.708 ; wr_sync[0]                  ; wr_sync[1]                  ; PI_CLK       ; PI_CLK      ; 0.000        ; 0.000      ; 0.895      ;
; 0.710 ; br_sync[0]                  ; br_sync[1]                  ; PI_CLK       ; PI_CLK      ; 0.000        ; 0.000      ; 0.897      ;
; 0.710 ; state.011                   ; state.011                   ; PI_CLK       ; PI_CLK      ; 0.000        ; 0.000      ; 0.897      ;
; 0.713 ; ipl_2[2]                    ; ipl[0]                      ; PI_CLK       ; PI_CLK      ; 0.000        ; 0.000      ; 0.900      ;
; 0.713 ; ipl_2[2]                    ; ipl[1]                      ; PI_CLK       ; PI_CLK      ; 0.000        ; 0.000      ; 0.900      ;
; 0.715 ; M68K_VMA_n~reg0             ; M68K_VMA_n~reg0             ; PI_CLK       ; PI_CLK      ; 0.000        ; 0.000      ; 0.902      ;
; 0.718 ; rd_sync[1]                  ; data_out[13]                ; PI_CLK       ; PI_CLK      ; 0.000        ; 0.000      ; 0.905      ;
; 0.718 ; rd_sync[1]                  ; data_out[14]                ; PI_CLK       ; PI_CLK      ; 0.000        ; 0.000      ; 0.905      ;
; 0.718 ; rd_sync[1]                  ; data_out[15]                ; PI_CLK       ; PI_CLK      ; 0.000        ; 0.000      ; 0.905      ;
; 0.720 ; bus_relinquished            ; LTCH_A_OE_n~reg0            ; PI_CLK       ; PI_CLK      ; 0.000        ; 0.000      ; 0.907      ;
; 0.720 ; bus_relinquished            ; LTCH_D_WR_OE_n~reg0         ; PI_CLK       ; PI_CLK      ; 0.000        ; 0.000      ; 0.907      ;
; 0.732 ; c7m_sync[0]                 ; c7m_sync[1]                 ; PI_CLK       ; PI_CLK      ; 0.000        ; 0.000      ; 0.919      ;
; 0.760 ; status[2]                   ; state.001                   ; PI_CLK       ; PI_CLK      ; 0.000        ; 0.000      ; 0.947      ;
; 0.765 ; ipl_2[0]                    ; ipl[1]                      ; PI_CLK       ; PI_CLK      ; 0.000        ; 0.000      ; 0.952      ;
; 0.765 ; ipl_2[0]                    ; ipl[2]                      ; PI_CLK       ; PI_CLK      ; 0.000        ; 0.000      ; 0.952      ;
; 0.772 ; e_counter[0]                ; M68K_VMA_n~reg0             ; PI_CLK       ; PI_CLK      ; 0.000        ; 0.000      ; 0.959      ;
; 0.782 ; state.111                   ; state.000                   ; PI_CLK       ; PI_CLK      ; 0.000        ; 0.000      ; 0.969      ;
; 0.787 ; M68K_RW~reg0                ; M68K_RW~reg0                ; PI_CLK       ; PI_CLK      ; 0.000        ; 0.000      ; 0.974      ;
; 0.796 ; state.100                   ; PI_TXN_IN_PROGRESS_delay[2] ; PI_CLK       ; PI_CLK      ; 0.000        ; 0.000      ; 0.983      ;
; 0.804 ; state.100                   ; LTCH_D_RD_L~reg0            ; PI_CLK       ; PI_CLK      ; 0.000        ; 0.000      ; 0.991      ;
; 0.804 ; state.100                   ; state.101                   ; PI_CLK       ; PI_CLK      ; 0.000        ; 0.000      ; 0.991      ;
; 0.805 ; a0                          ; op_uds_n                    ; PI_CLK       ; PI_CLK      ; 0.000        ; 0.000      ; 0.992      ;
; 0.805 ; a0                          ; op_lds_n                    ; PI_CLK       ; PI_CLK      ; 0.000        ; 0.000      ; 0.992      ;
; 0.806 ; PI_TXN_IN_PROGRESS_delay[0] ; PI_TXN_IN_PROGRESS_delay[1] ; PI_CLK       ; PI_CLK      ; 0.000        ; 0.000      ; 0.993      ;
; 0.813 ; state.011                   ; PI_TXN_IN_PROGRESS_delay[0] ; PI_CLK       ; PI_CLK      ; 0.000        ; 0.000      ; 1.000      ;
; 0.833 ; state.110                   ; state.110                   ; PI_CLK       ; PI_CLK      ; 0.000        ; 0.000      ; 1.020      ;
; 0.839 ; state.100                   ; PI_TXN_IN_PROGRESS_delay[1] ; PI_CLK       ; PI_CLK      ; 0.000        ; 0.000      ; 1.026      ;
; 0.842 ; c7m_sync[1]                 ; state.011                   ; PI_CLK       ; PI_CLK      ; 0.000        ; 0.000      ; 1.029      ;
; 0.869 ; c7m_sync[1]                 ; state.111                   ; PI_CLK       ; PI_CLK      ; 0.000        ; 0.000      ; 1.056      ;
; 0.870 ; bus_relinquished            ; M68K_VMA_n~reg0             ; PI_CLK       ; PI_CLK      ; 0.000        ; 0.000      ; 1.057      ;
; 0.888 ; state.011                   ; pi_berr                     ; PI_CLK       ; PI_CLK      ; 0.000        ; 0.000      ; 1.075      ;
; 0.889 ; bus_relinquished            ; bus_relinquished            ; PI_CLK       ; PI_CLK      ; 0.000        ; 0.000      ; 1.076      ;
; 0.897 ; ipl_1[0]                    ; ipl[0]                      ; PI_CLK       ; PI_CLK      ; 0.000        ; 0.000      ; 1.084      ;
; 0.897 ; ipl_1[0]                    ; ipl[1]                      ; PI_CLK       ; PI_CLK      ; 0.000        ; 0.000      ; 1.084      ;
; 0.897 ; ipl_1[0]                    ; ipl[2]                      ; PI_CLK       ; PI_CLK      ; 0.000        ; 0.000      ; 1.084      ;
; 0.901 ; state.001                   ; state.000                   ; PI_CLK       ; PI_CLK      ; 0.000        ; 0.000      ; 1.088      ;
; 0.911 ; PI_TXN_IN_PROGRESS_delay[0] ; PI_TXN_IN_PROGRESS_delay[0] ; PI_CLK       ; PI_CLK      ; 0.000        ; 0.000      ; 1.098      ;
; 0.926 ; e_counter[0]                ; e_counter[1]                ; PI_CLK       ; PI_CLK      ; 0.000        ; 0.000      ; 1.113      ;
; 0.928 ; e_counter[0]                ; e_counter[2]                ; PI_CLK       ; PI_CLK      ; 0.000        ; 0.000      ; 1.115      ;
; 0.930 ; state.110                   ; state.111                   ; PI_CLK       ; PI_CLK      ; 0.000        ; 0.000      ; 1.117      ;
; 0.932 ; e_counter[0]                ; e_counter[3]                ; PI_CLK       ; PI_CLK      ; 0.000        ; 0.000      ; 1.119      ;
; 0.941 ; c7m_sync[2]                 ; state.011                   ; PI_CLK       ; PI_CLK      ; 0.000        ; 0.000      ; 1.128      ;
; 0.948 ; br_sync[1]                  ; state.010                   ; PI_CLK       ; PI_CLK      ; 0.000        ; 0.000      ; 1.135      ;
; 0.951 ; state.001                   ; state.010                   ; PI_CLK       ; PI_CLK      ; 0.000        ; 0.000      ; 1.138      ;
; 0.954 ; c7m_sync[2]                 ; state.110                   ; PI_CLK       ; PI_CLK      ; 0.000        ; 0.000      ; 1.141      ;
; 0.975 ; state.110                   ; M68K_VMA_n~reg0             ; PI_CLK       ; PI_CLK      ; 0.000        ; 0.000      ; 1.162      ;
; 0.981 ; e_counter[3]                ; e_counter[3]                ; PI_CLK       ; PI_CLK      ; 0.000        ; 0.000      ; 1.168      ;
; 0.987 ; e_counter[3]                ; e_counter[1]                ; PI_CLK       ; PI_CLK      ; 0.000        ; 0.000      ; 1.174      ;
; 0.989 ; ipl_1[2]                    ; ipl[0]                      ; PI_CLK       ; PI_CLK      ; 0.000        ; 0.000      ; 1.176      ;
; 0.989 ; ipl_1[2]                    ; ipl[1]                      ; PI_CLK       ; PI_CLK      ; 0.000        ; 0.000      ; 1.176      ;
; 0.989 ; ipl_1[2]                    ; ipl[2]                      ; PI_CLK       ; PI_CLK      ; 0.000        ; 0.000      ; 1.176      ;
; 0.989 ; c7m_sync[1]                 ; PI_TXN_IN_PROGRESS_delay[0] ; PI_CLK       ; PI_CLK      ; 0.000        ; 0.000      ; 1.176      ;
; 0.993 ; state.110                   ; state.001                   ; PI_CLK       ; PI_CLK      ; 0.000        ; 0.000      ; 1.180      ;
; 0.993 ; wr_sync[1]                  ; op_req                      ; PI_CLK       ; PI_CLK      ; 0.000        ; 0.000      ; 1.180      ;
+-------+-----------------------------+-----------------------------+--------------+-------------+--------------+------------+------------+


+-------------------------------------------------------------------------------+
; Multicorner Timing Analysis Summary                                           ;
+------------------+---------+-------+----------+---------+---------------------+
; Clock            ; Setup   ; Hold  ; Recovery ; Removal ; Minimum Pulse Width ;
+------------------+---------+-------+----------+---------+---------------------+
; Worst-case Slack ; -2.256  ; 0.280 ; N/A      ; N/A     ; 1.711               ;
;  M68K_C1         ; N/A     ; N/A   ; N/A      ; N/A     ; 278.711             ;
;  M68K_C3         ; N/A     ; N/A   ; N/A      ; N/A     ; 278.711             ;
;  M68K_CLK        ; N/A     ; N/A   ; N/A      ; N/A     ; 137.711             ;
;  PI_CLK          ; -2.256  ; 0.280 ; N/A      ; N/A     ; 1.711               ;
; Design-wide TNS  ; -37.904 ; 0.0   ; 0.0      ; 0.0     ; 0.0                 ;
;  M68K_C1         ; N/A     ; N/A   ; N/A      ; N/A     ; 0.000               ;
;  M68K_C3         ; N/A     ; N/A   ; N/A      ; N/A     ; 0.000               ;
;  M68K_CLK        ; N/A     ; N/A   ; N/A      ; N/A     ; 0.000               ;
;  PI_CLK          ; -37.904 ; 0.000 ; N/A      ; N/A     ; 0.000               ;
+------------------+---------+-------+----------+---------+---------------------+


+-----------------------------------------------------------------------+
; Setup Transfers                                                       ;
+------------+----------+------------+------------+----------+----------+
; From Clock ; To Clock ; RR Paths   ; FR Paths   ; RF Paths ; FF Paths ;
+------------+----------+------------+------------+----------+----------+
; M68K_C1    ; PI_CLK   ; false path ; false path ; 0        ; 0        ;
; M68K_C3    ; PI_CLK   ; false path ; false path ; 0        ; 0        ;
; M68K_CLK   ; PI_CLK   ; false path ; false path ; 0        ; 0        ;
; PI_CLK     ; PI_CLK   ; 357        ; 0          ; 0        ; 0        ;
+------------+----------+------------+------------+----------+----------+
Entries labeled "false path" only account for clock-to-clock false paths and not path-based false paths. As a result, actual path counts may be lower than reported.


+-----------------------------------------------------------------------+
; Hold Transfers                                                        ;
+------------+----------+------------+------------+----------+----------+
; From Clock ; To Clock ; RR Paths   ; FR Paths   ; RF Paths ; FF Paths ;
+------------+----------+------------+------------+----------+----------+
; M68K_C1    ; PI_CLK   ; false path ; false path ; 0        ; 0        ;
; M68K_C3    ; PI_CLK   ; false path ; false path ; 0        ; 0        ;
; M68K_CLK   ; PI_CLK   ; false path ; false path ; 0        ; 0        ;
; PI_CLK     ; PI_CLK   ; 357        ; 0          ; 0        ; 0        ;
+------------+----------+------------+------------+----------+----------+
Entries labeled "false path" only account for clock-to-clock false paths and not path-based false paths. As a result, actual path counts may be lower than reported.


---------------
; Report TCCS ;
---------------
No dedicated SERDES Transmitter circuitry present in device or used in design


---------------
; Report RSKM ;
---------------
No non-DPA dedicated SERDES Receiver circuitry present in device or used in design


+------------------------------------------------+
; Unconstrained Paths Summary                    ;
+---------------------------------+-------+------+
; Property                        ; Setup ; Hold ;
+---------------------------------+-------+------+
; Illegal Clocks                  ; 0     ; 0    ;
; Unconstrained Clocks            ; 0     ; 0    ;
; Unconstrained Input Ports       ; 4     ; 4    ;
; Unconstrained Input Port Paths  ; 13    ; 13   ;
; Unconstrained Output Ports      ; 1     ; 1    ;
; Unconstrained Output Port Paths ; 3     ; 3    ;
+---------------------------------+-------+------+


+------------------------------------------+
; Clock Status Summary                     ;
+----------+----------+------+-------------+
; Target   ; Clock    ; Type ; Status      ;
+----------+----------+------+-------------+
; M68K_C1  ; M68K_C1  ; Base ; Constrained ;
; M68K_C3  ; M68K_C3  ; Base ; Constrained ;
; M68K_CLK ; M68K_CLK ; Base ; Constrained ;
; PI_CLK   ; PI_CLK   ; Base ; Constrained ;
+----------+----------+------+-------------+


+-----------------------------------------------------------------------------------------------------+
; Unconstrained Input Ports                                                                           ;
+--------------+--------------------------------------------------------------------------------------+
; Input Port   ; Comment                                                                              ;
+--------------+--------------------------------------------------------------------------------------+
; CLK_SEL      ; No input delay, min/max delays, false-path exceptions, or max skew assignments found ;
; M68K_BERR_n  ; No input delay, min/max delays, false-path exceptions, or max skew assignments found ;
; M68K_BR_n    ; No input delay, min/max delays, false-path exceptions, or max skew assignments found ;
; M68K_RESET_n ; No input delay, min/max delays, false-path exceptions, or max skew assignments found ;
+--------------+--------------------------------------------------------------------------------------+


+-----------------------------------------------------------------------------------------------------+
; Unconstrained Output Ports                                                                          ;
+-------------+---------------------------------------------------------------------------------------+
; Output Port ; Comment                                                                               ;
+-------------+---------------------------------------------------------------------------------------+
; PI_RESET    ; No output delay, min/max delays, false-path exceptions, or max skew assignments found ;
+-------------+---------------------------------------------------------------------------------------+


+-----------------------------------------------------------------------------------------------------+
; Unconstrained Input Ports                                                                           ;
+--------------+--------------------------------------------------------------------------------------+
; Input Port   ; Comment                                                                              ;
+--------------+--------------------------------------------------------------------------------------+
; CLK_SEL      ; No input delay, min/max delays, false-path exceptions, or max skew assignments found ;
; M68K_BERR_n  ; No input delay, min/max delays, false-path exceptions, or max skew assignments found ;
; M68K_BR_n    ; No input delay, min/max delays, false-path exceptions, or max skew assignments found ;
; M68K_RESET_n ; No input delay, min/max delays, false-path exceptions, or max skew assignments found ;
+--------------+--------------------------------------------------------------------------------------+


+-----------------------------------------------------------------------------------------------------+
; Unconstrained Output Ports                                                                          ;
+-------------+---------------------------------------------------------------------------------------+
; Output Port ; Comment                                                                               ;
+-------------+---------------------------------------------------------------------------------------+
; PI_RESET    ; No output delay, min/max delays, false-path exceptions, or max skew assignments found ;
+-------------+---------------------------------------------------------------------------------------+


+--------------------------+
; Timing Analyzer Messages ;
+--------------------------+
Info: *******************************************************************
Info: Running Quartus Prime Timing Analyzer
    Info: Version 25.1std.0 Build 1129 10/21/2025 SC Lite Edition
    Info: Processing started: Tue Feb 24 00:08:59 2026
Info: Command: quartus_sta pistorm_fc -c pistorm_fc
Info: qsta_default_script.tcl version: #1
Info (20030): Parallel compilation is enabled and will use 16 of the 24 processors detected
Info (21077): Low junction temperature is 0 degrees C
Info (21077): High junction temperature is 85 degrees C
Info (334003): Started post-fitting delay annotation
Info (334004): Delay annotation completed successfully
Info (332104): Reading SDC File: 'pistorm_fc.sdc'
Info: Found TIMING_ANALYZER_REPORT_SCRIPT_INCLUDE_DEFAULT_ANALYSIS = ON
Info: Analyzing Slow Model
Info: Can't run Report Timing Closure Recommendations. The current device family is not supported.
Critical Warning (332148): Timing requirements not met
Info (332146): Worst-case setup slack is -2.256
    Info (332119):     Slack       End Point TNS Clock 
    Info (332119): ========= =================== =====================
    Info (332119):    -2.256             -37.904 PI_CLK 
Info (332146): Worst-case hold slack is 1.078
    Info (332119):     Slack       End Point TNS Clock 
    Info (332119): ========= =================== =====================
    Info (332119):     1.078               0.000 PI_CLK 
Info (332140): No Recovery paths to report
Info (332140): No Removal paths to report
Info (332146): Worst-case minimum pulse width slack is 1.711
    Info (332119):     Slack       End Point TNS Clock 
    Info (332119): ========= =================== =====================
    Info (332119):     1.711               0.000 PI_CLK 
    Info (332119):   137.711               0.000 M68K_CLK 
    Info (332119):   278.711               0.000 M68K_C1 
    Info (332119):   278.711               0.000 M68K_C3 
Info (332001): The selected device family is not supported by the report_metastability command.
Info: Analyzing Fast Model
Info (334003): Started post-fitting delay annotation
Info (334004): Delay annotation completed successfully
Info (332146): Worst-case setup slack is 2.646
    Info (332119):     Slack       End Point TNS Clock 
    Info (332119): ========= =================== =====================
    Info (332119):     2.646               0.000 PI_CLK 
Info (332146): Worst-case hold slack is 0.280
    Info (332119):     Slack       End Point TNS Clock 
    Info (332119): ========= =================== =====================
    Info (332119):     0.280               0.000 PI_CLK 
Info (332140): No Recovery paths to report
Info (332140): No Removal paths to report
Info (332146): Worst-case minimum pulse width slack is 1.711
    Info (332119):     Slack       End Point TNS Clock 
    Info (332119): ========= =================== =====================
    Info (332119):     1.711               0.000 PI_CLK 
    Info (332119):   137.711               0.000 M68K_CLK 
    Info (332119):   278.711               0.000 M68K_C1 
    Info (332119):   278.711               0.000 M68K_C3 
Info (332001): The selected device family is not supported by the report_metastability command.
Info (332102): Design is not fully constrained for setup requirements
Info (332102): Design is not fully constrained for hold requirements
Info: Quartus Prime Timing Analyzer was successful. 0 errors, 1 warning
    Info: Peak virtual memory: 336 megabytes
    Info: Processing ended: Tue Feb 24 00:09:00 2026
    Info: Elapsed time: 00:00:01
    Info: Total CPU time (on all processors): 00:00:00


