Fitter report for pistorm_fc
Fri Feb  6 02:54:53 2026
Quartus Prime Version 25.1std.0 Build 1129 10/21/2025 SC Lite Edition


---------------------
; Table of Contents ;
---------------------
  1. Legal Notice
  2. Fitter Summary
  3. Fitter Settings
  4. Parallel Compilation
  5. Pin-Out File
  6. Fitter Resource Usage Summary
  7. Input Pins
  8. Output Pins
  9. Bidir Pins
 10. I/O Bank Usage
 11. All Package Pins
 12. Output Pin Default Load For Reported TCO
 13. Fitter Resource Utilization by Entity
 14. Delay Chain Summary
 15. Control Signals
 16. Global & Other Fast Signals
 17. Routing Usage Summary
 18. LAB Logic Elements
 19. LAB-wide Signals
 20. LAB Signals Sourced
 21. LAB Signals Sourced Out
 22. LAB Distinct Inputs
 23. Fitter Device Options
 24. Fitter Messages



----------------
; Legal Notice ;
----------------
Copyright (C) 2025  Altera Corporation. All rights reserved.
Your use of Altera Corporation's design tools, logic functions 
and other software and tools, and any partner logic 
functions, and any output files from any of the foregoing 
(including device programming or simulation files), and any 
associated documentation or information are expressly subject 
to the terms and conditions of the Altera Program License 
Subscription Agreement, the Altera Quartus Prime License Agreement,
the Altera IP License Agreement, or other applicable license
agreement, including, without limitation, that your use is for
the sole purpose of programming logic devices manufactured by
Altera and sold by Altera or its authorized distributors.  Please
refer to the Altera Software License Subscription Agreements 
on the Quartus Prime software download page.



+-------------------------------------------------------------------------+
; Fitter Summary                                                          ;
+-----------------------+-------------------------------------------------+
; Fitter Status         ; Successful - Fri Feb  6 02:54:53 2026           ;
; Quartus Prime Version ; 25.1std.0 Build 1129 10/21/2025 SC Lite Edition ;
; Revision Name         ; pistorm_fc                                      ;
; Top-level Entity Name ; pistorm                                         ;
; Family                ; MAX II                                          ;
; Device                ; EPM240T100C5                                    ;
; Timing Models         ; Final                                           ;
; Total logic elements  ; 80 / 240 ( 33 % )                               ;
; Total pins            ; 59 / 80 ( 74 % )                                ;
; Total virtual pins    ; 0                                               ;
; UFM blocks            ; 0 / 1 ( 0 % )                                   ;
+-----------------------+-------------------------------------------------+


+--------------------------------------------------------------------------------------------------------------------------------------+
; Fitter Settings                                                                                                                      ;
+--------------------------------------------------------------------+--------------------------------+--------------------------------+
; Option                                                             ; Setting                        ; Default Value                  ;
+--------------------------------------------------------------------+--------------------------------+--------------------------------+
; Device                                                             ; EPM240T100C5                   ;                                ;
; Maximum processors allowed for parallel compilation                ; All                            ;                                ;
; Minimum Core Junction Temperature                                  ; 0                              ;                                ;
; Maximum Core Junction Temperature                                  ; 85                             ;                                ;
; Fit Attempts to Skip                                               ; 0                              ; 0.0                            ;
; Use smart compilation                                              ; Off                            ; Off                            ;
; Enable parallel Assembler and Timing Analyzer during compilation   ; On                             ; On                             ;
; Enable compact report table                                        ; Off                            ; Off                            ;
; Router Timing Optimization Level                                   ; Normal                         ; Normal                         ;
; Placement Effort Multiplier                                        ; 1.0                            ; 1.0                            ;
; Router Effort Multiplier                                           ; 1.0                            ; 1.0                            ;
; Always Enable Input Buffers                                        ; Off                            ; Off                            ;
; Optimize Hold Timing                                               ; IO Paths and Minimum TPD Paths ; IO Paths and Minimum TPD Paths ;
; Optimize Multi-Corner Timing                                       ; Off                            ; Off                            ;
; Guarantee I/O Paths Have Zero Hold Time at Fast Corner             ; On                             ; On                             ;
; Power Optimization During Fitting                                  ; Normal compilation             ; Normal compilation             ;
; Optimize Timing                                                    ; Normal compilation             ; Normal compilation             ;
; Optimize Timing for ECOs                                           ; Off                            ; Off                            ;
; Regenerate Full Fit Report During ECO Compiles                     ; Off                            ; Off                            ;
; Optimize IOC Register Placement for Timing                         ; Normal                         ; Normal                         ;
; Limit to One Fitting Attempt                                       ; Off                            ; Off                            ;
; Final Placement Optimizations                                      ; Automatically                  ; Automatically                  ;
; Fitter Aggressive Routability Optimizations                        ; Automatically                  ; Automatically                  ;
; Fitter Initial Placement Seed                                      ; 1                              ; 1                              ;
; Periphery to Core Placement and Routing Optimization               ; Off                            ; Off                            ;
; Slow Slew Rate                                                     ; Off                            ; Off                            ;
; PCI I/O                                                            ; Off                            ; Off                            ;
; Weak Pull-Up Resistor                                              ; Off                            ; Off                            ;
; Enable Bus-Hold Circuitry                                          ; Off                            ; Off                            ;
; Auto Delay Chains                                                  ; On                             ; On                             ;
; Auto Delay Chains for High Fanout Input Pins                       ; Off                            ; Off                            ;
; Perform Physical Synthesis for Combinational Logic for Performance ; Off                            ; Off                            ;
; Perform Register Duplication for Performance                       ; Off                            ; Off                            ;
; Perform Register Retiming for Performance                          ; Off                            ; Off                            ;
; Perform Asynchronous Signal Pipelining                             ; Off                            ; Off                            ;
; Fitter Effort                                                      ; Auto Fit                       ; Auto Fit                       ;
; Physical Synthesis Effort Level                                    ; Normal                         ; Normal                         ;
; Logic Cell Insertion - Logic Duplication                           ; Auto                           ; Auto                           ;
; Auto Register Duplication                                          ; Auto                           ; Auto                           ;
; Auto Global Clock                                                  ; On                             ; On                             ;
; Auto Global Register Control Signals                               ; On                             ; On                             ;
; Force Fitter to Avoid Periphery Placement Warnings                 ; Off                            ; Off                            ;
+--------------------------------------------------------------------+--------------------------------+--------------------------------+


+------------------------------------------+
; Parallel Compilation                     ;
+----------------------------+-------------+
; Processors                 ; Number      ;
+----------------------------+-------------+
; Number detected on machine ; 32          ;
; Maximum allowed            ; 16          ;
;                            ;             ;
; Average used               ; 1.04        ;
; Maximum used               ; 16          ;
;                            ;             ;
; Usage by Processor         ; % Time Used ;
;     Processor 1            ; 100.0%      ;
;     Processor 2            ;   0.3%      ;
;     Processors 3-16        ;   0.2%      ;
+----------------------------+-------------+


+--------------+
; Pin-Out File ;
+--------------+
The pin-out file can be found in /home/smalley/pistorm64/rtl.fc/output_files/pistorm_fc.pin.


+--------------------------------------------------------------------+
; Fitter Resource Usage Summary                                      ;
+---------------------------------------------+----------------------+
; Resource                                    ; Usage                ;
+---------------------------------------------+----------------------+
; Total logic elements                        ; 80 / 240 ( 33 % )    ;
;     -- Combinational with no register       ; 26                   ;
;     -- Register only                        ; 8                    ;
;     -- Combinational with a register        ; 46                   ;
;                                             ;                      ;
; Logic element usage by number of LUT inputs ;                      ;
;     -- 4 input functions                    ; 37                   ;
;     -- 3 input functions                    ; 18                   ;
;     -- 2 input functions                    ; 8                    ;
;     -- 1 input functions                    ; 9                    ;
;     -- 0 input functions                    ; 0                    ;
;                                             ;                      ;
; Logic elements by mode                      ;                      ;
;     -- normal mode                          ; 80                   ;
;     -- arithmetic mode                      ; 0                    ;
;     -- qfbk mode                            ; 7                    ;
;     -- register cascade mode                ; 0                    ;
;     -- synchronous clear/load mode          ; 11                   ;
;     -- asynchronous clear/load mode         ; 0                    ;
;                                             ;                      ;
; Total registers                             ; 54 / 240 ( 23 % )    ;
; Total LABs                                  ; 10 / 24 ( 42 % )     ;
; Logic elements in carry chains              ; 0                    ;
; Virtual pins                                ; 0                    ;
; I/O pins                                    ; 59 / 80 ( 74 % )     ;
;     -- Clock pins                           ; 4 / 4 ( 100 % )      ;
;                                             ;                      ;
; UFM blocks                                  ; 0 / 1 ( 0 % )        ;
;                                             ;                      ;
;     -- Total Fixed Point DSP Blocks         ; 0                    ;
;     -- Total Floating Point DSP Blocks      ; 0                    ;
;                                             ;                      ;
; Global signals                              ; 1                    ;
;     -- Global clocks                        ; 1 / 4 ( 25 % )       ;
; JTAGs                                       ; 0 / 1 ( 0 % )        ;
; Average interconnect usage (total/H/V)      ; 11.4% / 13.2% / 9.4% ;
; Peak interconnect usage (total/H/V)         ; 11.4% / 13.2% / 9.4% ;
; Maximum fan-out                             ; 54                   ;
; Highest non-global fan-out                  ; 16                   ;
; Total fan-out                               ; 358                  ;
; Average fan-out                             ; 2.58                 ;
+---------------------------------------------+----------------------+


+---------------------------------------------------------------------------------------------------------------------------------------------------------------------------------------------------------------------------------------+
; Input Pins                                                                                                                                                                                                                            ;
+---------------+-------+----------+--------------+--------------+-------------+-----------------------+--------------------+--------+-----------------+----------+--------------+--------------+----------------------+----------------+
; Name          ; Pin # ; I/O Bank ; X coordinate ; Y coordinate ; Cell number ; Combinational Fan-Out ; Registered Fan-Out ; Global ; PCI I/O Enabled ; Bus Hold ; Weak Pull Up ; I/O Standard ; Location assigned by ; Slow Slew Rate ;
+---------------+-------+----------+--------------+--------------+-------------+-----------------------+--------------------+--------+-----------------+----------+--------------+--------------+----------------------+----------------+
; CLK_SEL       ; 51    ; 1        ; 7            ; 0            ; 0           ; 1                     ; 0                  ; no     ; no              ; no       ; On           ; 3.3-V LVTTL  ; User                 ; no             ;
; M68K_BERR_n   ; 55    ; 2        ; 8            ; 1            ; 1           ; 3                     ; 0                  ; no     ; no              ; no       ; Off          ; 3.3-V LVTTL  ; User                 ; no             ;
; M68K_BGACK_n  ; 70    ; 2        ; 8            ; 4            ; 4           ; 3                     ; 0                  ; no     ; no              ; no       ; Off          ; 3.3-V LVTTL  ; User                 ; no             ;
; M68K_BR_n     ; 69    ; 2        ; 8            ; 3            ; 0           ; 1                     ; 0                  ; no     ; no              ; no       ; Off          ; 3.3-V LVTTL  ; User                 ; no             ;
; M68K_C1       ; 99    ; 2        ; 2            ; 5            ; 1           ; 1                     ; 0                  ; no     ; no              ; no       ; Off          ; 3.3-V LVTTL  ; User                 ; no             ;
; M68K_C3       ; 100   ; 2        ; 2            ; 5            ; 2           ; 1                     ; 0                  ; no     ; no              ; no       ; Off          ; 3.3-V LVTTL  ; User                 ; no             ;
; M68K_CLK      ; 62    ; 2        ; 8            ; 2            ; 0           ; 1                     ; 0                  ; no     ; no              ; no       ; Off          ; 3.3-V LVTTL  ; User                 ; no             ;
; M68K_DTACK_n  ; 76    ; 2        ; 7            ; 5            ; 1           ; 2                     ; 0                  ; no     ; no              ; no       ; Off          ; 3.3-V LVTTL  ; User                 ; no             ;
; M68K_IPL_n[0] ; 56    ; 2        ; 8            ; 1            ; 0           ; 1                     ; 0                  ; no     ; no              ; no       ; On           ; 3.3-V LVTTL  ; User                 ; no             ;
; M68K_IPL_n[1] ; 58    ; 2        ; 8            ; 2            ; 2           ; 1                     ; 0                  ; no     ; no              ; no       ; On           ; 3.3-V LVTTL  ; User                 ; no             ;
; M68K_IPL_n[2] ; 61    ; 2        ; 8            ; 2            ; 1           ; 1                     ; 0                  ; no     ; no              ; no       ; On           ; 3.3-V LVTTL  ; User                 ; no             ;
; M68K_VPA_n    ; 54    ; 2        ; 8            ; 1            ; 2           ; 1                     ; 0                  ; no     ; no              ; no       ; Off          ; 3.3-V LVTTL  ; User                 ; no             ;
; PI_A[0]       ; 27    ; 1        ; 2            ; 0            ; 2           ; 10                    ; 0                  ; no     ; no              ; no       ; Off          ; 3.3-V LVTTL  ; User                 ; no             ;
; PI_A[1]       ; 28    ; 1        ; 2            ; 0            ; 1           ; 10                    ; 0                  ; no     ; no              ; no       ; Off          ; 3.3-V LVTTL  ; User                 ; no             ;
; PI_CLK        ; 12    ; 1        ; 1            ; 3            ; 3           ; 54                    ; 0                  ; yes    ; no              ; no       ; Off          ; 3.3-V LVTTL  ; User                 ; no             ;
; PI_RD         ; 35    ; 1        ; 3            ; 0            ; 0           ; 3                     ; 0                  ; no     ; no              ; no       ; Off          ; 3.3-V LVTTL  ; User                 ; no             ;
; PI_WR         ; 29    ; 1        ; 2            ; 0            ; 0           ; 4                     ; 0                  ; no     ; no              ; no       ; Off          ; 3.3-V LVTTL  ; User                 ; no             ;
+---------------+-------+----------+--------------+--------------+-------------+-----------------------+--------------------+--------+-----------------+----------+--------------+--------------+----------------------+----------------+


+--------------------------------------------------------------------------------------------------------------------------------------------------------------------------------------------------------------------------------------------------------------------------------------------------------------------------------------+
; Output Pins                                                                                                                                                                                                                                                                                                                          ;
+--------------------+-------+----------+--------------+--------------+-------------+-----------------+----------------+-----------------+------------+---------------+----------+--------------+--------------+------------------+------------------------+----------------------+-------+----------------------+---------------------+
; Name               ; Pin # ; I/O Bank ; X coordinate ; Y coordinate ; Cell number ; Output Register ; Slow Slew Rate ; PCI I/O Enabled ; Open Drain ; TRI Primitive ; Bus Hold ; Weak Pull Up ; I/O Standard ; Current Strength ; Fast Output Connection ; Location assigned by ; Load  ; Output Enable Source ; Output Enable Group ;
+--------------------+-------+----------+--------------+--------------+-------------+-----------------+----------------+-----------------+------------+---------------+----------+--------------+--------------+------------------+------------------------+----------------------+-------+----------------------+---------------------+
; LTCH_A_0           ; 44    ; 1        ; 6            ; 0            ; 2           ; no              ; no             ; no              ; no         ; no            ; no       ; Off          ; 3.3-V LVTTL  ; 16mA             ; no                     ; User                 ; 10 pF ; -                    ; -                   ;
; LTCH_A_16          ; 47    ; 1        ; 6            ; 0            ; 1           ; no              ; no             ; no              ; no         ; no            ; no       ; Off          ; 3.3-V LVTTL  ; 16mA             ; no                     ; User                 ; 10 pF ; -                    ; -                   ;
; LTCH_A_24          ; 48    ; 1        ; 6            ; 0            ; 0           ; no              ; no             ; no              ; no         ; no            ; no       ; Off          ; 3.3-V LVTTL  ; 16mA             ; no                     ; User                 ; 10 pF ; -                    ; -                   ;
; LTCH_A_8           ; 42    ; 1        ; 5            ; 0            ; 0           ; no              ; no             ; no              ; no         ; no            ; no       ; Off          ; 3.3-V LVTTL  ; 16mA             ; no                     ; User                 ; 10 pF ; -                    ; -                   ;
; LTCH_A_OE_n        ; 43    ; 1        ; 6            ; 0            ; 3           ; no              ; no             ; no              ; no         ; no            ; no       ; Off          ; 3.3-V LVTTL  ; 16mA             ; no                     ; User                 ; 10 pF ; -                    ; -                   ;
; LTCH_D_RD_L        ; 49    ; 1        ; 7            ; 0            ; 2           ; no              ; no             ; no              ; no         ; no            ; no       ; Off          ; 3.3-V LVTTL  ; 16mA             ; no                     ; User                 ; 10 pF ; -                    ; -                   ;
; LTCH_D_RD_OE_n     ; 38    ; 1        ; 4            ; 0            ; 0           ; no              ; no             ; no              ; no         ; no            ; no       ; Off          ; 3.3-V LVTTL  ; 16mA             ; no                     ; User                 ; 10 pF ; -                    ; -                   ;
; LTCH_D_RD_U        ; 50    ; 1        ; 7            ; 0            ; 1           ; no              ; no             ; no              ; no         ; no            ; no       ; Off          ; 3.3-V LVTTL  ; 16mA             ; no                     ; User                 ; 10 pF ; -                    ; -                   ;
; LTCH_D_WR_L        ; 40    ; 1        ; 5            ; 0            ; 2           ; no              ; no             ; no              ; no         ; no            ; no       ; Off          ; 3.3-V LVTTL  ; 16mA             ; no                     ; User                 ; 10 pF ; -                    ; -                   ;
; LTCH_D_WR_OE_n     ; 41    ; 1        ; 5            ; 0            ; 1           ; no              ; no             ; no              ; no         ; no            ; no       ; Off          ; 3.3-V LVTTL  ; 16mA             ; no                     ; User                 ; 10 pF ; -                    ; -                   ;
; LTCH_D_WR_U        ; 36    ; 1        ; 4            ; 0            ; 2           ; no              ; no             ; no              ; no         ; no            ; no       ; Off          ; 3.3-V LVTTL  ; 16mA             ; no                     ; User                 ; 10 pF ; -                    ; -                   ;
; M68K_AS_n          ; 72    ; 2        ; 8            ; 4            ; 2           ; no              ; no             ; no              ; no         ; no            ; no       ; Off          ; 3.3-V LVTTL  ; 16mA             ; no                     ; User                 ; 10 pF ; -                    ; -                   ;
; M68K_BG_n          ; 71    ; 2        ; 8            ; 4            ; 3           ; no              ; no             ; no              ; no         ; no            ; no       ; Off          ; 3.3-V LVTTL  ; 16mA             ; no                     ; User                 ; 10 pF ; -                    ; -                   ;
; M68K_E             ; 53    ; 2        ; 8            ; 1            ; 3           ; no              ; no             ; no              ; no         ; no            ; no       ; Off          ; 3.3-V LVTTL  ; 16mA             ; no                     ; User                 ; 10 pF ; -                    ; -                   ;
; M68K_FC[0]         ; 66    ; 2        ; 8            ; 3            ; 3           ; no              ; no             ; no              ; no         ; yes           ; no       ; Off          ; 3.3-V LVTTL  ; 16mA             ; no                     ; User                 ; 10 pF ; -                    ; -                   ;
; M68K_FC[1]         ; 64    ; 2        ; 8            ; 3            ; 4           ; no              ; no             ; no              ; no         ; yes           ; no       ; Off          ; 3.3-V LVTTL  ; 16mA             ; no                     ; User                 ; 10 pF ; -                    ; -                   ;
; M68K_FC[2]         ; 57    ; 2        ; 8            ; 2            ; 3           ; no              ; no             ; no              ; no         ; yes           ; no       ; Off          ; 3.3-V LVTTL  ; 16mA             ; no                     ; User                 ; 10 pF ; -                    ; -                   ;
; M68K_LDS_n         ; 74    ; 2        ; 8            ; 4            ; 0           ; no              ; no             ; no              ; no         ; no            ; no       ; Off          ; 3.3-V LVTTL  ; 16mA             ; no                     ; User                 ; 10 pF ; -                    ; -                   ;
; M68K_RW            ; 75    ; 2        ; 7            ; 5            ; 0           ; no              ; no             ; no              ; no         ; no            ; no       ; Off          ; 3.3-V LVTTL  ; 16mA             ; no                     ; User                 ; 10 pF ; -                    ; -                   ;
; M68K_UDS_n         ; 73    ; 2        ; 8            ; 4            ; 1           ; no              ; no             ; no              ; no         ; no            ; no       ; Off          ; 3.3-V LVTTL  ; 16mA             ; no                     ; User                 ; 10 pF ; -                    ; -                   ;
; M68K_VMA_n         ; 52    ; 2        ; 8            ; 1            ; 4           ; no              ; no             ; no              ; no         ; no            ; no       ; Off          ; 3.3-V LVTTL  ; 16mA             ; no                     ; User                 ; 10 pF ; -                    ; -                   ;
; PI_IPL_ZERO        ; 33    ; 1        ; 3            ; 0            ; 2           ; no              ; no             ; no              ; no         ; no            ; no       ; Off          ; 3.3-V LVTTL  ; 16mA             ; yes                    ; User                 ; 10 pF ; -                    ; -                   ;
; PI_RESET           ; 34    ; 1        ; 3            ; 0            ; 1           ; no              ; no             ; no              ; no         ; no            ; no       ; Off          ; 3.3-V LVTTL  ; 16mA             ; no                     ; User                 ; 10 pF ; -                    ; -                   ;
; PI_TXN_IN_PROGRESS ; 30    ; 1        ; 3            ; 0            ; 3           ; no              ; no             ; no              ; no         ; no            ; no       ; Off          ; 3.3-V LVTTL  ; 16mA             ; no                     ; User                 ; 10 pF ; -                    ; -                   ;
+--------------------+-------+----------+--------------+--------------+-------------+-----------------+----------------+-----------------+------------+---------------+----------+--------------+--------------+------------------+------------------------+----------------------+-------+----------------------+---------------------+


+----------------------------------------------------------------------------------------------------------------------------------------------------------------------------------------------------------------------------------------------------------------------------------------------------------------------------------------------------------------------+
; Bidir Pins                                                                                                                                                                                                                                                                                                                                                           ;
+--------------+-------+----------+--------------+--------------+-------------+-----------------------+--------------------+--------+-----------------+----------------+-----------------+------------+----------+--------------+--------------+------------------+------------------------+----------------------+-------+----------------------+---------------------+
; Name         ; Pin # ; I/O Bank ; X coordinate ; Y coordinate ; Cell number ; Combinational Fan-Out ; Registered Fan-Out ; Global ; Output Register ; Slow Slew Rate ; PCI I/O Enabled ; Open Drain ; Bus Hold ; Weak Pull Up ; I/O Standard ; Current Strength ; Fast Output Connection ; Location assigned by ; Load  ; Output Enable Source ; Output Enable Group ;
+--------------+-------+----------+--------------+--------------+-------------+-----------------------+--------------------+--------+-----------------+----------------+-----------------+------------+----------+--------------+--------------+------------------+------------------------+----------------------+-------+----------------------+---------------------+
; M68K_HALT_n  ; 68    ; 2        ; 8            ; 3            ; 1           ; 0                     ; 0                  ; no     ; no              ; no             ; no              ; yes        ; no       ; Off          ; 3.3-V LVTTL  ; 16mA             ; no                     ; User                 ; 10 pF ; status[1]            ; -                   ;
; M68K_RESET_n ; 67    ; 2        ; 8            ; 3            ; 2           ; 1                     ; 0                  ; no     ; no              ; no             ; no              ; yes        ; no       ; Off          ; 3.3-V LVTTL  ; 16mA             ; no                     ; User                 ; 10 pF ; status[1]            ; -                   ;
; PI_D[0]      ; 2     ; 1        ; 1            ; 4            ; 0           ; 1                     ; 0                  ; no     ; no              ; no             ; no              ; yes        ; no       ; Off          ; 3.3-V LVTTL  ; 16mA             ; no                     ; User                 ; 10 pF ; PI_D~32              ; -                   ;
; PI_D[10]     ; 20    ; 1        ; 1            ; 1            ; 2           ; 0                     ; 0                  ; no     ; no              ; no             ; no              ; yes        ; no       ; Off          ; 3.3-V LVTTL  ; 16mA             ; no                     ; User                 ; 10 pF ; PI_D~32              ; -                   ;
; PI_D[11]     ; 8     ; 1        ; 1            ; 3            ; 2           ; 0                     ; 0                  ; no     ; no              ; no             ; no              ; yes        ; no       ; Off          ; 3.3-V LVTTL  ; 16mA             ; no                     ; User                 ; 10 pF ; PI_D~32              ; -                   ;
; PI_D[12]     ; 15    ; 1        ; 1            ; 2            ; 1           ; 0                     ; 0                  ; no     ; no              ; no             ; no              ; yes        ; no       ; Off          ; 3.3-V LVTTL  ; 16mA             ; no                     ; User                 ; 10 pF ; PI_D~32              ; -                   ;
; PI_D[13]     ; 14    ; 1        ; 1            ; 2            ; 0           ; 1                     ; 0                  ; no     ; no              ; no             ; no              ; no         ; no       ; Off          ; 3.3-V LVTTL  ; 16mA             ; no                     ; User                 ; 10 pF ; PI_D~32              ; -                   ;
; PI_D[14]     ; 19    ; 1        ; 1            ; 1            ; 1           ; 1                     ; 0                  ; no     ; no              ; no             ; no              ; no         ; no       ; Off          ; 3.3-V LVTTL  ; 16mA             ; no                     ; User                 ; 10 pF ; PI_D~32              ; -                   ;
; PI_D[15]     ; 18    ; 1        ; 1            ; 1            ; 0           ; 1                     ; 0                  ; no     ; no              ; no             ; no              ; no         ; no       ; Off          ; 3.3-V LVTTL  ; 16mA             ; no                     ; User                 ; 10 pF ; PI_D~32              ; -                   ;
; PI_D[1]      ; 3     ; 1        ; 1            ; 4            ; 1           ; 1                     ; 0                  ; no     ; no              ; no             ; no              ; yes        ; no       ; Off          ; 3.3-V LVTTL  ; 16mA             ; no                     ; User                 ; 10 pF ; PI_D~32              ; -                   ;
; PI_D[2]      ; 4     ; 1        ; 1            ; 4            ; 2           ; 0                     ; 0                  ; no     ; no              ; no             ; no              ; yes        ; no       ; Off          ; 3.3-V LVTTL  ; 16mA             ; no                     ; User                 ; 10 pF ; PI_D~32              ; -                   ;
; PI_D[3]      ; 5     ; 1        ; 1            ; 4            ; 3           ; 0                     ; 0                  ; no     ; no              ; no             ; no              ; yes        ; no       ; Off          ; 3.3-V LVTTL  ; 16mA             ; no                     ; User                 ; 10 pF ; PI_D~32              ; -                   ;
; PI_D[4]      ; 6     ; 1        ; 1            ; 3            ; 0           ; 0                     ; 0                  ; no     ; no              ; no             ; no              ; yes        ; no       ; Off          ; 3.3-V LVTTL  ; 16mA             ; no                     ; User                 ; 10 pF ; PI_D~32              ; -                   ;
; PI_D[5]      ; 7     ; 1        ; 1            ; 3            ; 1           ; 0                     ; 0                  ; no     ; no              ; no             ; no              ; yes        ; no       ; Off          ; 3.3-V LVTTL  ; 16mA             ; no                     ; User                 ; 10 pF ; PI_D~32              ; -                   ;
; PI_D[6]      ; 26    ; 1        ; 2            ; 0            ; 3           ; 0                     ; 0                  ; no     ; no              ; no             ; no              ; yes        ; no       ; Off          ; 3.3-V LVTTL  ; 16mA             ; no                     ; User                 ; 10 pF ; PI_D~32              ; -                   ;
; PI_D[7]      ; 21    ; 1        ; 1            ; 1            ; 3           ; 0                     ; 0                  ; no     ; no              ; no             ; no              ; yes        ; no       ; Off          ; 3.3-V LVTTL  ; 16mA             ; no                     ; User                 ; 10 pF ; PI_D~32              ; -                   ;
; PI_D[8]      ; 17    ; 1        ; 1            ; 2            ; 3           ; 2                     ; 0                  ; no     ; no              ; no             ; no              ; yes        ; no       ; Off          ; 3.3-V LVTTL  ; 16mA             ; no                     ; User                 ; 10 pF ; PI_D~32              ; -                   ;
; PI_D[9]      ; 16    ; 1        ; 1            ; 2            ; 2           ; 1                     ; 0                  ; no     ; no              ; no             ; no              ; yes        ; no       ; Off          ; 3.3-V LVTTL  ; 16mA             ; no                     ; User                 ; 10 pF ; PI_D~32              ; -                   ;
+--------------+-------+----------+--------------+--------------+-------------+-----------------------+--------------------+--------+-----------------+----------------+-----------------+------------+----------+--------------+--------------+------------------+------------------------+----------------------+-------+----------------------+---------------------+


+------------------------------------------------------------+
; I/O Bank Usage                                             ;
+----------+------------------+---------------+--------------+
; I/O Bank ; Usage            ; VCCIO Voltage ; VREF Voltage ;
+----------+------------------+---------------+--------------+
; 1        ; 36 / 38 ( 95 % ) ; 3.3V          ; --           ;
; 2        ; 23 / 42 ( 55 % ) ; 3.3V          ; --           ;
+----------+------------------+---------------+--------------+


+-----------------------------------------------------------------------------------------------------------------------------------------------------------------+
; All Package Pins                                                                                                                                                ;
+----------+------------+----------+---------------------------------+--------+--------------+-----------+------------+-----------------+----------+--------------+
; Location ; Pad Number ; I/O Bank ; Pin Name/Usage                  ; Dir.   ; I/O Standard ; Voltage   ; I/O Type   ; User Assignment ; Bus Hold ; Weak Pull Up ;
+----------+------------+----------+---------------------------------+--------+--------------+-----------+------------+-----------------+----------+--------------+
; 1        ; 83         ; 2        ; RESERVED_INPUT_WITH_WEAK_PULLUP ;        ;              ;           ; Column I/O ;                 ; no       ; On           ;
; 2        ; 0          ; 1        ; PI_D[0]                         ; bidir  ; 3.3-V LVTTL  ;           ; Row I/O    ; Y               ; no       ; Off          ;
; 3        ; 1          ; 1        ; PI_D[1]                         ; bidir  ; 3.3-V LVTTL  ;           ; Row I/O    ; Y               ; no       ; Off          ;
; 4        ; 2          ; 1        ; PI_D[2]                         ; bidir  ; 3.3-V LVTTL  ;           ; Row I/O    ; Y               ; no       ; Off          ;
; 5        ; 3          ; 1        ; PI_D[3]                         ; bidir  ; 3.3-V LVTTL  ;           ; Row I/O    ; Y               ; no       ; Off          ;
; 6        ; 4          ; 1        ; PI_D[4]                         ; bidir  ; 3.3-V LVTTL  ;           ; Row I/O    ; Y               ; no       ; Off          ;
; 7        ; 5          ; 1        ; PI_D[5]                         ; bidir  ; 3.3-V LVTTL  ;           ; Row I/O    ; Y               ; no       ; Off          ;
; 8        ; 6          ; 1        ; PI_D[11]                        ; bidir  ; 3.3-V LVTTL  ;           ; Row I/O    ; Y               ; no       ; Off          ;
; 9        ;            ; 1        ; VCCIO1                          ; power  ;              ; 3.3V      ; --         ;                 ; --       ; --           ;
; 10       ;            ;          ; GNDIO                           ; gnd    ;              ;           ; --         ;                 ; --       ; --           ;
; 11       ;            ;          ; GNDINT                          ; gnd    ;              ;           ; --         ;                 ; --       ; --           ;
; 12       ; 7          ; 1        ; PI_CLK                          ; input  ; 3.3-V LVTTL  ;           ; Row I/O    ; Y               ; no       ; Off          ;
; 13       ;            ;          ; VCCINT                          ; power  ;              ; 2.5V/3.3V ; --         ;                 ; --       ; --           ;
; 14       ; 8          ; 1        ; PI_D[13]                        ; bidir  ; 3.3-V LVTTL  ;           ; Row I/O    ; Y               ; no       ; Off          ;
; 15       ; 9          ; 1        ; PI_D[12]                        ; bidir  ; 3.3-V LVTTL  ;           ; Row I/O    ; Y               ; no       ; Off          ;
; 16       ; 10         ; 1        ; PI_D[9]                         ; bidir  ; 3.3-V LVTTL  ;           ; Row I/O    ; Y               ; no       ; Off          ;
; 17       ; 11         ; 1        ; PI_D[8]                         ; bidir  ; 3.3-V LVTTL  ;           ; Row I/O    ; Y               ; no       ; Off          ;
; 18       ; 12         ; 1        ; PI_D[15]                        ; bidir  ; 3.3-V LVTTL  ;           ; Row I/O    ; Y               ; no       ; Off          ;
; 19       ; 13         ; 1        ; PI_D[14]                        ; bidir  ; 3.3-V LVTTL  ;           ; Row I/O    ; Y               ; no       ; Off          ;
; 20       ; 14         ; 1        ; PI_D[10]                        ; bidir  ; 3.3-V LVTTL  ;           ; Row I/O    ; Y               ; no       ; Off          ;
; 21       ; 15         ; 1        ; PI_D[7]                         ; bidir  ; 3.3-V LVTTL  ;           ; Row I/O    ; Y               ; no       ; Off          ;
; 22       ; 16         ; 1        ; #TMS                            ; input  ;              ;           ; --         ;                 ; --       ; --           ;
; 23       ; 17         ; 1        ; #TDI                            ; input  ;              ;           ; --         ;                 ; --       ; --           ;
; 24       ; 18         ; 1        ; #TCK                            ; input  ;              ;           ; --         ;                 ; --       ; --           ;
; 25       ; 19         ; 1        ; #TDO                            ; output ;              ;           ; --         ;                 ; --       ; --           ;
; 26       ; 20         ; 1        ; PI_D[6]                         ; bidir  ; 3.3-V LVTTL  ;           ; Column I/O ; Y               ; no       ; Off          ;
; 27       ; 21         ; 1        ; PI_A[0]                         ; input  ; 3.3-V LVTTL  ;           ; Column I/O ; Y               ; no       ; Off          ;
; 28       ; 22         ; 1        ; PI_A[1]                         ; input  ; 3.3-V LVTTL  ;           ; Column I/O ; Y               ; no       ; Off          ;
; 29       ; 23         ; 1        ; PI_WR                           ; input  ; 3.3-V LVTTL  ;           ; Column I/O ; Y               ; no       ; Off          ;
; 30       ; 24         ; 1        ; PI_TXN_IN_PROGRESS              ; output ; 3.3-V LVTTL  ;           ; Column I/O ; Y               ; no       ; Off          ;
; 31       ;            ; 1        ; VCCIO1                          ; power  ;              ; 3.3V      ; --         ;                 ; --       ; --           ;
; 32       ;            ;          ; GNDIO                           ; gnd    ;              ;           ; --         ;                 ; --       ; --           ;
; 33       ; 25         ; 1        ; PI_IPL_ZERO                     ; output ; 3.3-V LVTTL  ;           ; Column I/O ; Y               ; no       ; Off          ;
; 34       ; 26         ; 1        ; PI_RESET                        ; output ; 3.3-V LVTTL  ;           ; Column I/O ; Y               ; no       ; Off          ;
; 35       ; 27         ; 1        ; PI_RD                           ; input  ; 3.3-V LVTTL  ;           ; Column I/O ; Y               ; no       ; Off          ;
; 36       ; 28         ; 1        ; LTCH_D_WR_U                     ; output ; 3.3-V LVTTL  ;           ; Column I/O ; Y               ; no       ; Off          ;
; 37       ; 29         ; 1        ; RESERVED_INPUT_WITH_WEAK_PULLUP ;        ;              ;           ; Column I/O ;                 ; no       ; On           ;
; 38       ; 30         ; 1        ; LTCH_D_RD_OE_n                  ; output ; 3.3-V LVTTL  ;           ; Column I/O ; Y               ; no       ; Off          ;
; 39       ; 31         ; 1        ; RESERVED_INPUT_WITH_WEAK_PULLUP ;        ;              ;           ; Column I/O ;                 ; no       ; On           ;
; 40       ; 32         ; 1        ; LTCH_D_WR_L                     ; output ; 3.3-V LVTTL  ;           ; Column I/O ; Y               ; no       ; Off          ;
; 41       ; 33         ; 1        ; LTCH_D_WR_OE_n                  ; output ; 3.3-V LVTTL  ;           ; Column I/O ; Y               ; no       ; Off          ;
; 42       ; 34         ; 1        ; LTCH_A_8                        ; output ; 3.3-V LVTTL  ;           ; Column I/O ; Y               ; no       ; Off          ;
; 43       ; 35         ; 1        ; LTCH_A_OE_n                     ; output ; 3.3-V LVTTL  ;           ; Column I/O ; Y               ; no       ; Off          ;
; 44       ; 36         ; 1        ; LTCH_A_0                        ; output ; 3.3-V LVTTL  ;           ; Column I/O ; Y               ; no       ; Off          ;
; 45       ;            ; 1        ; VCCIO1                          ; power  ;              ; 3.3V      ; --         ;                 ; --       ; --           ;
; 46       ;            ;          ; GNDIO                           ; gnd    ;              ;           ; --         ;                 ; --       ; --           ;
; 47       ; 37         ; 1        ; LTCH_A_16                       ; output ; 3.3-V LVTTL  ;           ; Column I/O ; Y               ; no       ; Off          ;
; 48       ; 38         ; 1        ; LTCH_A_24                       ; output ; 3.3-V LVTTL  ;           ; Column I/O ; Y               ; no       ; Off          ;
; 49       ; 39         ; 1        ; LTCH_D_RD_L                     ; output ; 3.3-V LVTTL  ;           ; Column I/O ; Y               ; no       ; Off          ;
; 50       ; 40         ; 1        ; LTCH_D_RD_U                     ; output ; 3.3-V LVTTL  ;           ; Column I/O ; Y               ; no       ; Off          ;
; 51       ; 41         ; 1        ; CLK_SEL                         ; input  ; 3.3-V LVTTL  ;           ; Column I/O ; Y               ; no       ; On           ;
; 52       ; 42         ; 2        ; M68K_VMA_n                      ; output ; 3.3-V LVTTL  ;           ; Row I/O    ; Y               ; no       ; Off          ;
; 53       ; 43         ; 2        ; M68K_E                          ; output ; 3.3-V LVTTL  ;           ; Row I/O    ; Y               ; no       ; Off          ;
; 54       ; 44         ; 2        ; M68K_VPA_n                      ; input  ; 3.3-V LVTTL  ;           ; Row I/O    ; Y               ; no       ; Off          ;
; 55       ; 45         ; 2        ; M68K_BERR_n                     ; input  ; 3.3-V LVTTL  ;           ; Row I/O    ; Y               ; no       ; Off          ;
; 56       ; 46         ; 2        ; M68K_IPL_n[0]                   ; input  ; 3.3-V LVTTL  ;           ; Row I/O    ; Y               ; no       ; On           ;
; 57       ; 47         ; 2        ; M68K_FC[2]                      ; output ; 3.3-V LVTTL  ;           ; Row I/O    ; Y               ; no       ; Off          ;
; 58       ; 48         ; 2        ; M68K_IPL_n[1]                   ; input  ; 3.3-V LVTTL  ;           ; Row I/O    ; Y               ; no       ; On           ;
; 59       ;            ; 2        ; VCCIO2                          ; power  ;              ; 3.3V      ; --         ;                 ; --       ; --           ;
; 60       ;            ;          ; GNDIO                           ; gnd    ;              ;           ; --         ;                 ; --       ; --           ;
; 61       ; 49         ; 2        ; M68K_IPL_n[2]                   ; input  ; 3.3-V LVTTL  ;           ; Row I/O    ; Y               ; no       ; On           ;
; 62       ; 50         ; 2        ; M68K_CLK                        ; input  ; 3.3-V LVTTL  ;           ; Row I/O    ; Y               ; no       ; Off          ;
; 63       ;            ;          ; VCCINT                          ; power  ;              ; 2.5V/3.3V ; --         ;                 ; --       ; --           ;
; 64       ; 51         ; 2        ; M68K_FC[1]                      ; output ; 3.3-V LVTTL  ;           ; Row I/O    ; Y               ; no       ; Off          ;
; 65       ;            ;          ; GNDINT                          ; gnd    ;              ;           ; --         ;                 ; --       ; --           ;
; 66       ; 52         ; 2        ; M68K_FC[0]                      ; output ; 3.3-V LVTTL  ;           ; Row I/O    ; Y               ; no       ; Off          ;
; 67       ; 53         ; 2        ; M68K_RESET_n                    ; bidir  ; 3.3-V LVTTL  ;           ; Row I/O    ; Y               ; no       ; Off          ;
; 68       ; 54         ; 2        ; M68K_HALT_n                     ; bidir  ; 3.3-V LVTTL  ;           ; Row I/O    ; Y               ; no       ; Off          ;
; 69       ; 55         ; 2        ; M68K_BR_n                       ; input  ; 3.3-V LVTTL  ;           ; Row I/O    ; Y               ; no       ; Off          ;
; 70       ; 56         ; 2        ; M68K_BGACK_n                    ; input  ; 3.3-V LVTTL  ;           ; Row I/O    ; Y               ; no       ; Off          ;
; 71       ; 57         ; 2        ; M68K_BG_n                       ; output ; 3.3-V LVTTL  ;           ; Row I/O    ; Y               ; no       ; Off          ;
; 72       ; 58         ; 2        ; M68K_AS_n                       ; output ; 3.3-V LVTTL  ;           ; Row I/O    ; Y               ; no       ; Off          ;
; 73       ; 59         ; 2        ; M68K_UDS_n                      ; output ; 3.3-V LVTTL  ;           ; Row I/O    ; Y               ; no       ; Off          ;
; 74       ; 60         ; 2        ; M68K_LDS_n                      ; output ; 3.3-V LVTTL  ;           ; Row I/O    ; Y               ; no       ; Off          ;
; 75       ; 61         ; 2        ; M68K_RW                         ; output ; 3.3-V LVTTL  ;           ; Column I/O ; Y               ; no       ; Off          ;
; 76       ; 62         ; 2        ; M68K_DTACK_n                    ; input  ; 3.3-V LVTTL  ;           ; Column I/O ; Y               ; no       ; Off          ;
; 77       ; 63         ; 2        ; RESERVED_INPUT_WITH_WEAK_PULLUP ;        ;              ;           ; Column I/O ;                 ; no       ; On           ;
; 78       ; 64         ; 2        ; RESERVED_INPUT_WITH_WEAK_PULLUP ;        ;              ;           ; Column I/O ;                 ; no       ; On           ;
; 79       ;            ;          ; GNDIO                           ; gnd    ;              ;           ; --         ;                 ; --       ; --           ;
; 80       ;            ; 2        ; VCCIO2                          ; power  ;              ; 3.3V      ; --         ;                 ; --       ; --           ;
; 81       ; 65         ; 2        ; RESERVED_INPUT_WITH_WEAK_PULLUP ;        ;              ;           ; Column I/O ;                 ; no       ; On           ;
; 82       ; 66         ; 2        ; RESERVED_INPUT_WITH_WEAK_PULLUP ;        ;              ;           ; Column I/O ;                 ; no       ; On           ;
; 83       ; 67         ; 2        ; RESERVED_INPUT_WITH_WEAK_PULLUP ;        ;              ;           ; Column I/O ;                 ; no       ; On           ;
; 84       ; 68         ; 2        ; RESERVED_INPUT_WITH_WEAK_PULLUP ;        ;              ;           ; Column I/O ;                 ; no       ; On           ;
; 85       ; 69         ; 2        ; RESERVED_INPUT_WITH_WEAK_PULLUP ;        ;              ;           ; Column I/O ;                 ; no       ; On           ;
; 86       ; 70         ; 2        ; RESERVED_INPUT_WITH_WEAK_PULLUP ;        ;              ;           ; Column I/O ;                 ; no       ; On           ;
; 87       ; 71         ; 2        ; RESERVED_INPUT_WITH_WEAK_PULLUP ;        ;              ;           ; Column I/O ;                 ; no       ; On           ;
; 88       ; 72         ; 2        ; RESERVED_INPUT_WITH_WEAK_PULLUP ;        ;              ;           ; Column I/O ;                 ; no       ; On           ;
; 89       ; 73         ; 2        ; RESERVED_INPUT_WITH_WEAK_PULLUP ;        ;              ;           ; Column I/O ;                 ; no       ; On           ;
; 90       ; 74         ; 2        ; RESERVED_INPUT_WITH_WEAK_PULLUP ;        ;              ;           ; Column I/O ;                 ; no       ; On           ;
; 91       ; 75         ; 2        ; RESERVED_INPUT_WITH_WEAK_PULLUP ;        ;              ;           ; Column I/O ;                 ; no       ; On           ;
; 92       ; 76         ; 2        ; RESERVED_INPUT_WITH_WEAK_PULLUP ;        ;              ;           ; Column I/O ;                 ; no       ; On           ;
; 93       ;            ;          ; GNDIO                           ; gnd    ;              ;           ; --         ;                 ; --       ; --           ;
; 94       ;            ; 2        ; VCCIO2                          ; power  ;              ; 3.3V      ; --         ;                 ; --       ; --           ;
; 95       ; 77         ; 2        ; RESERVED_INPUT_WITH_WEAK_PULLUP ;        ;              ;           ; Column I/O ;                 ; no       ; On           ;
; 96       ; 78         ; 2        ; RESERVED_INPUT_WITH_WEAK_PULLUP ;        ;              ;           ; Column I/O ;                 ; no       ; On           ;
; 97       ; 79         ; 2        ; RESERVED_INPUT_WITH_WEAK_PULLUP ;        ;              ;           ; Column I/O ;                 ; no       ; On           ;
; 98       ; 80         ; 2        ; RESERVED_INPUT_WITH_WEAK_PULLUP ;        ;              ;           ; Column I/O ;                 ; no       ; On           ;
; 99       ; 81         ; 2        ; M68K_C1                         ; input  ; 3.3-V LVTTL  ;           ; Column I/O ; Y               ; no       ; Off          ;
; 100      ; 82         ; 2        ; M68K_C3                         ; input  ; 3.3-V LVTTL  ;           ; Column I/O ; Y               ; no       ; Off          ;
+----------+------------+----------+---------------------------------+--------+--------------+-----------+------------+-----------------+----------+--------------+
Note: Pin directions (input, output or bidir) are based on device operating in user mode.


+-------------------------------------------------------------+
; Output Pin Default Load For Reported TCO                    ;
+----------------------------+-------+------------------------+
; I/O Standard               ; Load  ; Termination Resistance ;
+----------------------------+-------+------------------------+
; 3.3-V LVTTL                ; 10 pF ; Not Available          ;
; 3.3-V LVCMOS               ; 10 pF ; Not Available          ;
; 2.5 V                      ; 10 pF ; Not Available          ;
; 1.8 V                      ; 10 pF ; Not Available          ;
; 1.5 V                      ; 10 pF ; Not Available          ;
; 3.3V Schmitt Trigger Input ; 10 pF ; Not Available          ;
; 2.5V Schmitt Trigger Input ; 10 pF ; Not Available          ;
+----------------------------+-------+------------------------+
Note: User assignments will override these defaults. The user specified values are listed in the Output Pins and Bidir Pins tables.


+------------------------------------------------------------------------------------------------------------------------------------------------------------------------------------------------------------------------------------+
; Fitter Resource Utilization by Entity                                                                                                                                                                                              ;
+----------------------------+-------------+--------------+------------+------+--------------+--------------+-------------------+------------------+-----------------+------------+---------------------+-------------+--------------+
; Compilation Hierarchy Node ; Logic Cells ; LC Registers ; UFM Blocks ; Pins ; Virtual Pins ; LUT-Only LCs ; Register-Only LCs ; LUT/Register LCs ; Carry Chain LCs ; Packed LCs ; Full Hierarchy Name ; Entity Name ; Library Name ;
+----------------------------+-------------+--------------+------------+------+--------------+--------------+-------------------+------------------+-----------------+------------+---------------------+-------------+--------------+
; |pistorm                   ; 80 (80)     ; 54           ; 0          ; 59   ; 0            ; 26 (26)      ; 8 (8)             ; 46 (46)          ; 0 (0)           ; 7 (7)      ; |pistorm            ; pistorm     ; work         ;
+----------------------------+-------------+--------------+------------+------+--------------+--------------+-------------------+------------------+-----------------+------------+---------------------+-------------+--------------+
Note: For table entries with two numbers listed, the numbers in parentheses indicate the number of resources of the given type used by the specific entity alone. The numbers listed outside of parentheses indicate the total resources of the given type used by the specific entity and all of its sub-entities in the hierarchy.


+-----------------------------------------------+
; Delay Chain Summary                           ;
+--------------------+----------+---------------+
; Name               ; Pin Type ; Pad to Core 0 ;
+--------------------+----------+---------------+
; PI_TXN_IN_PROGRESS ; Output   ; --            ;
; PI_IPL_ZERO        ; Output   ; --            ;
; PI_RESET           ; Output   ; --            ;
; LTCH_A_0           ; Output   ; --            ;
; LTCH_A_8           ; Output   ; --            ;
; LTCH_A_16          ; Output   ; --            ;
; LTCH_A_24          ; Output   ; --            ;
; LTCH_A_OE_n        ; Output   ; --            ;
; LTCH_D_RD_U        ; Output   ; --            ;
; LTCH_D_RD_L        ; Output   ; --            ;
; LTCH_D_RD_OE_n     ; Output   ; --            ;
; LTCH_D_WR_U        ; Output   ; --            ;
; LTCH_D_WR_L        ; Output   ; --            ;
; LTCH_D_WR_OE_n     ; Output   ; --            ;
; M68K_FC[0]         ; Output   ; --            ;
; M68K_FC[1]         ; Output   ; --            ;
; M68K_FC[2]         ; Output   ; --            ;
; M68K_AS_n          ; Output   ; --            ;
; M68K_UDS_n         ; Output   ; --            ;
; M68K_LDS_n         ; Output   ; --            ;
; M68K_RW            ; Output   ; --            ;
; M68K_E             ; Output   ; --            ;
; M68K_VMA_n         ; Output   ; --            ;
; M68K_BG_n          ; Output   ; --            ;
; PI_D[0]            ; Bidir    ; (1)           ;
; PI_D[1]            ; Bidir    ; (1)           ;
; PI_D[2]            ; Bidir    ; (0)           ;
; PI_D[3]            ; Bidir    ; (0)           ;
; PI_D[4]            ; Bidir    ; (0)           ;
; PI_D[5]            ; Bidir    ; (0)           ;
; PI_D[6]            ; Bidir    ; (0)           ;
; PI_D[7]            ; Bidir    ; (0)           ;
; PI_D[8]            ; Bidir    ; (1)           ;
; PI_D[9]            ; Bidir    ; (1)           ;
; PI_D[10]           ; Bidir    ; (0)           ;
; PI_D[11]           ; Bidir    ; (0)           ;
; PI_D[12]           ; Bidir    ; (0)           ;
; PI_D[13]           ; Bidir    ; (1)           ;
; PI_D[14]           ; Bidir    ; (1)           ;
; PI_D[15]           ; Bidir    ; (1)           ;
; M68K_RESET_n       ; Bidir    ; (1)           ;
; M68K_HALT_n        ; Bidir    ; (0)           ;
; PI_A[0]            ; Input    ; (1)           ;
; PI_WR              ; Input    ; (1)           ;
; PI_A[1]            ; Input    ; (1)           ;
; PI_RD              ; Input    ; (1)           ;
; M68K_BR_n          ; Input    ; (1)           ;
; PI_CLK             ; Input    ; (0)           ;
; M68K_BERR_n        ; Input    ; (1)           ;
; M68K_BGACK_n       ; Input    ; (1)           ;
; M68K_VPA_n         ; Input    ; (1)           ;
; M68K_DTACK_n       ; Input    ; (1)           ;
; M68K_CLK           ; Input    ; (1)           ;
; M68K_C1            ; Input    ; (1)           ;
; M68K_C3            ; Input    ; (1)           ;
; CLK_SEL            ; Input    ; (1)           ;
; M68K_IPL_n[1]      ; Input    ; (1)           ;
; M68K_IPL_n[0]      ; Input    ; (1)           ;
; M68K_IPL_n[2]      ; Input    ; (1)           ;
+--------------------+----------+---------------+


+--------------------------------------------------------------------------------------------------------------------------+
; Control Signals                                                                                                          ;
+-------------------------------+-------------+---------+---------------+--------+----------------------+------------------+
; Name                          ; Location    ; Fan-Out ; Usage         ; Global ; Global Resource Used ; Global Line Name ;
+-------------------------------+-------------+---------+---------------+--------+----------------------+------------------+
; Equal4~1                      ; LC_X7_Y3_N6 ; 3       ; Clock enable  ; no     ; --                   ; --               ;
; M68K_BGACK_n                  ; PIN_70      ; 3       ; Output enable ; no     ; --                   ; --               ;
; PI_CLK                        ; PIN_12      ; 54      ; Clock         ; yes    ; Global Clock         ; GCLK0            ;
; PI_D~32                       ; LC_X3_Y1_N9 ; 16      ; Output enable ; no     ; --                   ; --               ;
; PI_TXN_IN_PROGRESS_delay[2]~0 ; LC_X7_Y2_N4 ; 2       ; Clock enable  ; no     ; --                   ; --               ;
; WideOr1~0                     ; LC_X6_Y3_N4 ; 2       ; Clock enable  ; no     ; --                   ; --               ;
; always1~0                     ; LC_X3_Y1_N2 ; 3       ; Clock enable  ; no     ; --                   ; --               ;
; c7m_falling~0                 ; LC_X4_Y2_N0 ; 15      ; Clock enable  ; no     ; --                   ; --               ;
; op_req~0                      ; LC_X5_Y3_N9 ; 6       ; Clock enable  ; no     ; --                   ; --               ;
; state.011                     ; LC_X4_Y2_N8 ; 7       ; Sync. clear   ; no     ; --                   ; --               ;
+-------------------------------+-------------+---------+---------------+--------+----------------------+------------------+


+-----------------------------------------------------------------------+
; Global & Other Fast Signals                                           ;
+--------+----------+---------+----------------------+------------------+
; Name   ; Location ; Fan-Out ; Global Resource Used ; Global Line Name ;
+--------+----------+---------+----------------------+------------------+
; PI_CLK ; PIN_12   ; 54      ; Global Clock         ; GCLK0            ;
+--------+----------+---------+----------------------+------------------+


+--------------------------------------------+
; Routing Usage Summary                      ;
+-----------------------+--------------------+
; Routing Resource Type ; Usage              ;
+-----------------------+--------------------+
; C4s                   ; 63 / 784 ( 8 % )   ;
; Direct links          ; 22 / 888 ( 2 % )   ;
; Global clocks         ; 1 / 4 ( 25 % )     ;
; LAB clocks            ; 5 / 32 ( 16 % )    ;
; LUT chains            ; 8 / 216 ( 4 % )    ;
; Local interconnects   ; 130 / 888 ( 15 % ) ;
; R4s                   ; 76 / 704 ( 11 % )  ;
+-----------------------+--------------------+


+---------------------------------------------------------------------------+
; LAB Logic Elements                                                        ;
+--------------------------------------------+------------------------------+
; Number of Logic Elements  (Average = 8.00) ; Number of LABs  (Total = 10) ;
+--------------------------------------------+------------------------------+
; 1                                          ; 1                            ;
; 2                                          ; 0                            ;
; 3                                          ; 0                            ;
; 4                                          ; 1                            ;
; 5                                          ; 0                            ;
; 6                                          ; 0                            ;
; 7                                          ; 1                            ;
; 8                                          ; 0                            ;
; 9                                          ; 2                            ;
; 10                                         ; 5                            ;
+--------------------------------------------+------------------------------+


+-------------------------------------------------------------------+
; LAB-wide Signals                                                  ;
+------------------------------------+------------------------------+
; LAB-wide Signals  (Average = 1.40) ; Number of LABs  (Total = 10) ;
+------------------------------------+------------------------------+
; 1 Clock                            ; 9                            ;
; 1 Clock enable                     ; 4                            ;
; 1 Sync. clear                      ; 1                            ;
+------------------------------------+------------------------------+


+----------------------------------------------------------------------------+
; LAB Signals Sourced                                                        ;
+---------------------------------------------+------------------------------+
; Number of Signals Sourced  (Average = 8.60) ; Number of LABs  (Total = 10) ;
+---------------------------------------------+------------------------------+
; 0                                           ; 0                            ;
; 1                                           ; 1                            ;
; 2                                           ; 0                            ;
; 3                                           ; 0                            ;
; 4                                           ; 1                            ;
; 5                                           ; 0                            ;
; 6                                           ; 0                            ;
; 7                                           ; 1                            ;
; 8                                           ; 0                            ;
; 9                                           ; 0                            ;
; 10                                          ; 4                            ;
; 11                                          ; 2                            ;
; 12                                          ; 1                            ;
+---------------------------------------------+------------------------------+


+--------------------------------------------------------------------------------+
; LAB Signals Sourced Out                                                        ;
+-------------------------------------------------+------------------------------+
; Number of Signals Sourced Out  (Average = 5.90) ; Number of LABs  (Total = 10) ;
+-------------------------------------------------+------------------------------+
; 0                                               ; 0                            ;
; 1                                               ; 1                            ;
; 2                                               ; 0                            ;
; 3                                               ; 1                            ;
; 4                                               ; 3                            ;
; 5                                               ; 0                            ;
; 6                                               ; 1                            ;
; 7                                               ; 0                            ;
; 8                                               ; 2                            ;
; 9                                               ; 1                            ;
; 10                                              ; 0                            ;
; 11                                              ; 0                            ;
; 12                                              ; 1                            ;
+-------------------------------------------------+------------------------------+


+----------------------------------------------------------------------------+
; LAB Distinct Inputs                                                        ;
+---------------------------------------------+------------------------------+
; Number of Distinct Inputs  (Average = 8.70) ; Number of LABs  (Total = 10) ;
+---------------------------------------------+------------------------------+
; 0                                           ; 0                            ;
; 1                                           ; 0                            ;
; 2                                           ; 0                            ;
; 3                                           ; 1                            ;
; 4                                           ; 0                            ;
; 5                                           ; 1                            ;
; 6                                           ; 0                            ;
; 7                                           ; 2                            ;
; 8                                           ; 3                            ;
; 9                                           ; 1                            ;
; 10                                          ; 0                            ;
; 11                                          ; 0                            ;
; 12                                          ; 0                            ;
; 13                                          ; 1                            ;
; 14                                          ; 0                            ;
; 15                                          ; 0                            ;
; 16                                          ; 0                            ;
; 17                                          ; 0                            ;
; 18                                          ; 0                            ;
; 19                                          ; 1                            ;
+---------------------------------------------+------------------------------+


+--------------------------------------------------------------------------------------+
; Fitter Device Options                                                                ;
+----------------------------------------------+---------------------------------------+
; Option                                       ; Setting                               ;
+----------------------------------------------+---------------------------------------+
; Enable user-supplied start-up clock (CLKUSR) ; Off                                   ;
; Enable device-wide reset (DEV_CLRn)          ; Off                                   ;
; Enable device-wide output enable (DEV_OE)    ; Off                                   ;
; Enable INIT_DONE output                      ; Off                                   ;
; Configuration scheme                         ; Passive Serial                        ;
; Reserve all unused pins                      ; As input tri-stated with weak pull-up ;
+----------------------------------------------+---------------------------------------+


+-----------------+
; Fitter Messages ;
+-----------------+
Info (20030): Parallel compilation is enabled and will use 16 of the 24 processors detected
Info (119006): Selected device EPM240T100C5 for design "pistorm_fc"
Info (21077): Low junction temperature is 0 degrees C
Info (21077): High junction temperature is 85 degrees C
Info (171003): Fitter is performing an Auto Fit compilation, which may decrease Fitter effort to reduce compilation time
Warning (292013): Feature LogicLock is only available with a valid subscription license. You can purchase a software subscription to gain full access to this feature.
Info (176444): Device migration not selected. If you intend to use device migration later, you may need to change the pin assignments as they may be incompatible with other devices
    Info (176445): Device EPM240T100I5 is compatible
    Info (176445): Device EPM240T100A5 is compatible
    Info (176445): Device EPM570T100C5 is compatible
    Info (176445): Device EPM570T100I5 is compatible
    Info (176445): Device EPM570T100A5 is compatible
Info (332104): Reading SDC File: 'pistorm_fc.sdc'
Info (332129): Detected timing requirements -- optimizing circuit to achieve only the specified requirements
Info (332111): Found 4 clocks
    Info (332111):   Period   Clock Name
    Info (332111): ======== ============
    Info (332111):  282.000      M68K_C1
    Info (332111):  282.000      M68K_C3
    Info (332111):  141.000     M68K_CLK
    Info (332111):    5.000       PI_CLK
Info (186079): Completed User Assigned Global Signals Promotion Operation
Info (186215): Automatically promoted signal "PI_CLK" to use Global clock in PIN 12 File: /home/smalley/pistorm64/rtl.fc/pistorm_fc.v Line: 10
Info (186079): Completed Auto Global Promotion Operation
Info (176234): Starting register packing
Info (186468): Started processing fast register assignments
Info (186469): Finished processing fast register assignments
Info (176235): Finished register packing
Info (171121): Fitter preparation operations ending: elapsed time is 00:00:00
Info (14896): Fitter has disabled Advanced Physical Optimization because it is not supported for the current family.
Info (170189): Fitter placement preparation operations beginning
Info (170190): Fitter placement preparation operations ending: elapsed time is 00:00:00
Info (170191): Fitter placement operations beginning
Info (170137): Fitter placement was successful
Info (170192): Fitter placement operations ending: elapsed time is 00:00:00
Info (170193): Fitter routing operations beginning
Info (170195): Router estimated average interconnect usage is 9% of the available device resources
    Info (170196): Router estimated peak interconnect usage is 9% of the available device resources in the region that extends from location X0_Y0 to location X8_Y5
Info (170199): The Fitter performed an Auto Fit compilation.  Optimizations were skipped to reduce compilation time.
    Info (170201): Optimizations that may affect the design's routability were skipped
Info (170194): Fitter routing operations ending: elapsed time is 00:00:00
Info (11888): Total time spent on timing analysis during the Fitter is 0.04 seconds.
Info (11218): Fitter post-fit operations ending: elapsed time is 00:00:00
Info: Quartus Prime Fitter was successful. 0 errors, 1 warning
    Info: Peak virtual memory: 1665 megabytes
    Info: Processing ended: Fri Feb  6 02:54:53 2026
    Info: Elapsed time: 00:00:00
    Info: Total CPU time (on all processors): 00:00:01


