Flow report for pistorm_fc
Fri Feb  6 02:58:55 2026
Quartus Prime Version 25.1std.0 Build 1129 10/21/2025 SC Lite Edition


---------------------
; Table of Contents ;
---------------------
  1. Legal Notice
  2. Flow Summary
  3. Flow Settings
  4. Flow Non-Default Global Settings
  5. Flow Elapsed Time
  6. Flow OS Summary
  7. Flow Log
  8. Flow Messages
  9. Flow Suppressed Messages



----------------
; Legal Notice ;
----------------
Copyright (C) 2025  Altera Corporation. All rights reserved.
Your use of Altera Corporation's design tools, logic functions 
and other software and tools, and any partner logic 
functions, and any output files from any of the foregoing 
(including device programming or simulation files), and any 
associated documentation or information are expressly subject 
to the terms and conditions of the Altera Program License 
Subscription Agreement, the Altera Quartus Prime License Agreement,
the Altera IP License Agreement, or other applicable license
agreement, including, without limitation, that your use is for
the sole purpose of programming logic devices manufactured by
Altera and sold by Altera or its authorized distributors.  Please
refer to the Altera Software License Subscription Agreements 
on the Quartus Prime software download page.



+-------------------------------------------------------------------------+
; Flow Summary                                                            ;
+-----------------------+-------------------------------------------------+
; Flow Status           ; Successful - Fri Feb  6 02:58:53 2026           ;
; Quartus Prime Version ; 25.1std.0 Build 1129 10/21/2025 SC Lite Edition ;
; Revision Name         ; pistorm_fc                                      ;
; Top-level Entity Name ; pistorm                                         ;
; Family                ; MAX II                                          ;
; Device                ; EPM240T100C5                                    ;
; Timing Models         ; Final                                           ;
; Total logic elements  ; 80 / 240 ( 33 % )                               ;
; Total pins            ; 59 / 80 ( 74 % )                                ;
; Total virtual pins    ; 0                                               ;
; UFM blocks            ; 0 / 1 ( 0 % )                                   ;
+-----------------------+-------------------------------------------------+


+-----------------------------------------+
; Flow Settings                           ;
+-------------------+---------------------+
; Option            ; Setting             ;
+-------------------+---------------------+
; Start date & time ; 02/06/2026 02:58:48 ;
; Main task         ; Compilation         ;
; Revision Name     ; pistorm_fc          ;
+-------------------+---------------------+


+-------------------------------------------------------------------------------------------------------------------+
; Flow Non-Default Global Settings                                                                                  ;
+---------------------------------------+--------------------------------+---------------+-------------+------------+
; Assignment Name                       ; Value                          ; Default Value ; Entity Name ; Section Id ;
+---------------------------------------+--------------------------------+---------------+-------------+------------+
; COMPILER_SIGNATURE_ID                 ; 48599035290328.177034672810685 ; --            ; --          ; --         ;
; MAX_CORE_JUNCTION_TEMP                ; 85                             ; --            ; --          ; --         ;
; MIN_CORE_JUNCTION_TEMP                ; 0                              ; --            ; --          ; --         ;
; NUM_PARALLEL_PROCESSORS               ; All                            ; --            ; --          ; --         ;
; POWER_EXT_SUPPLY_VOLTAGE_TO_REGULATOR ; 3.3V                           ; --            ; --          ; --         ;
; POWER_PRESET_COOLING_SOLUTION         ; No Heat Sink With Still Air    ; --            ; --          ; --         ;
; PROJECT_OUTPUT_DIRECTORY              ; output_files                   ; --            ; --          ; --         ;
; TIMING_ANALYZER_MULTICORNER_ANALYSIS  ; On                             ; Off           ; --          ; --         ;
; TOP_LEVEL_ENTITY                      ; pistorm                        ; pistorm_fc    ; --          ; --         ;
+---------------------------------------+--------------------------------+---------------+-------------+------------+


+--------------------------------------------------------------------------------------------------------------------------+
; Flow Elapsed Time                                                                                                        ;
+----------------------+--------------+-------------------------+---------------------+------------------------------------+
; Module Name          ; Elapsed Time ; Average Processors Used ; Peak Virtual Memory ; Total CPU Time (on all processors) ;
+----------------------+--------------+-------------------------+---------------------+------------------------------------+
; Analysis & Synthesis ; 00:00:03     ; 1.0                     ; 328 MB              ; 00:00:14                           ;
; Fitter               ; 00:00:01     ; 1.0                     ; 1601 MB             ; 00:00:01                           ;
; Assembler            ; 00:00:00     ; 1.0                     ; 322 MB              ; 00:00:00                           ;
; Timing Analyzer      ; 00:00:01     ; 1.0                     ; 336 MB              ; 00:00:00                           ;
; Total                ; 00:00:05     ; --                      ; --                  ; 00:00:15                           ;
+----------------------+--------------+-------------------------+---------------------+------------------------------------+


+------------------------------------------------------------------------------------+
; Flow OS Summary                                                                    ;
+----------------------+------------------+------------+------------+----------------+
; Module Name          ; Machine Hostname ; OS Name    ; OS Version ; Processor type ;
+----------------------+------------------+------------+------------+----------------+
; Analysis & Synthesis ; homer            ; Arch Linux ; Arch Linux ; x86_64         ;
; Fitter               ; homer            ; Arch Linux ; Arch Linux ; x86_64         ;
; Assembler            ; homer            ; Arch Linux ; Arch Linux ; x86_64         ;
; Timing Analyzer      ; homer            ; Arch Linux ; Arch Linux ; x86_64         ;
+----------------------+------------------+------------+------------+----------------+


------------
; Flow Log ;
------------
quartus_map --read_settings_files=on --write_settings_files=off pistorm_fc -c pistorm_fc
quartus_fit --read_settings_files=off --write_settings_files=off pistorm_fc -c pistorm_fc
quartus_asm --read_settings_files=off --write_settings_files=off pistorm_fc -c pistorm_fc
quartus_sta pistorm_fc -c pistorm_fc



