------------------------------------------------------------
Timing Analyzer Summary
------------------------------------------------------------

Type  : Slow Model Setup 'PI_CLK'
Slack : -0.915
TNS   : -0.915

Type  : Slow Model Hold 'PI_CLK'
Slack : 1.211
TNS   : 0.000

Type  : Slow Model Minimum Pulse Width 'PI_CLK'
Slack : 4.734
TNS   : 0.000

Type  : Slow Model Minimum Pulse Width 'M68K_CLK'
Slack : 137.711
TNS   : 0.000

Type  : Slow Model Minimum Pulse Width 'M68K_C1'
Slack : 278.711
TNS   : 0.000

Type  : Slow Model Minimum Pulse Width 'M68K_C3'
Slack : 278.711
TNS   : 0.000

Type  : Fast Model Setup 'PI_CLK'
Slack : 0.129
TNS   : 0.000

Type  : Fast Model Hold 'PI_CLK'
Slack : 0.317
TNS   : 0.000

Type  : Fast Model Minimum Pulse Width 'PI_CLK'
Slack : 4.907
TNS   : 0.000

Type  : Fast Model Minimum Pulse Width 'M68K_CLK'
Slack : 137.711
TNS   : 0.000

Type  : Fast Model Minimum Pulse Width 'M68K_C1'
Slack : 278.711
TNS   : 0.000

Type  : Fast Model Minimum Pulse Width 'M68K_C3'
Slack : 278.711
TNS   : 0.000

------------------------------------------------------------
